Component: ARM Compiler 5.06 update 7 (build 960) Tool: armlink [4d3601]

==============================================================================

Section Cross References

    system_stm32f10x.o(.text) refers to system_stm32f10x.o(.data) for SystemCoreClock
    startup_stm32f10x_md.o(RESET) refers to startup_stm32f10x_md.o(STACK) for __initial_sp
    startup_stm32f10x_md.o(RESET) refers to startup_stm32f10x_md.o(.text) for Reset_Handler
    startup_stm32f10x_md.o(RESET) refers to stm32f10x_it.o(.text) for NMI_Handler
    startup_stm32f10x_md.o(RESET) refers to user_asm.o(.text) for SVC_Handler
    startup_stm32f10x_md.o(RESET) refers to os_cpu_a.o(.text) for OS_CPU_PendSVHandler
    startup_stm32f10x_md.o(.text) refers to system_stm32f10x.o(.text) for SystemInit
    startup_stm32f10x_md.o(.text) refers to entry.o(.ARM.Collect$$$$00000000) for __main
    main.o(.text) refers to os_sem.o(.text) for OSSemPend
    main.o(.text) refers to memcpya.o(.text) for __aeabi_memcpy4
    main.o(.text) refers to user_c.o(.text) for print_str
    main.o(.text) refers to os_time.o(.text) for OSTimeDly
    main.o(.text) refers to rand.o(.text) for rand
    main.o(.text) refers to os_core.o(.text) for OSInit
    main.o(.text) refers to os_task.o(.text) for OSTaskCreate
    main.o(.text) refers to main.o(.data) for mutex
    main.o(.text) refers to main.o(.constdata) for .constdata
    main.o(.text) refers to main.o(.bss) for reader_stk
    stm32f10x_it.o(.text) refers to user_c.o(.text) for print_str
    stm32f10x_it.o(.text) refers to os_core.o(.text) for OSIntEnter
    user_asm.o(.text) refers to user_c.o(.text) for print_str
    user_asm.o(.text) refers to os_cpu_a.o(.text) for OSStartHighRdy_super
    user_asm.o(.text) refers to os_time.o(.text) for OSTimeDly
    user_asm.o(.text) refers to os_task.o(.text) for OSTaskCreate
    user_c.o(.text) refers to stm32f10x_rcc.o(.text) for RCC_GetClocksFreq
    stm32f10x_rcc.o(.text) refers to stm32f10x_rcc.o(.data) for APBAHBPrescTable
    stm32f10x_gpio.o(.text) refers to stm32f10x_rcc.o(.text) for RCC_APB2PeriphResetCmd
    os_cpu_a.o(.text) refers to os_core.o(.data) for OSRunning
    os_cpu_a.o(.text) refers to os_cpu_c.o(.text) for OSTaskSwHook
    os_core.o(.text) refers to os_cpu_a.o(.text) for OS_CPU_SR_Save
    os_core.o(.text) refers to os_cpu_c.o(.text) for OSTaskIdleHook
    os_core.o(.text) refers to os_task.o(.text) for OSTaskCreateExt
    os_core.o(.text) refers to os_flag.o(.text) for OS_FlagInit
    os_core.o(.text) refers to os_mem.o(.text) for OS_MemInit
    os_core.o(.text) refers to os_core.o(.data) for OSIntNesting
    os_core.o(.text) refers to os_core.o(.bss) for OSTaskIdleStk
    os_core.o(.text) refers to os_core.o(.constdata) for OSUnMapTbl
    os_flag.o(.text) refers to os_cpu_a.o(.text) for OS_CPU_SR_Save
    os_flag.o(.text) refers to os_core.o(.text) for OS_Sched
    os_flag.o(.text) refers to os_core.o(.data) for OSIntNesting
    os_flag.o(.text) refers to os_core.o(.bss) for OSFlagTbl
    os_mem.o(.text) refers to os_cpu_a.o(.text) for OS_CPU_SR_Save
    os_mem.o(.text) refers to os_core.o(.text) for OS_StrCopy
    os_mem.o(.text) refers to os_core.o(.data) for OSMemFreeList
    os_mem.o(.text) refers to os_core.o(.bss) for OSMemTbl
    os_sem.o(.text) refers to os_cpu_a.o(.text) for OS_CPU_SR_Save
    os_sem.o(.text) refers to os_core.o(.text) for OS_EventWaitListInit
    os_sem.o(.text) refers to os_core.o(.data) for OSIntNesting
    os_task.o(.text) refers to os_cpu_a.o(.text) for OS_CPU_SR_Save
    os_task.o(.text) refers to os_core.o(.text) for OS_Sched
    os_task.o(.text) refers to os_cpu_c.o(.text) for OSTaskStkInit
    os_task.o(.text) refers to os_flag.o(.text) for OS_FlagUnlink
    os_task.o(.text) refers to os_core.o(.bss) for OSTCBPrioTbl
    os_task.o(.text) refers to os_core.o(.data) for OSTCBCur
    os_time.o(.text) refers to os_cpu_a.o(.text) for OS_CPU_SR_Save
    os_time.o(.text) refers to os_core.o(.text) for OS_Sched
    os_time.o(.text) refers to os_core.o(.data) for OSIntNesting
    entry.o(.ARM.Collect$$$$00000000) refers (Special) to entry10a.o(.ARM.Collect$$$$0000000F) for __rt_final_cpp
    entry.o(.ARM.Collect$$$$00000000) refers (Special) to entry11a.o(.ARM.Collect$$$$00000011) for __rt_final_exit
    entry.o(.ARM.Collect$$$$00000000) refers (Special) to entry12b.o(.ARM.Collect$$$$0000000E) for __rt_lib_shutdown_fini
    entry.o(.ARM.Collect$$$$00000000) refers (Special) to entry7b.o(.ARM.Collect$$$$00000008) for _main_clock
    entry.o(.ARM.Collect$$$$00000000) refers (Special) to entry8b.o(.ARM.Collect$$$$0000000A) for _main_cpp_init
    entry.o(.ARM.Collect$$$$00000000) refers (Special) to entry9a.o(.ARM.Collect$$$$0000000B) for _main_init
    entry.o(.ARM.Collect$$$$00000000) refers (Special) to entry5.o(.ARM.Collect$$$$00000004) for _main_scatterload
    entry.o(.ARM.Collect$$$$00000000) refers (Special) to entry2.o(.ARM.Collect$$$$00000001) for _main_stk
    rand.o(.text) refers to rand.o(.data) for .data
    entry2.o(.ARM.Collect$$$$00000001) refers to entry2.o(.ARM.Collect$$$$00002712) for __lit__00000000
    entry2.o(.ARM.Collect$$$$00002712) refers to startup_stm32f10x_md.o(STACK) for __initial_sp
    entry2.o(__vectab_stack_and_reset_area) refers to startup_stm32f10x_md.o(STACK) for __initial_sp
    entry2.o(__vectab_stack_and_reset_area) refers to entry.o(.ARM.Collect$$$$00000000) for __main
    entry5.o(.ARM.Collect$$$$00000004) refers to init.o(.text) for __scatterload
    entry9a.o(.ARM.Collect$$$$0000000B) refers to main.o(.text) for main
    entry9b.o(.ARM.Collect$$$$0000000C) refers to main.o(.text) for main
    init.o(.text) refers to entry5.o(.ARM.Collect$$$$00000004) for __main_after_scatterload


==============================================================================

Removing Unused input sections from the image.

    Removing system_stm32f10x.o(.rev16_text), (4 bytes).
    Removing system_stm32f10x.o(.revsh_text), (4 bytes).
    Removing startup_stm32f10x_md.o(HEAP), (512 bytes).
    Removing main.o(.rev16_text), (4 bytes).
    Removing main.o(.revsh_text), (4 bytes).
    Removing stm32f10x_it.o(.rev16_text), (4 bytes).
    Removing stm32f10x_it.o(.revsh_text), (4 bytes).
    Removing user_c.o(.rev16_text), (4 bytes).
    Removing user_c.o(.revsh_text), (4 bytes).
    Removing misc.o(.rev16_text), (4 bytes).
    Removing misc.o(.revsh_text), (4 bytes).
    Removing misc.o(.text), (220 bytes).
    Removing stm32f10x_flash.o(.rev16_text), (4 bytes).
    Removing stm32f10x_flash.o(.revsh_text), (4 bytes).
    Removing stm32f10x_flash.o(.text), (1468 bytes).
    Removing stm32f10x_rcc.o(.rev16_text), (4 bytes).
    Removing stm32f10x_rcc.o(.revsh_text), (4 bytes).
    Removing stm32f10x_gpio.o(.rev16_text), (4 bytes).
    Removing stm32f10x_gpio.o(.revsh_text), (4 bytes).
    Removing stm32f10x_gpio.o(.text), (860 bytes).
    Removing stm32f10x_exti.o(.rev16_text), (4 bytes).
    Removing stm32f10x_exti.o(.revsh_text), (4 bytes).
    Removing stm32f10x_exti.o(.text), (284 bytes).
    Removing os_dbg.o(.constdata), (2 bytes).

24 unused section(s) (total 3418 bytes) removed from the image.

==============================================================================

Image Symbol Table

    Local Symbols

    Symbol Name                              Value     Ov Type        Size  Object(Section)

    ../clib/microlib/init/entry.s            0x00000000   Number         0  entry7b.o ABSOLUTE
    ../clib/microlib/init/entry.s            0x00000000   Number         0  entry12b.o ABSOLUTE
    ../clib/microlib/init/entry.s            0x00000000   Number         0  entry12a.o ABSOLUTE
    ../clib/microlib/init/entry.s            0x00000000   Number         0  entry.o ABSOLUTE
    ../clib/microlib/init/entry.s            0x00000000   Number         0  entry11b.o ABSOLUTE
    ../clib/microlib/init/entry.s            0x00000000   Number         0  entry11a.o ABSOLUTE
    ../clib/microlib/init/entry.s            0x00000000   Number         0  entry9a.o ABSOLUTE
    ../clib/microlib/init/entry.s            0x00000000   Number         0  entry8a.o ABSOLUTE
    ../clib/microlib/init/entry.s            0x00000000   Number         0  entry8b.o ABSOLUTE
    ../clib/microlib/init/entry.s            0x00000000   Number         0  entry10b.o ABSOLUTE
    ../clib/microlib/init/entry.s            0x00000000   Number         0  entry9b.o ABSOLUTE
    ../clib/microlib/init/entry.s            0x00000000   Number         0  entry2.o ABSOLUTE
    ../clib/microlib/init/entry.s            0x00000000   Number         0  entry10a.o ABSOLUTE
    ../clib/microlib/init/entry.s            0x00000000   Number         0  entry5.o ABSOLUTE
    ../clib/microlib/init/entry.s            0x00000000   Number         0  entry7a.o ABSOLUTE
    ../clib/microlib/stdlib/rand.c           0x00000000   Number         0  rand.o ABSOLUTE
    ../clib/microlib/string/memcpy.c         0x00000000   Number         0  memcpyb.o ABSOLUTE
    ../clib/microlib/string/memcpy.c         0x00000000   Number         0  memcpya.o ABSOLUTE
    dc.s                                     0x00000000   Number         0  dc.o ABSOLUTE
    handlers.s                               0x00000000   Number         0  handlers.o ABSOLUTE
    init.s                                   0x00000000   Number         0  init.o ABSOLUTE
    main.c                                   0x00000000   Number         0  main.o ABSOLUTE
    main.c                                   0x00000000   Number         0  main.o ABSOLUTE
    src\\misc.c                              0x00000000   Number         0  misc.o ABSOLUTE
    src\\stm32f10x_exti.c                    0x00000000   Number         0  stm32f10x_exti.o ABSOLUTE
    src\\stm32f10x_flash.c                   0x00000000   Number         0  stm32f10x_flash.o ABSOLUTE
    src\\stm32f10x_gpio.c                    0x00000000   Number         0  stm32f10x_gpio.o ABSOLUTE
    src\\stm32f10x_it.c                      0x00000000   Number         0  stm32f10x_it.o ABSOLUTE
    src\\stm32f10x_rcc.c                     0x00000000   Number         0  stm32f10x_rcc.o ABSOLUTE
    src\\system_stm32f10x.c                  0x00000000   Number         0  system_stm32f10x.o ABSOLUTE
    src\misc.c                               0x00000000   Number         0  misc.o ABSOLUTE
    src\stm32f10x_exti.c                     0x00000000   Number         0  stm32f10x_exti.o ABSOLUTE
    src\stm32f10x_flash.c                    0x00000000   Number         0  stm32f10x_flash.o ABSOLUTE
    src\stm32f10x_gpio.c                     0x00000000   Number         0  stm32f10x_gpio.o ABSOLUTE
    src\stm32f10x_it.c                       0x00000000   Number         0  stm32f10x_it.o ABSOLUTE
    src\stm32f10x_rcc.c                      0x00000000   Number         0  stm32f10x_rcc.o ABSOLUTE
    src\system_stm32f10x.c                   0x00000000   Number         0  system_stm32f10x.o ABSOLUTE
    src\ucos_ii\port\os_cpu_a.asm            0x00000000   Number         0  os_cpu_a.o ABSOLUTE
    src\ucos_ii\port\os_cpu_c.c              0x00000000   Number         0  os_cpu_c.o ABSOLUTE
    src\ucos_ii\port\os_dbg.c                0x00000000   Number         0  os_dbg.o ABSOLUTE
    src\ucos_ii\src\os_core.c                0x00000000   Number         0  os_core.o ABSOLUTE
    src\ucos_ii\src\os_flag.c                0x00000000   Number         0  os_flag.o ABSOLUTE
    src\ucos_ii\src\os_mbox.c                0x00000000   Number         0  os_mbox.o ABSOLUTE
    src\ucos_ii\src\os_mem.c                 0x00000000   Number         0  os_mem.o ABSOLUTE
    src\ucos_ii\src\os_mutex.c               0x00000000   Number         0  os_mutex.o ABSOLUTE
    src\ucos_ii\src\os_q.c                   0x00000000   Number         0  os_q.o ABSOLUTE
    src\ucos_ii\src\os_sem.c                 0x00000000   Number         0  os_sem.o ABSOLUTE
    src\ucos_ii\src\os_task.c                0x00000000   Number         0  os_task.o ABSOLUTE
    src\ucos_ii\src\os_time.c                0x00000000   Number         0  os_time.o ABSOLUTE
    src\ucos_ii\src\os_tmr.c                 0x00000000   Number         0  os_tmr.o ABSOLUTE
    startup_stm32f10x_md.s                   0x00000000   Number         0  startup_stm32f10x_md.o ABSOLUTE
    user_asm.s                               0x00000000   Number         0  user_asm.o ABSOLUTE
    user_c.c                                 0x00000000   Number         0  user_c.o ABSOLUTE
    user_c.c                                 0x00000000   Number         0  user_c.o ABSOLUTE
    RESET                                    0x08000000   Section      236  startup_stm32f10x_md.o(RESET)
    .ARM.Collect$$$$00000000                 0x080000ec   Section        0  entry.o(.ARM.Collect$$$$00000000)
    .ARM.Collect$$$$00000001                 0x080000ec   Section        4  entry2.o(.ARM.Collect$$$$00000001)
    .ARM.Collect$$$$00000004                 0x080000f0   Section        4  entry5.o(.ARM.Collect$$$$00000004)
    .ARM.Collect$$$$00000008                 0x080000f4   Section        0  entry7b.o(.ARM.Collect$$$$00000008)
    .ARM.Collect$$$$0000000A                 0x080000f4   Section        0  entry8b.o(.ARM.Collect$$$$0000000A)
    .ARM.Collect$$$$0000000B                 0x080000f4   Section        8  entry9a.o(.ARM.Collect$$$$0000000B)
    .ARM.Collect$$$$0000000E                 0x080000fc   Section        4  entry12b.o(.ARM.Collect$$$$0000000E)
    .ARM.Collect$$$$0000000F                 0x08000100   Section        0  entry10a.o(.ARM.Collect$$$$0000000F)
    .ARM.Collect$$$$00000011                 0x08000100   Section        0  entry11a.o(.ARM.Collect$$$$00000011)
    .ARM.Collect$$$$00002712                 0x08000100   Section        4  entry2.o(.ARM.Collect$$$$00002712)
    __lit__00000000                          0x08000100   Data           4  entry2.o(.ARM.Collect$$$$00002712)
    .text                                    0x08000104   Section        0  system_stm32f10x.o(.text)
    SetSysClockTo72                          0x08000105   Thumb Code   214  system_stm32f10x.o(.text)
    SetSysClock                              0x080001db   Thumb Code     8  system_stm32f10x.o(.text)
    .text                                    0x080002e4   Section       36  startup_stm32f10x_md.o(.text)
    .text                                    0x08000308   Section        0  main.o(.text)
    reader                                   0x08000309   Thumb Code   156  main.o(.text)
    writer                                   0x080003a5   Thumb Code    50  main.o(.text)
    .text                                    0x08000478   Section        0  stm32f10x_it.o(.text)
    .text                                    0x080004e4   Section      154  user_asm.o(.text)
    .text                                    0x08000580   Section        0  user_c.o(.text)
    .text                                    0x0800062c   Section        0  stm32f10x_rcc.o(.text)
    .text                                    0x080009d0   Section      176  os_cpu_a.o(.text)
    .text                                    0x08000a80   Section        0  os_cpu_c.o(.text)
    .text                                    0x08000b2c   Section        0  os_core.o(.text)
    OS_InitTaskIdle                          0x08000c59   Thumb Code    52  os_core.o(.text)
    OS_InitEventList                         0x08000c9f   Thumb Code    70  os_core.o(.text)
    OS_InitTCBList                           0x08000ce5   Thumb Code    86  os_core.o(.text)
    OS_InitRdyList                           0x08000d3b   Thumb Code    46  os_core.o(.text)
    OS_InitMisc                              0x08000d69   Thumb Code    28  os_core.o(.text)
    OS_SchedNew                              0x08000dc9   Thumb Code    26  os_core.o(.text)
    .text                                    0x08001248   Section        0  os_flag.o(.text)
    OS_FlagTaskRdy                           0x080013c5   Thumb Code    82  os_flag.o(.text)
    OS_FlagBlock                             0x080015af   Thumb Code   152  os_flag.o(.text)
    .text                                    0x08001a80   Section        0  os_mem.o(.text)
    .text                                    0x08001c7c   Section        0  os_sem.o(.text)
    .text                                    0x08002034   Section        0  os_task.o(.text)
    .text                                    0x080026f4   Section        0  os_time.o(.text)
    .text                                    0x08002764   Section        0  rand.o(.text)
    .text                                    0x08002788   Section        0  memcpya.o(.text)
    .text                                    0x080027ac   Section       36  init.o(.text)
    i.__scatterload_copy                     0x080027d0   Section       14  handlers.o(i.__scatterload_copy)
    i.__scatterload_null                     0x080027de   Section        2  handlers.o(i.__scatterload_null)
    i.__scatterload_zeroinit                 0x080027e0   Section       14  handlers.o(i.__scatterload_zeroinit)
    .constdata                               0x080027f0   Section       20  main.o(.constdata)
    .constdata                               0x08002804   Section      256  os_core.o(.constdata)
    .data                                    0x20000000   Section       20  system_stm32f10x.o(.data)
    .data                                    0x20000014   Section       12  main.o(.data)
    .data                                    0x20000020   Section       20  stm32f10x_rcc.o(.data)
    APBAHBPrescTable                         0x20000020   Data          16  stm32f10x_rcc.o(.data)
    ADCPrescTable                            0x20000030   Data           4  stm32f10x_rcc.o(.data)
    .data                                    0x20000034   Section       48  os_core.o(.data)
    .data                                    0x20000064   Section        4  rand.o(.data)
    _rand_state                              0x20000064   Data           4  rand.o(.data)
    .bss                                     0x20000068   Section     1536  main.o(.bss)
    reader_stk                               0x20000068   Data        1024  main.o(.bss)
    writer_stk                               0x20000468   Data         512  main.o(.bss)
    .bss                                     0x20000668   Section     3044  os_core.o(.bss)
    STACK                                    0x20001250   Section     1024  startup_stm32f10x_md.o(STACK)

    Global Symbols

    Symbol Name                              Value     Ov Type        Size  Object(Section)

    BuildAttributes$$THM_ISAv4$P$D$K$B$S$PE$A:L22UL41UL21$X:L11$S22US41US21$IEEE1$IW$USESV6$~STKCKD$USESV7$~SHL$OSPACE$EBA8$MICROLIB$REQ8$PRES8$EABIv2 0x00000000   Number         0  anon$$obj.o ABSOLUTE
    __ARM_use_no_argv                        0x00000000   Number         0  main.o ABSOLUTE
    __arm_fini_                               - Undefined Weak Reference
    __cpp_initialize__aeabi_                  - Undefined Weak Reference
    __cxa_finalize                            - Undefined Weak Reference
    __decompress                              - Undefined Weak Reference
    _clock_init                               - Undefined Weak Reference
    _microlib_exit                            - Undefined Weak Reference
    __Vectors_Size                           0x000000ec   Number         0  startup_stm32f10x_md.o ABSOLUTE
    __Vectors                                0x08000000   Data           4  startup_stm32f10x_md.o(RESET)
    __Vectors_End                            0x080000ec   Data           0  startup_stm32f10x_md.o(RESET)
    __main                                   0x080000ed   Thumb Code     0  entry.o(.ARM.Collect$$$$00000000)
    _main_stk                                0x080000ed   Thumb Code     0  entry2.o(.ARM.Collect$$$$00000001)
    _main_scatterload                        0x080000f1   Thumb Code     0  entry5.o(.ARM.Collect$$$$00000004)
    __main_after_scatterload                 0x080000f5   Thumb Code     0  entry5.o(.ARM.Collect$$$$00000004)
    _main_clock                              0x080000f5   Thumb Code     0  entry7b.o(.ARM.Collect$$$$00000008)
    _main_cpp_init                           0x080000f5   Thumb Code     0  entry8b.o(.ARM.Collect$$$$0000000A)
    _main_init                               0x080000f5   Thumb Code     0  entry9a.o(.ARM.Collect$$$$0000000B)
    __rt_lib_shutdown_fini                   0x080000fd   Thumb Code     0  entry12b.o(.ARM.Collect$$$$0000000E)
    __rt_final_cpp                           0x08000101   Thumb Code     0  entry10a.o(.ARM.Collect$$$$0000000F)
    __rt_final_exit                          0x08000101   Thumb Code     0  entry11a.o(.ARM.Collect$$$$00000011)
    SystemInit                               0x080001e3   Thumb Code    78  system_stm32f10x.o(.text)
    SystemCoreClockUpdate                    0x08000231   Thumb Code   142  system_stm32f10x.o(.text)
    Reset_Handler                            0x080002e5   Thumb Code     8  startup_stm32f10x_md.o(.text)
    ADC1_2_IRQHandler                        0x080002ff   Thumb Code     0  startup_stm32f10x_md.o(.text)
    CAN1_RX1_IRQHandler                      0x080002ff   Thumb Code     0  startup_stm32f10x_md.o(.text)
    CAN1_SCE_IRQHandler                      0x080002ff   Thumb Code     0  startup_stm32f10x_md.o(.text)
    DMA1_Channel1_IRQHandler                 0x080002ff   Thumb Code     0  startup_stm32f10x_md.o(.text)
    DMA1_Channel2_IRQHandler                 0x080002ff   Thumb Code     0  startup_stm32f10x_md.o(.text)
    DMA1_Channel3_IRQHandler                 0x080002ff   Thumb Code     0  startup_stm32f10x_md.o(.text)
    DMA1_Channel4_IRQHandler                 0x080002ff   Thumb Code     0  startup_stm32f10x_md.o(.text)
    DMA1_Channel5_IRQHandler                 0x080002ff   Thumb Code     0  startup_stm32f10x_md.o(.text)
    DMA1_Channel6_IRQHandler                 0x080002ff   Thumb Code     0  startup_stm32f10x_md.o(.text)
    DMA1_Channel7_IRQHandler                 0x080002ff   Thumb Code     0  startup_stm32f10x_md.o(.text)
    EXTI15_10_IRQHandler                     0x080002ff   Thumb Code     0  startup_stm32f10x_md.o(.text)
    EXTI1_IRQHandler                         0x080002ff   Thumb Code     0  startup_stm32f10x_md.o(.text)
    EXTI2_IRQHandler                         0x080002ff   Thumb Code     0  startup_stm32f10x_md.o(.text)
    EXTI3_IRQHandler                         0x080002ff   Thumb Code     0  startup_stm32f10x_md.o(.text)
    EXTI4_IRQHandler                         0x080002ff   Thumb Code     0  startup_stm32f10x_md.o(.text)
    EXTI9_5_IRQHandler                       0x080002ff   Thumb Code     0  startup_stm32f10x_md.o(.text)
    FLASH_IRQHandler                         0x080002ff   Thumb Code     0  startup_stm32f10x_md.o(.text)
    I2C1_ER_IRQHandler                       0x080002ff   Thumb Code     0  startup_stm32f10x_md.o(.text)
    I2C1_EV_IRQHandler                       0x080002ff   Thumb Code     0  startup_stm32f10x_md.o(.text)
    I2C2_ER_IRQHandler                       0x080002ff   Thumb Code     0  startup_stm32f10x_md.o(.text)
    I2C2_EV_IRQHandler                       0x080002ff   Thumb Code     0  startup_stm32f10x_md.o(.text)
    PVD_IRQHandler                           0x080002ff   Thumb Code     0  startup_stm32f10x_md.o(.text)
    RCC_IRQHandler                           0x080002ff   Thumb Code     0  startup_stm32f10x_md.o(.text)
    RTCAlarm_IRQHandler                      0x080002ff   Thumb Code     0  startup_stm32f10x_md.o(.text)
    RTC_IRQHandler                           0x080002ff   Thumb Code     0  startup_stm32f10x_md.o(.text)
    SPI1_IRQHandler                          0x080002ff   Thumb Code     0  startup_stm32f10x_md.o(.text)
    SPI2_IRQHandler                          0x080002ff   Thumb Code     0  startup_stm32f10x_md.o(.text)
    TAMPER_IRQHandler                        0x080002ff   Thumb Code     0  startup_stm32f10x_md.o(.text)
    TIM1_BRK_IRQHandler                      0x080002ff   Thumb Code     0  startup_stm32f10x_md.o(.text)
    TIM1_CC_IRQHandler                       0x080002ff   Thumb Code     0  startup_stm32f10x_md.o(.text)
    TIM1_TRG_COM_IRQHandler                  0x080002ff   Thumb Code     0  startup_stm32f10x_md.o(.text)
    TIM1_UP_IRQHandler                       0x080002ff   Thumb Code     0  startup_stm32f10x_md.o(.text)
    TIM2_IRQHandler                          0x080002ff   Thumb Code     0  startup_stm32f10x_md.o(.text)
    TIM3_IRQHandler                          0x080002ff   Thumb Code     0  startup_stm32f10x_md.o(.text)
    TIM4_IRQHandler                          0x080002ff   Thumb Code     0  startup_stm32f10x_md.o(.text)
    USART1_IRQHandler                        0x080002ff   Thumb Code     0  startup_stm32f10x_md.o(.text)
    USART2_IRQHandler                        0x080002ff   Thumb Code     0  startup_stm32f10x_md.o(.text)
    USART3_IRQHandler                        0x080002ff   Thumb Code     0  startup_stm32f10x_md.o(.text)
    USBWakeUp_IRQHandler                     0x080002ff   Thumb Code     0  startup_stm32f10x_md.o(.text)
    USB_HP_CAN1_TX_IRQHandler                0x080002ff   Thumb Code     0  startup_stm32f10x_md.o(.text)
    USB_LP_CAN1_RX0_IRQHandler               0x080002ff   Thumb Code     0  startup_stm32f10x_md.o(.text)
    WWDG_IRQHandler                          0x080002ff   Thumb Code     0  startup_stm32f10x_md.o(.text)
    main                                     0x080003d7   Thumb Code   102  main.o(.text)
    NMI_Handler                              0x08000479   Thumb Code     2  stm32f10x_it.o(.text)
    HardFault_Handler                        0x0800047b   Thumb Code    10  stm32f10x_it.o(.text)
    EXTI0_IRQHandler                         0x08000485   Thumb Code    10  stm32f10x_it.o(.text)
    MemManage_Handler                        0x0800048f   Thumb Code     4  stm32f10x_it.o(.text)
    BusFault_Handler                         0x08000493   Thumb Code     4  stm32f10x_it.o(.text)
    UsageFault_Handler                       0x08000497   Thumb Code     4  stm32f10x_it.o(.text)
    DebugMon_Handler                         0x0800049b   Thumb Code     2  stm32f10x_it.o(.text)
    PendSV_Handler                           0x0800049d   Thumb Code     2  stm32f10x_it.o(.text)
    SysTick_Handler                          0x0800049f   Thumb Code    16  stm32f10x_it.o(.text)
    SVC_Handler                              0x080004e5   Thumb Code     0  user_asm.o(.text)
    ASM_Switch_To_Unprivileged               0x08000561   Thumb Code     0  user_asm.o(.text)
    syscall_print_str                        0x0800056f   Thumb Code     0  user_asm.o(.text)
    syscall_systick_init                     0x08000573   Thumb Code     0  user_asm.o(.text)
    syscall_OSTimeDly                        0x08000577   Thumb Code     0  user_asm.o(.text)
    syscall_OSTaskCreate                     0x0800057b   Thumb Code     0  user_asm.o(.text)
    fputcp                                   0x08000581   Thumb Code    40  user_c.o(.text)
    print_str                                0x080005a9   Thumb Code    32  user_c.o(.text)
    systick_init                             0x080005c9   Thumb Code    92  user_c.o(.text)
    RCC_DeInit                               0x0800062d   Thumb Code    64  stm32f10x_rcc.o(.text)
    RCC_HSEConfig                            0x0800066d   Thumb Code    70  stm32f10x_rcc.o(.text)
    RCC_GetFlagStatus                        0x080006b3   Thumb Code    56  stm32f10x_rcc.o(.text)
    RCC_WaitForHSEStartUp                    0x080006eb   Thumb Code    56  stm32f10x_rcc.o(.text)
    RCC_AdjustHSICalibrationValue            0x08000723   Thumb Code    20  stm32f10x_rcc.o(.text)
    RCC_HSICmd                               0x08000737   Thumb Code     6  stm32f10x_rcc.o(.text)
    RCC_PLLConfig                            0x0800073d   Thumb Code    24  stm32f10x_rcc.o(.text)
    RCC_PLLCmd                               0x08000755   Thumb Code     6  stm32f10x_rcc.o(.text)
    RCC_SYSCLKConfig                         0x0800075b   Thumb Code    18  stm32f10x_rcc.o(.text)
    RCC_GetSYSCLKSource                      0x0800076d   Thumb Code    10  stm32f10x_rcc.o(.text)
    RCC_HCLKConfig                           0x08000777   Thumb Code    18  stm32f10x_rcc.o(.text)
    RCC_PCLK1Config                          0x08000789   Thumb Code    18  stm32f10x_rcc.o(.text)
    RCC_PCLK2Config                          0x0800079b   Thumb Code    20  stm32f10x_rcc.o(.text)
    RCC_ITConfig                             0x080007af   Thumb Code    26  stm32f10x_rcc.o(.text)
    RCC_USBCLKConfig                         0x080007c9   Thumb Code     8  stm32f10x_rcc.o(.text)
    RCC_ADCCLKConfig                         0x080007d1   Thumb Code    18  stm32f10x_rcc.o(.text)
    RCC_LSEConfig                            0x080007e3   Thumb Code    50  stm32f10x_rcc.o(.text)
    RCC_LSICmd                               0x08000815   Thumb Code     6  stm32f10x_rcc.o(.text)
    RCC_RTCCLKConfig                         0x0800081b   Thumb Code    12  stm32f10x_rcc.o(.text)
    RCC_RTCCLKCmd                            0x08000827   Thumb Code     8  stm32f10x_rcc.o(.text)
    RCC_GetClocksFreq                        0x0800082f   Thumb Code   192  stm32f10x_rcc.o(.text)
    RCC_AHBPeriphClockCmd                    0x080008ef   Thumb Code    26  stm32f10x_rcc.o(.text)
    RCC_APB2PeriphClockCmd                   0x08000909   Thumb Code    26  stm32f10x_rcc.o(.text)
    RCC_APB1PeriphClockCmd                   0x08000923   Thumb Code    26  stm32f10x_rcc.o(.text)
    RCC_APB2PeriphResetCmd                   0x0800093d   Thumb Code    26  stm32f10x_rcc.o(.text)
    RCC_APB1PeriphResetCmd                   0x08000957   Thumb Code    26  stm32f10x_rcc.o(.text)
    RCC_BackupResetCmd                       0x08000971   Thumb Code     8  stm32f10x_rcc.o(.text)
    RCC_ClockSecuritySystemCmd               0x08000979   Thumb Code     6  stm32f10x_rcc.o(.text)
    RCC_MCOConfig                            0x0800097f   Thumb Code     6  stm32f10x_rcc.o(.text)
    RCC_ClearFlag                            0x08000985   Thumb Code    14  stm32f10x_rcc.o(.text)
    RCC_GetITStatus                          0x08000993   Thumb Code    20  stm32f10x_rcc.o(.text)
    RCC_ClearITPendingBit                    0x080009a7   Thumb Code     6  stm32f10x_rcc.o(.text)
    OS_CPU_SR_Save                           0x080009d1   Thumb Code     0  os_cpu_a.o(.text)
    OS_CPU_SR_Restore                        0x080009d9   Thumb Code     0  os_cpu_a.o(.text)
    OSStartHighRdy                           0x080009df   Thumb Code     0  os_cpu_a.o(.text)
    OSStartHighRdy_super                     0x080009e3   Thumb Code     0  os_cpu_a.o(.text)
    OSCtxSw                                  0x08000a07   Thumb Code     0  os_cpu_a.o(.text)
    OSIntCtxSw                               0x08000a15   Thumb Code     0  os_cpu_a.o(.text)
    OS_CPU_PendSVHandler                     0x08000a1f   Thumb Code     0  os_cpu_a.o(.text)
    OSInitHookBegin                          0x08000a81   Thumb Code     2  os_cpu_c.o(.text)
    OSInitHookEnd                            0x08000a83   Thumb Code     2  os_cpu_c.o(.text)
    OSTaskCreateHook                         0x08000a85   Thumb Code     2  os_cpu_c.o(.text)
    OSTaskDelHook                            0x08000a87   Thumb Code     2  os_cpu_c.o(.text)
    OSTaskIdleHook                           0x08000a89   Thumb Code     2  os_cpu_c.o(.text)
    OSTaskStatHook                           0x08000a8b   Thumb Code     2  os_cpu_c.o(.text)
    OSTaskStkInit                            0x08000a8d   Thumb Code   154  os_cpu_c.o(.text)
    OSTaskSwHook                             0x08000b27   Thumb Code     2  os_cpu_c.o(.text)
    OSTCBInitHook                            0x08000b29   Thumb Code     2  os_cpu_c.o(.text)
    OS_StrCopy                               0x08000b2d   Thumb Code    28  os_core.o(.text)
    OSEventNameGet                           0x08000b49   Thumb Code   100  os_core.o(.text)
    OS_StrLen                                0x08000bad   Thumb Code    20  os_core.o(.text)
    OSEventNameSet                           0x08000bc1   Thumb Code   120  os_core.o(.text)
    OS_TaskIdle                              0x08000c39   Thumb Code    32  os_core.o(.text)
    OS_MemClr                                0x08000c8d   Thumb Code    18  os_core.o(.text)
    OSInit                                   0x08000d85   Thumb Code    40  os_core.o(.text)
    OSIntEnter                               0x08000dad   Thumb Code    28  os_core.o(.text)
    OSIntExit                                0x08000de3   Thumb Code   112  os_core.o(.text)
    OSStart                                  0x08000e53   Thumb Code    54  os_core.o(.text)
    OSTimeTick                               0x08000e89   Thumb Code   132  os_core.o(.text)
    OSVersion                                0x08000f0d   Thumb Code     6  os_core.o(.text)
    OS_Dummy                                 0x08000f13   Thumb Code     2  os_core.o(.text)
    OS_EventTaskRemove                       0x08000f15   Thumb Code   144  os_core.o(.text)
    OS_EventTaskRdy                          0x08000fa5   Thumb Code   114  os_core.o(.text)
    OS_EventTaskWait                         0x08001017   Thumb Code   112  os_core.o(.text)
    OS_EventWaitListInit                     0x08001087   Thumb Code    28  os_core.o(.text)
    OS_MemCopy                               0x080010a3   Thumb Code    20  os_core.o(.text)
    OS_Sched                                 0x080010b7   Thumb Code    86  os_core.o(.text)
    OS_TCBInit                               0x0800110d   Thumb Code   258  os_core.o(.text)
    OSFlagAccept                             0x08001249   Thumb Code   252  os_flag.o(.text)
    OSFlagCreate                             0x08001345   Thumb Code    92  os_flag.o(.text)
    OS_FlagUnlink                            0x080013a1   Thumb Code    36  os_flag.o(.text)
    OSFlagDel                                0x08001417   Thumb Code   224  os_flag.o(.text)
    OSFlagNameGet                            0x080014f7   Thumb Code    82  os_flag.o(.text)
    OSFlagNameSet                            0x08001549   Thumb Code   102  os_flag.o(.text)
    OSFlagPend                               0x08001647   Thumb Code   616  os_flag.o(.text)
    OSFlagPendGetFlagsRdy                    0x080018af   Thumb Code    26  os_flag.o(.text)
    OSFlagPost                               0x080018c9   Thumb Code   312  os_flag.o(.text)
    OSFlagQuery                              0x08001a01   Thumb Code    48  os_flag.o(.text)
    OS_FlagInit                              0x08001a31   Thumb Code    68  os_flag.o(.text)
    OSMemCreate                              0x08001a81   Thumb Code   114  os_mem.o(.text)
    OSMemGet                                 0x08001af3   Thumb Code    62  os_mem.o(.text)
    OSMemNameGet                             0x08001b31   Thumb Code    62  os_mem.o(.text)
    OSMemNameSet                             0x08001b6f   Thumb Code    84  os_mem.o(.text)
    OSMemPut                                 0x08001bc3   Thumb Code    54  os_mem.o(.text)
    OSMemQuery                               0x08001bf9   Thumb Code    52  os_mem.o(.text)
    OS_MemInit                               0x08001c2d   Thumb Code    68  os_mem.o(.text)
    OSSemAccept                              0x08001c7d   Thumb Code    44  os_sem.o(.text)
    OSSemCreate                              0x08001ca9   Thumb Code    78  os_sem.o(.text)
    OSSemDel                                 0x08001cf7   Thumb Code   220  os_sem.o(.text)
    OSSemPend                                0x08001dd3   Thumb Code   228  os_sem.o(.text)
    OSSemPendAbort                           0x08001eb7   Thumb Code   128  os_sem.o(.text)
    OSSemPost                                0x08001f37   Thumb Code    88  os_sem.o(.text)
    OSSemQuery                               0x08001f8f   Thumb Code    82  os_sem.o(.text)
    OSSemSet                                 0x08001fe1   Thumb Code    68  os_sem.o(.text)
    OSTaskChangePrio                         0x08002035   Thumb Code   308  os_task.o(.text)
    OSTaskCreate                             0x08002169   Thumb Code   150  os_task.o(.text)
    OSTaskCreateExt                          0x080021ff   Thumb Code   162  os_task.o(.text)
    OSTaskDel                                0x080022a1   Thumb Code   306  os_task.o(.text)
    OSTaskDelReq                             0x080023d3   Thumb Code   142  os_task.o(.text)
    OSTaskNameGet                            0x08002461   Thumb Code   116  os_task.o(.text)
    OSTaskNameSet                            0x080024d5   Thumb Code   132  os_task.o(.text)
    OSTaskResume                             0x08002559   Thumb Code   154  os_task.o(.text)
    OSTaskSuspend                            0x080025f3   Thumb Code   152  os_task.o(.text)
    OSTaskQuery                              0x0800268b   Thumb Code    82  os_task.o(.text)
    OSTimeDly                                0x080026f5   Thumb Code    96  os_time.o(.text)
    rand                                     0x08002765   Thumb Code    20  rand.o(.text)
    srand                                    0x08002779   Thumb Code     6  rand.o(.text)
    __aeabi_memcpy                           0x08002789   Thumb Code    36  memcpya.o(.text)
    __aeabi_memcpy4                          0x08002789   Thumb Code     0  memcpya.o(.text)
    __aeabi_memcpy8                          0x08002789   Thumb Code     0  memcpya.o(.text)
    __scatterload                            0x080027ad   Thumb Code    28  init.o(.text)
    __scatterload_rt2                        0x080027ad   Thumb Code     0  init.o(.text)
    __scatterload_copy                       0x080027d1   Thumb Code    14  handlers.o(i.__scatterload_copy)
    __scatterload_null                       0x080027df   Thumb Code     2  handlers.o(i.__scatterload_null)
    __scatterload_zeroinit                   0x080027e1   Thumb Code    14  handlers.o(i.__scatterload_zeroinit)
    OSUnMapTbl                               0x08002804   Data         256  os_core.o(.constdata)
    Region$$Table$$Base                      0x08002904   Number         0  anon$$obj.o(Region$$Table)
    Region$$Table$$Limit                     0x08002924   Number         0  anon$$obj.o(Region$$Table)
    SystemCoreClock                          0x20000000   Data           4  system_stm32f10x.o(.data)
    AHBPrescTable                            0x20000004   Data          16  system_stm32f10x.o(.data)
    mutex                                    0x20000014   Data           4  main.o(.data)
    db                                       0x20000018   Data           4  main.o(.data)
    RC                                       0x2000001c   Data           4  main.o(.data)
    OSCtxSwCtr                               0x20000034   Data           4  os_core.o(.data)
    OSEventFreeList                          0x20000038   Data           4  os_core.o(.data)
    OSFlagFreeList                           0x2000003c   Data           4  os_core.o(.data)
    OSIntNesting                             0x20000040   Data           1  os_core.o(.data)
    OSLockNesting                            0x20000041   Data           1  os_core.o(.data)
    OSPrioCur                                0x20000042   Data           1  os_core.o(.data)
    OSPrioHighRdy                            0x20000043   Data           1  os_core.o(.data)
    OSRdyGrp                                 0x20000044   Data           1  os_core.o(.data)
    OSRdyTbl                                 0x20000045   Data           4  os_core.o(.data)
    OSRunning                                0x20000049   Data           1  os_core.o(.data)
    OSTaskCtr                                0x2000004a   Data           1  os_core.o(.data)
    OSIdleCtr                                0x2000004c   Data           4  os_core.o(.data)
    OSTCBCur                                 0x20000050   Data           4  os_core.o(.data)
    OSTCBFreeList                            0x20000054   Data           4  os_core.o(.data)
    OSTCBHighRdy                             0x20000058   Data           4  os_core.o(.data)
    OSTCBList                                0x2000005c   Data           4  os_core.o(.data)
    OSMemFreeList                            0x20000060   Data           4  os_core.o(.data)
    OSEventTbl                               0x20000668   Data         320  os_core.o(.bss)
    OSFlagTbl                                0x200007a8   Data         140  os_core.o(.bss)
    OSTaskIdleStk                            0x20000834   Data         512  os_core.o(.bss)
    OSTCBPrioTbl                             0x20000a34   Data         128  os_core.o(.bss)
    OSTCBTbl                                 0x20000ab4   Data        1764  os_core.o(.bss)
    OSMemTbl                                 0x20001198   Data         180  os_core.o(.bss)
    __initial_sp                             0x20001650   Data           0  startup_stm32f10x_md.o(STACK)



==============================================================================

Memory Map of the image

  Image Entry point : 0x080000ed

  Load Region LR_IROM1 (Base: 0x08000000, Size: 0x0000298c, Max: 0x00020000, ABSOLUTE)

    Execution Region ER_IROM1 (Exec base: 0x08000000, Load base: 0x08000000, Size: 0x00002924, Max: 0x00020000, ABSOLUTE)

    Exec Addr    Load Addr    Size         Type   Attr      Idx    E Section Name        Object

    0x08000000   0x08000000   0x000000ec   Data   RO           69    RESET               startup_stm32f10x_md.o
    0x080000ec   0x080000ec   0x00000000   Code   RO          426  * .ARM.Collect$$$$00000000  mc_w.l(entry.o)
    0x080000ec   0x080000ec   0x00000004   Code   RO          436    .ARM.Collect$$$$00000001  mc_w.l(entry2.o)
    0x080000f0   0x080000f0   0x00000004   Code   RO          439    .ARM.Collect$$$$00000004  mc_w.l(entry5.o)
    0x080000f4   0x080000f4   0x00000000   Code   RO          441    .ARM.Collect$$$$00000008  mc_w.l(entry7b.o)
    0x080000f4   0x080000f4   0x00000000   Code   RO          443    .ARM.Collect$$$$0000000A  mc_w.l(entry8b.o)
    0x080000f4   0x080000f4   0x00000008   Code   RO          444    .ARM.Collect$$$$0000000B  mc_w.l(entry9a.o)
    0x080000fc   0x080000fc   0x00000004   Code   RO          451    .ARM.Collect$$$$0000000E  mc_w.l(entry12b.o)
    0x08000100   0x08000100   0x00000000   Code   RO          446    .ARM.Collect$$$$0000000F  mc_w.l(entry10a.o)
    0x08000100   0x08000100   0x00000000   Code   RO          448    .ARM.Collect$$$$00000011  mc_w.l(entry11a.o)
    0x08000100   0x08000100   0x00000004   Code   RO          437    .ARM.Collect$$$$00002712  mc_w.l(entry2.o)
    0x08000104   0x08000104   0x000001e0   Code   RO            3    .text               system_stm32f10x.o
    0x080002e4   0x080002e4   0x00000024   Code   RO           70    .text               startup_stm32f10x_md.o
    0x08000308   0x08000308   0x00000170   Code   RO           76    .text               main.o
    0x08000478   0x08000478   0x0000006c   Code   RO          128    .text               stm32f10x_it.o
    0x080004e4   0x080004e4   0x0000009a   Code   RO          149    .text               user_asm.o
    0x0800057e   0x0800057e   0x00000002   PAD
    0x08000580   0x08000580   0x000000ac   Code   RO          154    .text               user_c.o
    0x0800062c   0x0800062c   0x000003a4   Code   RO          228    .text               stm32f10x_rcc.o
    0x080009d0   0x080009d0   0x000000b0   Code   RO          291    .text               os_cpu_a.o
    0x08000a80   0x08000a80   0x000000aa   Code   RO          294    .text               os_cpu_c.o
    0x08000b2a   0x08000b2a   0x00000002   PAD
    0x08000b2c   0x08000b2c   0x0000071c   Code   RO          313    .text               os_core.o
    0x08001248   0x08001248   0x00000838   Code   RO          342    .text               os_flag.o
    0x08001a80   0x08001a80   0x000001fc   Code   RO          360    .text               os_mem.o
    0x08001c7c   0x08001c7c   0x000003b8   Code   RO          384    .text               os_sem.o
    0x08002034   0x08002034   0x000006c0   Code   RO          396    .text               os_task.o
    0x080026f4   0x080026f4   0x00000070   Code   RO          408    .text               os_time.o
    0x08002764   0x08002764   0x00000024   Code   RO          429    .text               mc_w.l(rand.o)
    0x08002788   0x08002788   0x00000024   Code   RO          432    .text               mc_w.l(memcpya.o)
    0x080027ac   0x080027ac   0x00000024   Code   RO          452    .text               mc_w.l(init.o)
    0x080027d0   0x080027d0   0x0000000e   Code   RO          456    i.__scatterload_copy  mc_w.l(handlers.o)
    0x080027de   0x080027de   0x00000002   Code   RO          457    i.__scatterload_null  mc_w.l(handlers.o)
    0x080027e0   0x080027e0   0x0000000e   Code   RO          458    i.__scatterload_zeroinit  mc_w.l(handlers.o)
    0x080027ee   0x080027ee   0x00000002   PAD
    0x080027f0   0x080027f0   0x00000014   Data   RO           78    .constdata          main.o
    0x08002804   0x08002804   0x00000100   Data   RO          315    .constdata          os_core.o
    0x08002904   0x08002904   0x00000020   Data   RO          454    Region$$Table       anon$$obj.o


    Execution Region RW_IRAM1 (Exec base: 0x20000000, Load base: 0x08002924, Size: 0x00001650, Max: 0x00005000, ABSOLUTE)

    Exec Addr    Load Addr    Size         Type   Attr      Idx    E Section Name        Object

    0x20000000   0x08002924   0x00000014   Data   RW            4    .data               system_stm32f10x.o
    0x20000014   0x08002938   0x0000000c   Data   RW           79    .data               main.o
    0x20000020   0x08002944   0x00000014   Data   RW          229    .data               stm32f10x_rcc.o
    0x20000034   0x08002958   0x00000030   Data   RW          316    .data               os_core.o
    0x20000064   0x08002988   0x00000004   Data   RW          430    .data               mc_w.l(rand.o)
    0x20000068        -       0x00000600   Zero   RW           77    .bss                main.o
    0x20000668        -       0x00000be4   Zero   RW          314    .bss                os_core.o
    0x2000124c   0x0800298c   0x00000004   PAD
    0x20001250        -       0x00000400   Zero   RW           67    STACK               startup_stm32f10x_md.o


==============================================================================

Image component sizes


      Code (inc. data)   RO Data    RW Data    ZI Data      Debug   Object Name

       368         60         20         12       1536      10921   main.o
      1820        160        256         48       3044      15625   os_core.o
       176         32          0          0          0        324   os_cpu_a.o
       170          0          0          0          0      11210   os_cpu_c.o
      2104         38          0          0          0       7144   os_flag.o
       508         12          0          0          0       3300   os_mem.o
       952         16          0          0          0       4062   os_sem.o
      1728         66          0          0          0       6166   os_task.o
       112         16          0          0          0        616   os_time.o
        36          8        236          0       1024        768   startup_stm32f10x_md.o
       108         54          0          0          0       1331   stm32f10x_it.o
       932         36          0         20          0       8800   stm32f10x_rcc.o
       480         38          0         20          0     216747   system_stm32f10x.o
       154          0          0          0          0        272   user_asm.o
       172          8          0          0          0      23155   user_c.o

    ----------------------------------------------------------------------
      9824        544        544        100       5608     310441   Object Totals
         0          0         32          0          0          0   (incl. Generated)
         4          0          0          0          4          0   (incl. Padding)

    ----------------------------------------------------------------------

      Code (inc. data)   RO Data    RW Data    ZI Data      Debug   Library Member Name

         0          0          0          0          0          0   entry.o
         0          0          0          0          0          0   entry10a.o
         0          0          0          0          0          0   entry11a.o
         4          0          0          0          0          0   entry12b.o
         8          4          0          0          0          0   entry2.o
         4          0          0          0          0          0   entry5.o
         0          0          0          0          0          0   entry7b.o
         0          0          0          0          0          0   entry8b.o
         8          4          0          0          0          0   entry9a.o
        30          0          0          0          0          0   handlers.o
        36          8          0          0          0         68   init.o
        36          0          0          0          0         68   memcpya.o
        36         10          0          4          0        136   rand.o

    ----------------------------------------------------------------------
       164         26          0          4          0        272   Library Totals
         2          0          0          0          0          0   (incl. Padding)

    ----------------------------------------------------------------------

      Code (inc. data)   RO Data    RW Data    ZI Data      Debug   Library Name

       162         26          0          4          0        272   mc_w.l

    ----------------------------------------------------------------------
       164         26          0          4          0        272   Library Totals

    ----------------------------------------------------------------------

==============================================================================


      Code (inc. data)   RO Data    RW Data    ZI Data      Debug   

      9988        570        544        104       5608     309929   Grand Totals
      9988        570        544        104       5608     309929   ELF Image Totals
      9988        570        544        104          0          0   ROM Totals

==============================================================================

    Total RO  Size (Code + RO Data)                10532 (  10.29kB)
    Total RW  Size (RW Data + ZI Data)              5712 (   5.58kB)
    Total ROM Size (Code + RO Data + RW Data)      10636 (  10.39kB)

==============================================================================

