<html>
<body>
<pre>
<h1>µVision Build Log</h1>
<h2>Tool Versions:</h2>
IDE-Version: ¦ÌVision V5.36.0.0
Copyright (C) 2021 ARM Ltd and ARM Germany GmbH. All rights reserved.
License Information: li xin, lixin, LIC=----
 
Tool Versions:
Toolchain:       MDK-Lite  Version: 5.36.0.0
Toolchain Path:  F:\keli5\ARM\ARMCC\Bin
C Compiler:      Armcc.exe V5.06 update 7 (build 960)
Assembler:       Armasm.exe V5.06 update 7 (build 960)
Linker/Locator:  ArmLink.exe V5.06 update 7 (build 960)
Library Manager: ArmAr.exe V5.06 update 7 (build 960)
Hex Converter:   FromElf.exe V5.06 update 7 (build 960)
CPU DLL:         SARMCM3.DLL V5.36.0.0
Dialog DLL:      DARMSTM.DLL V1.68.0.0
Target DLL:      UL2CM3.DLL V1.164.0.0
Dialog DLL:      TARMSTM.DLL V1.66.0.0
 
<h2>Project:</h2>
F:\Study\²Ù×÷ÏµÍ³\lab1\lab1\lab1\lab1.uvproj
Project File Date:  02/21/2022

<h2>Output:</h2>
*** Using Compiler 'V5.06 update 7 (build 960)', folder: 'F:\keli5\ARM\ARMCC\Bin'
Rebuild target 'template'
assembling startup_stm32f10x_md.s...
compiling system_stm32f10x.c...
assembling user_asm.s...
assembling os_cpu_a.asm...
compiling os_dbg.c...
compiling os_core.c...
compiling os_mbox.c...
compiling os_flag.c...
compiling os_cpu_c.c...
compiling os_mem.c...
compiling stm32f10x_it.c...
compiling stm32f10x_flash.c...
compiling stm32f10x_exti.c...
compiling os_mutex.c...
compiling stm32f10x_rcc.c...
compiling misc.c...
compiling stm32f10x_gpio.c...
compiling main.c...
compiling os_q.c...
compiling os_tmr.c...
compiling os_time.c...
compiling os_sem.c...
compiling os_task.c...
linking...
Program Size: Code=8810 RO-data=526 RW-data=100 ZI-data=4668  
".\output\template.axf" - 0 Error(s), 0 Warning(s).
Build Time Elapsed:  00:00:02
</pre>
</body>
</html>
