Component: ARM Compiler 5.06 update 7 (build 960) Tool: armlink [4d3601]

==============================================================================

Section Cross References

    system_stm32f10x.o(.text) refers to system_stm32f10x.o(.data) for SystemCoreClock
    startup_stm32f10x_md.o(RESET) refers to startup_stm32f10x_md.o(STACK) for __initial_sp
    startup_stm32f10x_md.o(RESET) refers to startup_stm32f10x_md.o(.text) for Reset_Handler
    startup_stm32f10x_md.o(RESET) refers to stm32f10x_it.o(.text) for NMI_Handler
    startup_stm32f10x_md.o(RESET) refers to user_asm.o(.text) for SVC_Handler
    startup_stm32f10x_md.o(RESET) refers to os_cpu_a.o(.text) for OS_CPU_PendSVHandler
    startup_stm32f10x_md.o(.text) refers to system_stm32f10x.o(.text) for SystemInit
    startup_stm32f10x_md.o(.text) refers to entry.o(.ARM.Collect$$$$00000000) for __main
    main.o(.text) refers to printf1.o(i.__0printf$1) for __2printf
    main.o(.text) refers to user_c.o(.text) for print_str
    main.o(.text) refers to os_time.o(.text) for OSTimeDly
    main.o(.text) refers to os_sem.o(.text) for OSSemPend
    main.o(.text) refers to os_task.o(.text) for OSTaskCreate
    main.o(.text) refers to os_core.o(.text) for OSInit
    main.o(.text) refers to main.o(.bss) for ChopStick
    main.o(.text) refers to main.o(.data) for TaskData
    stm32f10x_it.o(.text) refers to user_c.o(.text) for print_str
    stm32f10x_it.o(.text) refers to os_core.o(.text) for OSIntEnter
    user_asm.o(.text) refers to user_c.o(.text) for print_str
    user_asm.o(.text) refers to os_cpu_a.o(.text) for OSStartHighRdy_super
    user_asm.o(.text) refers to os_time.o(.text) for OSTimeDly
    user_asm.o(.text) refers to os_task.o(.text) for OSTaskCreate
    user_c.o(.text) refers to stm32f10x_rcc.o(.text) for RCC_GetClocksFreq
    stm32f10x_rcc.o(.text) refers to stm32f10x_rcc.o(.data) for APBAHBPrescTable
    stm32f10x_gpio.o(.text) refers to stm32f10x_rcc.o(.text) for RCC_APB2PeriphResetCmd
    os_cpu_a.o(.text) refers to os_core.o(.data) for OSRunning
    os_cpu_a.o(.text) refers to os_cpu_c.o(.text) for OSTaskSwHook
    os_core.o(.text) refers to os_cpu_a.o(.text) for OS_CPU_SR_Save
    os_core.o(.text) refers to os_cpu_c.o(.text) for OSTaskIdleHook
    os_core.o(.text) refers to os_task.o(.text) for OSTaskCreateExt
    os_core.o(.text) refers to os_flag.o(.text) for OS_FlagInit
    os_core.o(.text) refers to os_mem.o(.text) for OS_MemInit
    os_core.o(.text) refers to os_core.o(.data) for OSIntNesting
    os_core.o(.text) refers to os_core.o(.bss) for OSTaskIdleStk
    os_core.o(.text) refers to os_core.o(.constdata) for OSUnMapTbl
    os_flag.o(.text) refers to os_cpu_a.o(.text) for OS_CPU_SR_Save
    os_flag.o(.text) refers to os_core.o(.text) for OS_Sched
    os_flag.o(.text) refers to os_core.o(.data) for OSIntNesting
    os_flag.o(.text) refers to os_core.o(.bss) for OSFlagTbl
    os_mem.o(.text) refers to os_cpu_a.o(.text) for OS_CPU_SR_Save
    os_mem.o(.text) refers to os_core.o(.text) for OS_StrCopy
    os_mem.o(.text) refers to os_core.o(.data) for OSMemFreeList
    os_mem.o(.text) refers to os_core.o(.bss) for OSMemTbl
    os_sem.o(.text) refers to os_cpu_a.o(.text) for OS_CPU_SR_Save
    os_sem.o(.text) refers to os_core.o(.text) for OS_EventWaitListInit
    os_sem.o(.text) refers to os_core.o(.data) for OSIntNesting
    os_task.o(.text) refers to os_cpu_a.o(.text) for OS_CPU_SR_Save
    os_task.o(.text) refers to os_core.o(.text) for OS_Sched
    os_task.o(.text) refers to os_cpu_c.o(.text) for OSTaskStkInit
    os_task.o(.text) refers to os_flag.o(.text) for OS_FlagUnlink
    os_task.o(.text) refers to os_core.o(.bss) for OSTCBPrioTbl
    os_task.o(.text) refers to os_core.o(.data) for OSTCBCur
    os_time.o(.text) refers to os_cpu_a.o(.text) for OS_CPU_SR_Save
    os_time.o(.text) refers to os_core.o(.text) for OS_Sched
    os_time.o(.text) refers to os_core.o(.data) for OSIntNesting
    entry.o(.ARM.Collect$$$$00000000) refers (Special) to entry10a.o(.ARM.Collect$$$$0000000F) for __rt_final_cpp
    entry.o(.ARM.Collect$$$$00000000) refers (Special) to entry11a.o(.ARM.Collect$$$$00000011) for __rt_final_exit
    entry.o(.ARM.Collect$$$$00000000) refers (Special) to entry12b.o(.ARM.Collect$$$$0000000E) for __rt_lib_shutdown_fini
    entry.o(.ARM.Collect$$$$00000000) refers (Special) to entry7b.o(.ARM.Collect$$$$00000008) for _main_clock
    entry.o(.ARM.Collect$$$$00000000) refers (Special) to entry8b.o(.ARM.Collect$$$$0000000A) for _main_cpp_init
    entry.o(.ARM.Collect$$$$00000000) refers (Special) to entry9a.o(.ARM.Collect$$$$0000000B) for _main_init
    entry.o(.ARM.Collect$$$$00000000) refers (Special) to entry5.o(.ARM.Collect$$$$00000004) for _main_scatterload
    entry.o(.ARM.Collect$$$$00000000) refers (Special) to entry2.o(.ARM.Collect$$$$00000001) for _main_stk
    printfb.o(i.__0fprintf$bare) refers to printfb.o(i._printf_core) for _printf_core
    printfb.o(i.__0fprintf$bare) refers to fputc.o(i.fputc) for fputc
    printfb.o(i.__0printf$bare) refers to printfb.o(i._printf_core) for _printf_core
    printfb.o(i.__0printf$bare) refers to fputc.o(i.fputc) for fputc
    printfb.o(i.__0printf$bare) refers to stdout.o(.data) for __stdout
    printfb.o(i.__0snprintf$bare) refers to printfb.o(i._printf_core) for _printf_core
    printfb.o(i.__0snprintf$bare) refers to printfb.o(i._snputc) for _snputc
    printfb.o(i.__0sprintf$bare) refers to printfb.o(i._printf_core) for _printf_core
    printfb.o(i.__0sprintf$bare) refers to printfb.o(i._sputc) for _sputc
    printfb.o(i.__0vfprintf$bare) refers to printfb.o(i._printf_core) for _printf_core
    printfb.o(i.__0vfprintf$bare) refers to fputc.o(i.fputc) for fputc
    printfb.o(i.__0vprintf$bare) refers to printfb.o(i._printf_core) for _printf_core
    printfb.o(i.__0vprintf$bare) refers to fputc.o(i.fputc) for fputc
    printfb.o(i.__0vprintf$bare) refers to stdout.o(.data) for __stdout
    printfb.o(i.__0vsnprintf$bare) refers to printfb.o(i._printf_core) for _printf_core
    printfb.o(i.__0vsnprintf$bare) refers to printfb.o(i._snputc) for _snputc
    printfb.o(i.__0vsprintf$bare) refers to printfb.o(i._printf_core) for _printf_core
    printfb.o(i.__0vsprintf$bare) refers to printfb.o(i._sputc) for _sputc
    printf0.o(i.__0fprintf$0) refers to printf0.o(i._printf_core) for _printf_core
    printf0.o(i.__0fprintf$0) refers to fputc.o(i.fputc) for fputc
    printf0.o(i.__0printf$0) refers to printf0.o(i._printf_core) for _printf_core
    printf0.o(i.__0printf$0) refers to fputc.o(i.fputc) for fputc
    printf0.o(i.__0printf$0) refers to stdout.o(.data) for __stdout
    printf0.o(i.__0snprintf$0) refers to printf0.o(i._printf_core) for _printf_core
    printf0.o(i.__0snprintf$0) refers to printf0.o(i._snputc) for _snputc
    printf0.o(i.__0sprintf$0) refers to printf0.o(i._printf_core) for _printf_core
    printf0.o(i.__0sprintf$0) refers to printf0.o(i._sputc) for _sputc
    printf0.o(i.__0vfprintf$0) refers to printf0.o(i._printf_core) for _printf_core
    printf0.o(i.__0vfprintf$0) refers to fputc.o(i.fputc) for fputc
    printf0.o(i.__0vprintf$0) refers to printf0.o(i._printf_core) for _printf_core
    printf0.o(i.__0vprintf$0) refers to fputc.o(i.fputc) for fputc
    printf0.o(i.__0vprintf$0) refers to stdout.o(.data) for __stdout
    printf0.o(i.__0vsnprintf$0) refers to printf0.o(i._printf_core) for _printf_core
    printf0.o(i.__0vsnprintf$0) refers to printf0.o(i._snputc) for _snputc
    printf0.o(i.__0vsprintf$0) refers to printf0.o(i._printf_core) for _printf_core
    printf0.o(i.__0vsprintf$0) refers to printf0.o(i._sputc) for _sputc
    printf1.o(i.__0fprintf$1) refers to printf1.o(i._printf_core) for _printf_core
    printf1.o(i.__0fprintf$1) refers to fputc.o(i.fputc) for fputc
    printf1.o(i.__0printf$1) refers to printf1.o(i._printf_core) for _printf_core
    printf1.o(i.__0printf$1) refers to fputc.o(i.fputc) for fputc
    printf1.o(i.__0printf$1) refers to stdout.o(.data) for __stdout
    printf1.o(i.__0snprintf$1) refers to printf1.o(i._printf_core) for _printf_core
    printf1.o(i.__0snprintf$1) refers to printf1.o(i._snputc) for _snputc
    printf1.o(i.__0sprintf$1) refers to printf1.o(i._printf_core) for _printf_core
    printf1.o(i.__0sprintf$1) refers to printf1.o(i._sputc) for _sputc
    printf1.o(i.__0vfprintf$1) refers to printf1.o(i._printf_core) for _printf_core
    printf1.o(i.__0vfprintf$1) refers to fputc.o(i.fputc) for fputc
    printf1.o(i.__0vprintf$1) refers to printf1.o(i._printf_core) for _printf_core
    printf1.o(i.__0vprintf$1) refers to fputc.o(i.fputc) for fputc
    printf1.o(i.__0vprintf$1) refers to stdout.o(.data) for __stdout
    printf1.o(i.__0vsnprintf$1) refers to printf1.o(i._printf_core) for _printf_core
    printf1.o(i.__0vsnprintf$1) refers to printf1.o(i._snputc) for _snputc
    printf1.o(i.__0vsprintf$1) refers to printf1.o(i._printf_core) for _printf_core
    printf1.o(i.__0vsprintf$1) refers to printf1.o(i._sputc) for _sputc
    printf1.o(i._printf_core) refers to uidiv.o(.text) for __aeabi_uidivmod
    printf2.o(i.__0fprintf$2) refers to printf2.o(i._printf_core) for _printf_core
    printf2.o(i.__0fprintf$2) refers to fputc.o(i.fputc) for fputc
    printf2.o(i.__0printf$2) refers to printf2.o(i._printf_core) for _printf_core
    printf2.o(i.__0printf$2) refers to fputc.o(i.fputc) for fputc
    printf2.o(i.__0printf$2) refers to stdout.o(.data) for __stdout
    printf2.o(i.__0snprintf$2) refers to printf2.o(i._printf_core) for _printf_core
    printf2.o(i.__0snprintf$2) refers to printf2.o(i._snputc) for _snputc
    printf2.o(i.__0sprintf$2) refers to printf2.o(i._printf_core) for _printf_core
    printf2.o(i.__0sprintf$2) refers to printf2.o(i._sputc) for _sputc
    printf2.o(i.__0vfprintf$2) refers to printf2.o(i._printf_core) for _printf_core
    printf2.o(i.__0vfprintf$2) refers to fputc.o(i.fputc) for fputc
    printf2.o(i.__0vprintf$2) refers to printf2.o(i._printf_core) for _printf_core
    printf2.o(i.__0vprintf$2) refers to fputc.o(i.fputc) for fputc
    printf2.o(i.__0vprintf$2) refers to stdout.o(.data) for __stdout
    printf2.o(i.__0vsnprintf$2) refers to printf2.o(i._printf_core) for _printf_core
    printf2.o(i.__0vsnprintf$2) refers to printf2.o(i._snputc) for _snputc
    printf2.o(i.__0vsprintf$2) refers to printf2.o(i._printf_core) for _printf_core
    printf2.o(i.__0vsprintf$2) refers to printf2.o(i._sputc) for _sputc
    printf3.o(i.__0fprintf$3) refers to printf3.o(i._printf_core) for _printf_core
    printf3.o(i.__0fprintf$3) refers to fputc.o(i.fputc) for fputc
    printf3.o(i.__0printf$3) refers to printf3.o(i._printf_core) for _printf_core
    printf3.o(i.__0printf$3) refers to fputc.o(i.fputc) for fputc
    printf3.o(i.__0printf$3) refers to stdout.o(.data) for __stdout
    printf3.o(i.__0snprintf$3) refers to printf3.o(i._printf_core) for _printf_core
    printf3.o(i.__0snprintf$3) refers to printf3.o(i._snputc) for _snputc
    printf3.o(i.__0sprintf$3) refers to printf3.o(i._printf_core) for _printf_core
    printf3.o(i.__0sprintf$3) refers to printf3.o(i._sputc) for _sputc
    printf3.o(i.__0vfprintf$3) refers to printf3.o(i._printf_core) for _printf_core
    printf3.o(i.__0vfprintf$3) refers to fputc.o(i.fputc) for fputc
    printf3.o(i.__0vprintf$3) refers to printf3.o(i._printf_core) for _printf_core
    printf3.o(i.__0vprintf$3) refers to fputc.o(i.fputc) for fputc
    printf3.o(i.__0vprintf$3) refers to stdout.o(.data) for __stdout
    printf3.o(i.__0vsnprintf$3) refers to printf3.o(i._printf_core) for _printf_core
    printf3.o(i.__0vsnprintf$3) refers to printf3.o(i._snputc) for _snputc
    printf3.o(i.__0vsprintf$3) refers to printf3.o(i._printf_core) for _printf_core
    printf3.o(i.__0vsprintf$3) refers to printf3.o(i._sputc) for _sputc
    printf3.o(i._printf_core) refers to uidiv.o(.text) for __aeabi_uidivmod
    printf4.o(i.__0fprintf$4) refers to printf4.o(i._printf_core) for _printf_core
    printf4.o(i.__0fprintf$4) refers to fputc.o(i.fputc) for fputc
    printf4.o(i.__0printf$4) refers to printf4.o(i._printf_core) for _printf_core
    printf4.o(i.__0printf$4) refers to fputc.o(i.fputc) for fputc
    printf4.o(i.__0printf$4) refers to stdout.o(.data) for __stdout
    printf4.o(i.__0snprintf$4) refers to printf4.o(i._printf_core) for _printf_core
    printf4.o(i.__0snprintf$4) refers to printf4.o(i._snputc) for _snputc
    printf4.o(i.__0sprintf$4) refers to printf4.o(i._printf_core) for _printf_core
    printf4.o(i.__0sprintf$4) refers to printf4.o(i._sputc) for _sputc
    printf4.o(i.__0vfprintf$4) refers to printf4.o(i._printf_core) for _printf_core
    printf4.o(i.__0vfprintf$4) refers to fputc.o(i.fputc) for fputc
    printf4.o(i.__0vprintf$4) refers to printf4.o(i._printf_core) for _printf_core
    printf4.o(i.__0vprintf$4) refers to fputc.o(i.fputc) for fputc
    printf4.o(i.__0vprintf$4) refers to stdout.o(.data) for __stdout
    printf4.o(i.__0vsnprintf$4) refers to printf4.o(i._printf_core) for _printf_core
    printf4.o(i.__0vsnprintf$4) refers to printf4.o(i._snputc) for _snputc
    printf4.o(i.__0vsprintf$4) refers to printf4.o(i._printf_core) for _printf_core
    printf4.o(i.__0vsprintf$4) refers to printf4.o(i._sputc) for _sputc
    printf4.o(i._printf_core) refers to uldiv.o(.text) for __aeabi_uldivmod
    printf5.o(i.__0fprintf$5) refers to printf5.o(i._printf_core) for _printf_core
    printf5.o(i.__0fprintf$5) refers to fputc.o(i.fputc) for fputc
    printf5.o(i.__0printf$5) refers to printf5.o(i._printf_core) for _printf_core
    printf5.o(i.__0printf$5) refers to fputc.o(i.fputc) for fputc
    printf5.o(i.__0printf$5) refers to stdout.o(.data) for __stdout
    printf5.o(i.__0snprintf$5) refers to printf5.o(i._printf_core) for _printf_core
    printf5.o(i.__0snprintf$5) refers to printf5.o(i._snputc) for _snputc
    printf5.o(i.__0sprintf$5) refers to printf5.o(i._printf_core) for _printf_core
    printf5.o(i.__0sprintf$5) refers to printf5.o(i._sputc) for _sputc
    printf5.o(i.__0vfprintf$5) refers to printf5.o(i._printf_core) for _printf_core
    printf5.o(i.__0vfprintf$5) refers to fputc.o(i.fputc) for fputc
    printf5.o(i.__0vprintf$5) refers to printf5.o(i._printf_core) for _printf_core
    printf5.o(i.__0vprintf$5) refers to fputc.o(i.fputc) for fputc
    printf5.o(i.__0vprintf$5) refers to stdout.o(.data) for __stdout
    printf5.o(i.__0vsnprintf$5) refers to printf5.o(i._printf_core) for _printf_core
    printf5.o(i.__0vsnprintf$5) refers to printf5.o(i._snputc) for _snputc
    printf5.o(i.__0vsprintf$5) refers to printf5.o(i._printf_core) for _printf_core
    printf5.o(i.__0vsprintf$5) refers to printf5.o(i._sputc) for _sputc
    printf5.o(i._printf_core) refers to uldiv.o(.text) for __aeabi_uldivmod
    printf6.o(i.__0fprintf$6) refers to printf6.o(i._printf_core) for _printf_core
    printf6.o(i.__0fprintf$6) refers to fputc.o(i.fputc) for fputc
    printf6.o(i.__0printf$6) refers to printf6.o(i._printf_core) for _printf_core
    printf6.o(i.__0printf$6) refers to fputc.o(i.fputc) for fputc
    printf6.o(i.__0printf$6) refers to stdout.o(.data) for __stdout
    printf6.o(i.__0snprintf$6) refers to printf6.o(i._printf_core) for _printf_core
    printf6.o(i.__0snprintf$6) refers to printf6.o(i._snputc) for _snputc
    printf6.o(i.__0sprintf$6) refers to printf6.o(i._printf_core) for _printf_core
    printf6.o(i.__0sprintf$6) refers to printf6.o(i._sputc) for _sputc
    printf6.o(i.__0vfprintf$6) refers to printf6.o(i._printf_core) for _printf_core
    printf6.o(i.__0vfprintf$6) refers to fputc.o(i.fputc) for fputc
    printf6.o(i.__0vprintf$6) refers to printf6.o(i._printf_core) for _printf_core
    printf6.o(i.__0vprintf$6) refers to fputc.o(i.fputc) for fputc
    printf6.o(i.__0vprintf$6) refers to stdout.o(.data) for __stdout
    printf6.o(i.__0vsnprintf$6) refers to printf6.o(i._printf_core) for _printf_core
    printf6.o(i.__0vsnprintf$6) refers to printf6.o(i._snputc) for _snputc
    printf6.o(i.__0vsprintf$6) refers to printf6.o(i._printf_core) for _printf_core
    printf6.o(i.__0vsprintf$6) refers to printf6.o(i._sputc) for _sputc
    printf6.o(i._printf_core) refers to printf6.o(i._printf_pre_padding) for _printf_pre_padding
    printf6.o(i._printf_core) refers to uidiv.o(.text) for __aeabi_uidivmod
    printf6.o(i._printf_core) refers to printf6.o(i._printf_post_padding) for _printf_post_padding
    printf7.o(i.__0fprintf$7) refers to printf7.o(i._printf_core) for _printf_core
    printf7.o(i.__0fprintf$7) refers to fputc.o(i.fputc) for fputc
    printf7.o(i.__0printf$7) refers to printf7.o(i._printf_core) for _printf_core
    printf7.o(i.__0printf$7) refers to fputc.o(i.fputc) for fputc
    printf7.o(i.__0printf$7) refers to stdout.o(.data) for __stdout
    printf7.o(i.__0snprintf$7) refers to printf7.o(i._printf_core) for _printf_core
    printf7.o(i.__0snprintf$7) refers to printf7.o(i._snputc) for _snputc
    printf7.o(i.__0sprintf$7) refers to printf7.o(i._printf_core) for _printf_core
    printf7.o(i.__0sprintf$7) refers to printf7.o(i._sputc) for _sputc
    printf7.o(i.__0vfprintf$7) refers to printf7.o(i._printf_core) for _printf_core
    printf7.o(i.__0vfprintf$7) refers to fputc.o(i.fputc) for fputc
    printf7.o(i.__0vprintf$7) refers to printf7.o(i._printf_core) for _printf_core
    printf7.o(i.__0vprintf$7) refers to fputc.o(i.fputc) for fputc
    printf7.o(i.__0vprintf$7) refers to stdout.o(.data) for __stdout
    printf7.o(i.__0vsnprintf$7) refers to printf7.o(i._printf_core) for _printf_core
    printf7.o(i.__0vsnprintf$7) refers to printf7.o(i._snputc) for _snputc
    printf7.o(i.__0vsprintf$7) refers to printf7.o(i._printf_core) for _printf_core
    printf7.o(i.__0vsprintf$7) refers to printf7.o(i._sputc) for _sputc
    printf7.o(i._printf_core) refers to printf7.o(i._printf_pre_padding) for _printf_pre_padding
    printf7.o(i._printf_core) refers to uldiv.o(.text) for __aeabi_uldivmod
    printf7.o(i._printf_core) refers to printf7.o(i._printf_post_padding) for _printf_post_padding
    printf8.o(i.__0fprintf$8) refers to printf8.o(i._printf_core) for _printf_core
    printf8.o(i.__0fprintf$8) refers to fputc.o(i.fputc) for fputc
    printf8.o(i.__0printf$8) refers to printf8.o(i._printf_core) for _printf_core
    printf8.o(i.__0printf$8) refers to fputc.o(i.fputc) for fputc
    printf8.o(i.__0printf$8) refers to stdout.o(.data) for __stdout
    printf8.o(i.__0snprintf$8) refers to printf8.o(i._printf_core) for _printf_core
    printf8.o(i.__0snprintf$8) refers to printf8.o(i._snputc) for _snputc
    printf8.o(i.__0sprintf$8) refers to printf8.o(i._printf_core) for _printf_core
    printf8.o(i.__0sprintf$8) refers to printf8.o(i._sputc) for _sputc
    printf8.o(i.__0vfprintf$8) refers to printf8.o(i._printf_core) for _printf_core
    printf8.o(i.__0vfprintf$8) refers to fputc.o(i.fputc) for fputc
    printf8.o(i.__0vprintf$8) refers to printf8.o(i._printf_core) for _printf_core
    printf8.o(i.__0vprintf$8) refers to fputc.o(i.fputc) for fputc
    printf8.o(i.__0vprintf$8) refers to stdout.o(.data) for __stdout
    printf8.o(i.__0vsnprintf$8) refers to printf8.o(i._printf_core) for _printf_core
    printf8.o(i.__0vsnprintf$8) refers to printf8.o(i._snputc) for _snputc
    printf8.o(i.__0vsprintf$8) refers to printf8.o(i._printf_core) for _printf_core
    printf8.o(i.__0vsprintf$8) refers to printf8.o(i._sputc) for _sputc
    printf8.o(i._printf_core) refers to printf8.o(i._printf_pre_padding) for _printf_pre_padding
    printf8.o(i._printf_core) refers to uldiv.o(.text) for __aeabi_uldivmod
    printf8.o(i._printf_core) refers to printf8.o(i._printf_post_padding) for _printf_post_padding
    printfa.o(i.__0fprintf) refers (Special) to iusefp.o(.text) for __I$use$fp
    printfa.o(i.__0fprintf) refers to printfa.o(i._printf_core) for _printf_core
    printfa.o(i.__0fprintf) refers to fputc.o(i.fputc) for fputc
    printfa.o(i.__0printf) refers (Special) to iusefp.o(.text) for __I$use$fp
    printfa.o(i.__0printf) refers to printfa.o(i._printf_core) for _printf_core
    printfa.o(i.__0printf) refers to fputc.o(i.fputc) for fputc
    printfa.o(i.__0printf) refers to stdout.o(.data) for __stdout
    printfa.o(i.__0snprintf) refers (Special) to iusefp.o(.text) for __I$use$fp
    printfa.o(i.__0snprintf) refers to printfa.o(i._printf_core) for _printf_core
    printfa.o(i.__0snprintf) refers to printfa.o(i._snputc) for _snputc
    printfa.o(i.__0sprintf) refers (Special) to iusefp.o(.text) for __I$use$fp
    printfa.o(i.__0sprintf) refers to printfa.o(i._printf_core) for _printf_core
    printfa.o(i.__0sprintf) refers to printfa.o(i._sputc) for _sputc
    printfa.o(i.__0vfprintf) refers (Special) to iusefp.o(.text) for __I$use$fp
    printfa.o(i.__0vfprintf) refers to printfa.o(i._printf_core) for _printf_core
    printfa.o(i.__0vfprintf) refers to fputc.o(i.fputc) for fputc
    printfa.o(i.__0vprintf) refers (Special) to iusefp.o(.text) for __I$use$fp
    printfa.o(i.__0vprintf) refers to printfa.o(i._printf_core) for _printf_core
    printfa.o(i.__0vprintf) refers to fputc.o(i.fputc) for fputc
    printfa.o(i.__0vprintf) refers to stdout.o(.data) for __stdout
    printfa.o(i.__0vsnprintf) refers (Special) to iusefp.o(.text) for __I$use$fp
    printfa.o(i.__0vsnprintf) refers to printfa.o(i._printf_core) for _printf_core
    printfa.o(i.__0vsnprintf) refers to printfa.o(i._snputc) for _snputc
    printfa.o(i.__0vsprintf) refers (Special) to iusefp.o(.text) for __I$use$fp
    printfa.o(i.__0vsprintf) refers to printfa.o(i._printf_core) for _printf_core
    printfa.o(i.__0vsprintf) refers to printfa.o(i._sputc) for _sputc
    printfa.o(i._fp_digits) refers (Special) to iusefp.o(.text) for __I$use$fp
    printfa.o(i._fp_digits) refers to dmul.o(.text) for __aeabi_dmul
    printfa.o(i._fp_digits) refers to ddiv.o(.text) for __aeabi_ddiv
    printfa.o(i._fp_digits) refers to cdrcmple.o(.text) for __aeabi_cdrcmple
    printfa.o(i._fp_digits) refers to dadd.o(.text) for __aeabi_dadd
    printfa.o(i._fp_digits) refers to dfixul.o(.text) for __aeabi_d2ulz
    printfa.o(i._fp_digits) refers to uldiv.o(.text) for __aeabi_uldivmod
    printfa.o(i._printf_core) refers (Special) to iusefp.o(.text) for __I$use$fp
    printfa.o(i._printf_core) refers to printfa.o(i._printf_pre_padding) for _printf_pre_padding
    printfa.o(i._printf_core) refers to uldiv.o(.text) for __aeabi_uldivmod
    printfa.o(i._printf_core) refers to printfa.o(i._printf_post_padding) for _printf_post_padding
    printfa.o(i._printf_core) refers to printfa.o(i._fp_digits) for _fp_digits
    printfa.o(i._printf_core) refers to uidiv.o(.text) for __aeabi_uidivmod
    printfa.o(i._printf_post_padding) refers (Special) to iusefp.o(.text) for __I$use$fp
    printfa.o(i._printf_pre_padding) refers (Special) to iusefp.o(.text) for __I$use$fp
    printfa.o(i._snputc) refers (Special) to iusefp.o(.text) for __I$use$fp
    printfa.o(i._sputc) refers (Special) to iusefp.o(.text) for __I$use$fp
    entry2.o(.ARM.Collect$$$$00000001) refers to entry2.o(.ARM.Collect$$$$00002712) for __lit__00000000
    entry2.o(.ARM.Collect$$$$00002712) refers to startup_stm32f10x_md.o(STACK) for __initial_sp
    entry2.o(__vectab_stack_and_reset_area) refers to startup_stm32f10x_md.o(STACK) for __initial_sp
    entry2.o(__vectab_stack_and_reset_area) refers to entry.o(.ARM.Collect$$$$00000000) for __main
    entry5.o(.ARM.Collect$$$$00000004) refers to init.o(.text) for __scatterload
    entry9a.o(.ARM.Collect$$$$0000000B) refers to main.o(.text) for main
    entry9b.o(.ARM.Collect$$$$0000000C) refers to main.o(.text) for main
    fputc.o(i.fputc) refers (Special) to iusesemip.o(.text) for __I$use$semihosting$fputc
    fputc.o(i.fputc) refers (Special) to semi.o(.text) for __semihosting_library_function
    uldiv.o(.text) refers to llushr.o(.text) for __aeabi_llsr
    uldiv.o(.text) refers to llshl.o(.text) for __aeabi_llsl
    dadd.o(.text) refers to llshl.o(.text) for __aeabi_llsl
    dadd.o(.text) refers to llsshr.o(.text) for __aeabi_lasr
    dadd.o(.text) refers to depilogue.o(.text) for _double_epilogue
    dmul.o(.text) refers to depilogue.o(.text) for _double_epilogue
    ddiv.o(.text) refers to depilogue.o(.text) for _double_round
    dfixul.o(.text) refers to llushr.o(.text) for __aeabi_llsr
    dfixul.o(.text) refers to llshl.o(.text) for __aeabi_llsl
    init.o(.text) refers to entry5.o(.ARM.Collect$$$$00000004) for __main_after_scatterload
    depilogue.o(.text) refers to llshl.o(.text) for __aeabi_llsl
    depilogue.o(.text) refers to llushr.o(.text) for __aeabi_llsr


==============================================================================

Removing Unused input sections from the image.

    Removing system_stm32f10x.o(.rev16_text), (4 bytes).
    Removing system_stm32f10x.o(.revsh_text), (4 bytes).
    Removing startup_stm32f10x_md.o(HEAP), (512 bytes).
    Removing main.o(.rev16_text), (4 bytes).
    Removing main.o(.revsh_text), (4 bytes).
    Removing stm32f10x_it.o(.rev16_text), (4 bytes).
    Removing stm32f10x_it.o(.revsh_text), (4 bytes).
    Removing user_c.o(.rev16_text), (4 bytes).
    Removing user_c.o(.revsh_text), (4 bytes).
    Removing misc.o(.rev16_text), (4 bytes).
    Removing misc.o(.revsh_text), (4 bytes).
    Removing misc.o(.text), (220 bytes).
    Removing stm32f10x_flash.o(.rev16_text), (4 bytes).
    Removing stm32f10x_flash.o(.revsh_text), (4 bytes).
    Removing stm32f10x_flash.o(.text), (1468 bytes).
    Removing stm32f10x_rcc.o(.rev16_text), (4 bytes).
    Removing stm32f10x_rcc.o(.revsh_text), (4 bytes).
    Removing stm32f10x_gpio.o(.rev16_text), (4 bytes).
    Removing stm32f10x_gpio.o(.revsh_text), (4 bytes).
    Removing stm32f10x_gpio.o(.text), (860 bytes).
    Removing stm32f10x_exti.o(.rev16_text), (4 bytes).
    Removing stm32f10x_exti.o(.revsh_text), (4 bytes).
    Removing stm32f10x_exti.o(.text), (284 bytes).
    Removing os_dbg.o(.constdata), (2 bytes).
    Removing dadd.o(.text), (334 bytes).
    Removing dmul.o(.text), (228 bytes).
    Removing ddiv.o(.text), (222 bytes).
    Removing dfixul.o(.text), (48 bytes).
    Removing cdrcmple.o(.text), (48 bytes).
    Removing depilogue.o(.text), (186 bytes).

30 unused section(s) (total 4484 bytes) removed from the image.

==============================================================================

Image Symbol Table

    Local Symbols

    Symbol Name                              Value     Ov Type        Size  Object(Section)

    ../clib/microlib/division.c              0x00000000   Number         0  uldiv.o ABSOLUTE
    ../clib/microlib/division.c              0x00000000   Number         0  uidiv.o ABSOLUTE
    ../clib/microlib/init/entry.s            0x00000000   Number         0  entry12b.o ABSOLUTE
    ../clib/microlib/init/entry.s            0x00000000   Number         0  entry7b.o ABSOLUTE
    ../clib/microlib/init/entry.s            0x00000000   Number         0  entry7a.o ABSOLUTE
    ../clib/microlib/init/entry.s            0x00000000   Number         0  entry12a.o ABSOLUTE
    ../clib/microlib/init/entry.s            0x00000000   Number         0  entry8a.o ABSOLUTE
    ../clib/microlib/init/entry.s            0x00000000   Number         0  entry11b.o ABSOLUTE
    ../clib/microlib/init/entry.s            0x00000000   Number         0  entry11a.o ABSOLUTE
    ../clib/microlib/init/entry.s            0x00000000   Number         0  entry.o ABSOLUTE
    ../clib/microlib/init/entry.s            0x00000000   Number         0  entry10b.o ABSOLUTE
    ../clib/microlib/init/entry.s            0x00000000   Number         0  entry2.o ABSOLUTE
    ../clib/microlib/init/entry.s            0x00000000   Number         0  entry5.o ABSOLUTE
    ../clib/microlib/init/entry.s            0x00000000   Number         0  entry10a.o ABSOLUTE
    ../clib/microlib/init/entry.s            0x00000000   Number         0  entry9b.o ABSOLUTE
    ../clib/microlib/init/entry.s            0x00000000   Number         0  entry9a.o ABSOLUTE
    ../clib/microlib/init/entry.s            0x00000000   Number         0  entry8b.o ABSOLUTE
    ../clib/microlib/longlong.c              0x00000000   Number         0  llshl.o ABSOLUTE
    ../clib/microlib/longlong.c              0x00000000   Number         0  llsshr.o ABSOLUTE
    ../clib/microlib/longlong.c              0x00000000   Number         0  llushr.o ABSOLUTE
    ../clib/microlib/printf/printf.c         0x00000000   Number         0  printf0.o ABSOLUTE
    ../clib/microlib/printf/printf.c         0x00000000   Number         0  printfb.o ABSOLUTE
    ../clib/microlib/printf/printf.c         0x00000000   Number         0  printf1.o ABSOLUTE
    ../clib/microlib/printf/printf.c         0x00000000   Number         0  printf2.o ABSOLUTE
    ../clib/microlib/printf/printf.c         0x00000000   Number         0  printf3.o ABSOLUTE
    ../clib/microlib/printf/printf.c         0x00000000   Number         0  printf5.o ABSOLUTE
    ../clib/microlib/printf/printf.c         0x00000000   Number         0  printf6.o ABSOLUTE
    ../clib/microlib/printf/printf.c         0x00000000   Number         0  printf7.o ABSOLUTE
    ../clib/microlib/printf/printf.c         0x00000000   Number         0  printf8.o ABSOLUTE
    ../clib/microlib/printf/printf.c         0x00000000   Number         0  printf4.o ABSOLUTE
    ../clib/microlib/printf/printf.c         0x00000000   Number         0  printfa.o ABSOLUTE
    ../clib/microlib/printf/stubs.s          0x00000000   Number         0  stubs.o ABSOLUTE
    ../clib/microlib/stdio/fputc.c           0x00000000   Number         0  fputc.o ABSOLUTE
    ../clib/microlib/stdio/semi.s            0x00000000   Number         0  semi.o ABSOLUTE
    ../clib/microlib/stdio/streams.c         0x00000000   Number         0  stdout.o ABSOLUTE
    ../clib/microlib/stubs.s                 0x00000000   Number         0  iusefp.o ABSOLUTE
    ../clib/microlib/stubs.s                 0x00000000   Number         0  iusesemip.o ABSOLUTE
    ../fplib/microlib/fpadd.c                0x00000000   Number         0  dadd.o ABSOLUTE
    ../fplib/microlib/fpdiv.c                0x00000000   Number         0  ddiv.o ABSOLUTE
    ../fplib/microlib/fpepilogue.c           0x00000000   Number         0  depilogue.o ABSOLUTE
    ../fplib/microlib/fpfix.c                0x00000000   Number         0  dfixul.o ABSOLUTE
    ../fplib/microlib/fpmul.c                0x00000000   Number         0  dmul.o ABSOLUTE
    cdrcmple.s                               0x00000000   Number         0  cdrcmple.o ABSOLUTE
    dc.s                                     0x00000000   Number         0  dc.o ABSOLUTE
    handlers.s                               0x00000000   Number         0  handlers.o ABSOLUTE
    init.s                                   0x00000000   Number         0  init.o ABSOLUTE
    main.c                                   0x00000000   Number         0  main.o ABSOLUTE
    main.c                                   0x00000000   Number         0  main.o ABSOLUTE
    src\\misc.c                              0x00000000   Number         0  misc.o ABSOLUTE
    src\\stm32f10x_exti.c                    0x00000000   Number         0  stm32f10x_exti.o ABSOLUTE
    src\\stm32f10x_flash.c                   0x00000000   Number         0  stm32f10x_flash.o ABSOLUTE
    src\\stm32f10x_gpio.c                    0x00000000   Number         0  stm32f10x_gpio.o ABSOLUTE
    src\\stm32f10x_it.c                      0x00000000   Number         0  stm32f10x_it.o ABSOLUTE
    src\\stm32f10x_rcc.c                     0x00000000   Number         0  stm32f10x_rcc.o ABSOLUTE
    src\\system_stm32f10x.c                  0x00000000   Number         0  system_stm32f10x.o ABSOLUTE
    src\misc.c                               0x00000000   Number         0  misc.o ABSOLUTE
    src\stm32f10x_exti.c                     0x00000000   Number         0  stm32f10x_exti.o ABSOLUTE
    src\stm32f10x_flash.c                    0x00000000   Number         0  stm32f10x_flash.o ABSOLUTE
    src\stm32f10x_gpio.c                     0x00000000   Number         0  stm32f10x_gpio.o ABSOLUTE
    src\stm32f10x_it.c                       0x00000000   Number         0  stm32f10x_it.o ABSOLUTE
    src\stm32f10x_rcc.c                      0x00000000   Number         0  stm32f10x_rcc.o ABSOLUTE
    src\system_stm32f10x.c                   0x00000000   Number         0  system_stm32f10x.o ABSOLUTE
    src\ucos_ii\port\os_cpu_a.asm            0x00000000   Number         0  os_cpu_a.o ABSOLUTE
    src\ucos_ii\port\os_cpu_c.c              0x00000000   Number         0  os_cpu_c.o ABSOLUTE
    src\ucos_ii\port\os_dbg.c                0x00000000   Number         0  os_dbg.o ABSOLUTE
    src\ucos_ii\src\os_core.c                0x00000000   Number         0  os_core.o ABSOLUTE
    src\ucos_ii\src\os_flag.c                0x00000000   Number         0  os_flag.o ABSOLUTE
    src\ucos_ii\src\os_mbox.c                0x00000000   Number         0  os_mbox.o ABSOLUTE
    src\ucos_ii\src\os_mem.c                 0x00000000   Number         0  os_mem.o ABSOLUTE
    src\ucos_ii\src\os_mutex.c               0x00000000   Number         0  os_mutex.o ABSOLUTE
    src\ucos_ii\src\os_q.c                   0x00000000   Number         0  os_q.o ABSOLUTE
    src\ucos_ii\src\os_sem.c                 0x00000000   Number         0  os_sem.o ABSOLUTE
    src\ucos_ii\src\os_task.c                0x00000000   Number         0  os_task.o ABSOLUTE
    src\ucos_ii\src\os_time.c                0x00000000   Number         0  os_time.o ABSOLUTE
    src\ucos_ii\src\os_tmr.c                 0x00000000   Number         0  os_tmr.o ABSOLUTE
    startup_stm32f10x_md.s                   0x00000000   Number         0  startup_stm32f10x_md.o ABSOLUTE
    user_asm.s                               0x00000000   Number         0  user_asm.o ABSOLUTE
    user_c.c                                 0x00000000   Number         0  user_c.o ABSOLUTE
    user_c.c                                 0x00000000   Number         0  user_c.o ABSOLUTE
    RESET                                    0x08000000   Section      236  startup_stm32f10x_md.o(RESET)
    .ARM.Collect$$$$00000000                 0x080000ec   Section        0  entry.o(.ARM.Collect$$$$00000000)
    .ARM.Collect$$$$00000001                 0x080000ec   Section        4  entry2.o(.ARM.Collect$$$$00000001)
    .ARM.Collect$$$$00000004                 0x080000f0   Section        4  entry5.o(.ARM.Collect$$$$00000004)
    .ARM.Collect$$$$00000008                 0x080000f4   Section        0  entry7b.o(.ARM.Collect$$$$00000008)
    .ARM.Collect$$$$0000000A                 0x080000f4   Section        0  entry8b.o(.ARM.Collect$$$$0000000A)
    .ARM.Collect$$$$0000000B                 0x080000f4   Section        8  entry9a.o(.ARM.Collect$$$$0000000B)
    .ARM.Collect$$$$0000000E                 0x080000fc   Section        4  entry12b.o(.ARM.Collect$$$$0000000E)
    .ARM.Collect$$$$0000000F                 0x08000100   Section        0  entry10a.o(.ARM.Collect$$$$0000000F)
    .ARM.Collect$$$$00000011                 0x08000100   Section        0  entry11a.o(.ARM.Collect$$$$00000011)
    .ARM.Collect$$$$00002712                 0x08000100   Section        4  entry2.o(.ARM.Collect$$$$00002712)
    __lit__00000000                          0x08000100   Data           4  entry2.o(.ARM.Collect$$$$00002712)
    .text                                    0x08000104   Section        0  system_stm32f10x.o(.text)
    SetSysClockTo72                          0x08000105   Thumb Code   214  system_stm32f10x.o(.text)
    SetSysClock                              0x080001db   Thumb Code     8  system_stm32f10x.o(.text)
    .text                                    0x080002e4   Section       36  startup_stm32f10x_md.o(.text)
    .text                                    0x08000308   Section        0  main.o(.text)
    TaskStart                                0x0800037f   Thumb Code    54  main.o(.text)
    .text                                    0x080004cc   Section        0  stm32f10x_it.o(.text)
    .text                                    0x08000538   Section      154  user_asm.o(.text)
    .text                                    0x080005d4   Section        0  user_c.o(.text)
    .text                                    0x08000680   Section        0  stm32f10x_rcc.o(.text)
    .text                                    0x08000a24   Section      176  os_cpu_a.o(.text)
    .text                                    0x08000ad4   Section        0  os_cpu_c.o(.text)
    .text                                    0x08000b80   Section        0  os_core.o(.text)
    OS_InitTaskIdle                          0x08000cad   Thumb Code    52  os_core.o(.text)
    OS_InitEventList                         0x08000cf3   Thumb Code    70  os_core.o(.text)
    OS_InitTCBList                           0x08000d39   Thumb Code    86  os_core.o(.text)
    OS_InitRdyList                           0x08000d8f   Thumb Code    46  os_core.o(.text)
    OS_InitMisc                              0x08000dbd   Thumb Code    28  os_core.o(.text)
    OS_SchedNew                              0x08000e1d   Thumb Code    26  os_core.o(.text)
    .text                                    0x0800129c   Section        0  os_flag.o(.text)
    OS_FlagTaskRdy                           0x08001419   Thumb Code    82  os_flag.o(.text)
    OS_FlagBlock                             0x08001603   Thumb Code   152  os_flag.o(.text)
    .text                                    0x08001ad4   Section        0  os_mem.o(.text)
    .text                                    0x08001cd0   Section        0  os_sem.o(.text)
    .text                                    0x08002088   Section        0  os_task.o(.text)
    .text                                    0x08002748   Section        0  os_time.o(.text)
    .text                                    0x080027b8   Section        0  uidiv.o(.text)
    .text                                    0x080027e4   Section       36  init.o(.text)
    .text                                    0x08002808   Section        0  semi.o(.text)
    .text                                    0x08002808   Section        0  iusesemip.o(.text)
    i.__0printf$1                            0x08002808   Section        0  printf1.o(i.__0printf$1)
    i.__scatterload_copy                     0x08002828   Section       14  handlers.o(i.__scatterload_copy)
    i.__scatterload_null                     0x08002836   Section        2  handlers.o(i.__scatterload_null)
    i.__scatterload_zeroinit                 0x08002838   Section       14  handlers.o(i.__scatterload_zeroinit)
    i._printf_core                           0x08002848   Section        0  printf1.o(i._printf_core)
    _printf_core                             0x08002849   Thumb Code   336  printf1.o(i._printf_core)
    i.fputc                                  0x0800299c   Section        0  fputc.o(i.fputc)
    .constdata                               0x080029ae   Section      256  os_core.o(.constdata)
    .data                                    0x20000000   Section       20  system_stm32f10x.o(.data)
    .data                                    0x20000014   Section        5  main.o(.data)
    .data                                    0x20000019   Section       20  stm32f10x_rcc.o(.data)
    APBAHBPrescTable                         0x20000019   Data          16  stm32f10x_rcc.o(.data)
    ADCPrescTable                            0x20000029   Data           4  stm32f10x_rcc.o(.data)
    .data                                    0x20000030   Section       48  os_core.o(.data)
    .data                                    0x20000060   Section        4  stdout.o(.data)
    .bss                                     0x20000064   Section     2580  main.o(.bss)
    .bss                                     0x20000a78   Section     3044  os_core.o(.bss)
    STACK                                    0x20001660   Section     1024  startup_stm32f10x_md.o(STACK)

    Global Symbols

    Symbol Name                              Value     Ov Type        Size  Object(Section)

    BuildAttributes$$THM_ISAv4$P$D$K$B$S$PE$A:L22UL41UL21$X:L11$S22US41US21$IEEE1$IW$USESV6$~STKCKD$USESV7$~SHL$OSPACE$ROPI$EBA8$MICROLIB$REQ8$PRES8$EABIv2 0x00000000   Number         0  anon$$obj.o ABSOLUTE
    __ARM_use_no_argv                        0x00000000   Number         0  main.o ABSOLUTE
    _printf_a                                0x00000000   Number         0  stubs.o ABSOLUTE
    _printf_c                                0x00000000   Number         0  stubs.o ABSOLUTE
    _printf_charcount                        0x00000000   Number         0  stubs.o ABSOLUTE
    _printf_d                                0x00000000   Number         0  stubs.o ABSOLUTE
    _printf_e                                0x00000000   Number         0  stubs.o ABSOLUTE
    _printf_f                                0x00000000   Number         0  stubs.o ABSOLUTE
    _printf_flags                            0x00000000   Number         0  stubs.o ABSOLUTE
    _printf_fp_dec                           0x00000000   Number         0  stubs.o ABSOLUTE
    _printf_fp_hex                           0x00000000   Number         0  stubs.o ABSOLUTE
    _printf_g                                0x00000000   Number         0  stubs.o ABSOLUTE
    _printf_i                                0x00000000   Number         0  stubs.o ABSOLUTE
    _printf_int_dec                          0x00000000   Number         0  stubs.o ABSOLUTE
    _printf_l                                0x00000000   Number         0  stubs.o ABSOLUTE
    _printf_lc                               0x00000000   Number         0  stubs.o ABSOLUTE
    _printf_ll                               0x00000000   Number         0  stubs.o ABSOLUTE
    _printf_lld                              0x00000000   Number         0  stubs.o ABSOLUTE
    _printf_lli                              0x00000000   Number         0  stubs.o ABSOLUTE
    _printf_llo                              0x00000000   Number         0  stubs.o ABSOLUTE
    _printf_llu                              0x00000000   Number         0  stubs.o ABSOLUTE
    _printf_llx                              0x00000000   Number         0  stubs.o ABSOLUTE
    _printf_longlong_dec                     0x00000000   Number         0  stubs.o ABSOLUTE
    _printf_longlong_hex                     0x00000000   Number         0  stubs.o ABSOLUTE
    _printf_longlong_oct                     0x00000000   Number         0  stubs.o ABSOLUTE
    _printf_ls                               0x00000000   Number         0  stubs.o ABSOLUTE
    _printf_mbtowc                           0x00000000   Number         0  stubs.o ABSOLUTE
    _printf_n                                0x00000000   Number         0  stubs.o ABSOLUTE
    _printf_o                                0x00000000   Number         0  stubs.o ABSOLUTE
    _printf_p                                0x00000000   Number         0  stubs.o ABSOLUTE
    _printf_percent                          0x00000000   Number         0  stubs.o ABSOLUTE
    _printf_pre_padding                      0x00000000   Number         0  stubs.o ABSOLUTE
    _printf_return_value                     0x00000000   Number         0  stubs.o ABSOLUTE
    _printf_s                                0x00000000   Number         0  stubs.o ABSOLUTE
    _printf_sizespec                         0x00000000   Number         0  stubs.o ABSOLUTE
    _printf_str                              0x00000000   Number         0  stubs.o ABSOLUTE
    _printf_truncate_signed                  0x00000000   Number         0  stubs.o ABSOLUTE
    _printf_truncate_unsigned                0x00000000   Number         0  stubs.o ABSOLUTE
    _printf_u                                0x00000000   Number         0  stubs.o ABSOLUTE
    _printf_wc                               0x00000000   Number         0  stubs.o ABSOLUTE
    _printf_wctomb                           0x00000000   Number         0  stubs.o ABSOLUTE
    _printf_widthprec                        0x00000000   Number         0  stubs.o ABSOLUTE
    _printf_x                                0x00000000   Number         0  stubs.o ABSOLUTE
    __arm_fini_                               - Undefined Weak Reference
    __cpp_initialize__aeabi_                  - Undefined Weak Reference
    __cxa_finalize                            - Undefined Weak Reference
    __decompress                              - Undefined Weak Reference
    _clock_init                               - Undefined Weak Reference
    _microlib_exit                            - Undefined Weak Reference
    __Vectors_Size                           0x000000ec   Number         0  startup_stm32f10x_md.o ABSOLUTE
    __Vectors                                0x08000000   Data           4  startup_stm32f10x_md.o(RESET)
    __Vectors_End                            0x080000ec   Data           0  startup_stm32f10x_md.o(RESET)
    __main                                   0x080000ed   Thumb Code     0  entry.o(.ARM.Collect$$$$00000000)
    _main_stk                                0x080000ed   Thumb Code     0  entry2.o(.ARM.Collect$$$$00000001)
    _main_scatterload                        0x080000f1   Thumb Code     0  entry5.o(.ARM.Collect$$$$00000004)
    __main_after_scatterload                 0x080000f5   Thumb Code     0  entry5.o(.ARM.Collect$$$$00000004)
    _main_clock                              0x080000f5   Thumb Code     0  entry7b.o(.ARM.Collect$$$$00000008)
    _main_cpp_init                           0x080000f5   Thumb Code     0  entry8b.o(.ARM.Collect$$$$0000000A)
    _main_init                               0x080000f5   Thumb Code     0  entry9a.o(.ARM.Collect$$$$0000000B)
    __rt_lib_shutdown_fini                   0x080000fd   Thumb Code     0  entry12b.o(.ARM.Collect$$$$0000000E)
    __rt_final_cpp                           0x08000101   Thumb Code     0  entry10a.o(.ARM.Collect$$$$0000000F)
    __rt_final_exit                          0x08000101   Thumb Code     0  entry11a.o(.ARM.Collect$$$$00000011)
    SystemInit                               0x080001e3   Thumb Code    78  system_stm32f10x.o(.text)
    SystemCoreClockUpdate                    0x08000231   Thumb Code   142  system_stm32f10x.o(.text)
    Reset_Handler                            0x080002e5   Thumb Code     8  startup_stm32f10x_md.o(.text)
    ADC1_2_IRQHandler                        0x080002ff   Thumb Code     0  startup_stm32f10x_md.o(.text)
    CAN1_RX1_IRQHandler                      0x080002ff   Thumb Code     0  startup_stm32f10x_md.o(.text)
    CAN1_SCE_IRQHandler                      0x080002ff   Thumb Code     0  startup_stm32f10x_md.o(.text)
    DMA1_Channel1_IRQHandler                 0x080002ff   Thumb Code     0  startup_stm32f10x_md.o(.text)
    DMA1_Channel2_IRQHandler                 0x080002ff   Thumb Code     0  startup_stm32f10x_md.o(.text)
    DMA1_Channel3_IRQHandler                 0x080002ff   Thumb Code     0  startup_stm32f10x_md.o(.text)
    DMA1_Channel4_IRQHandler                 0x080002ff   Thumb Code     0  startup_stm32f10x_md.o(.text)
    DMA1_Channel5_IRQHandler                 0x080002ff   Thumb Code     0  startup_stm32f10x_md.o(.text)
    DMA1_Channel6_IRQHandler                 0x080002ff   Thumb Code     0  startup_stm32f10x_md.o(.text)
    DMA1_Channel7_IRQHandler                 0x080002ff   Thumb Code     0  startup_stm32f10x_md.o(.text)
    EXTI15_10_IRQHandler                     0x080002ff   Thumb Code     0  startup_stm32f10x_md.o(.text)
    EXTI1_IRQHandler                         0x080002ff   Thumb Code     0  startup_stm32f10x_md.o(.text)
    EXTI2_IRQHandler                         0x080002ff   Thumb Code     0  startup_stm32f10x_md.o(.text)
    EXTI3_IRQHandler                         0x080002ff   Thumb Code     0  startup_stm32f10x_md.o(.text)
    EXTI4_IRQHandler                         0x080002ff   Thumb Code     0  startup_stm32f10x_md.o(.text)
    EXTI9_5_IRQHandler                       0x080002ff   Thumb Code     0  startup_stm32f10x_md.o(.text)
    FLASH_IRQHandler                         0x080002ff   Thumb Code     0  startup_stm32f10x_md.o(.text)
    I2C1_ER_IRQHandler                       0x080002ff   Thumb Code     0  startup_stm32f10x_md.o(.text)
    I2C1_EV_IRQHandler                       0x080002ff   Thumb Code     0  startup_stm32f10x_md.o(.text)
    I2C2_ER_IRQHandler                       0x080002ff   Thumb Code     0  startup_stm32f10x_md.o(.text)
    I2C2_EV_IRQHandler                       0x080002ff   Thumb Code     0  startup_stm32f10x_md.o(.text)
    PVD_IRQHandler                           0x080002ff   Thumb Code     0  startup_stm32f10x_md.o(.text)
    RCC_IRQHandler                           0x080002ff   Thumb Code     0  startup_stm32f10x_md.o(.text)
    RTCAlarm_IRQHandler                      0x080002ff   Thumb Code     0  startup_stm32f10x_md.o(.text)
    RTC_IRQHandler                           0x080002ff   Thumb Code     0  startup_stm32f10x_md.o(.text)
    SPI1_IRQHandler                          0x080002ff   Thumb Code     0  startup_stm32f10x_md.o(.text)
    SPI2_IRQHandler                          0x080002ff   Thumb Code     0  startup_stm32f10x_md.o(.text)
    TAMPER_IRQHandler                        0x080002ff   Thumb Code     0  startup_stm32f10x_md.o(.text)
    TIM1_BRK_IRQHandler                      0x080002ff   Thumb Code     0  startup_stm32f10x_md.o(.text)
    TIM1_CC_IRQHandler                       0x080002ff   Thumb Code     0  startup_stm32f10x_md.o(.text)
    TIM1_TRG_COM_IRQHandler                  0x080002ff   Thumb Code     0  startup_stm32f10x_md.o(.text)
    TIM1_UP_IRQHandler                       0x080002ff   Thumb Code     0  startup_stm32f10x_md.o(.text)
    TIM2_IRQHandler                          0x080002ff   Thumb Code     0  startup_stm32f10x_md.o(.text)
    TIM3_IRQHandler                          0x080002ff   Thumb Code     0  startup_stm32f10x_md.o(.text)
    TIM4_IRQHandler                          0x080002ff   Thumb Code     0  startup_stm32f10x_md.o(.text)
    USART1_IRQHandler                        0x080002ff   Thumb Code     0  startup_stm32f10x_md.o(.text)
    USART2_IRQHandler                        0x080002ff   Thumb Code     0  startup_stm32f10x_md.o(.text)
    USART3_IRQHandler                        0x080002ff   Thumb Code     0  startup_stm32f10x_md.o(.text)
    USBWakeUp_IRQHandler                     0x080002ff   Thumb Code     0  startup_stm32f10x_md.o(.text)
    USB_HP_CAN1_TX_IRQHandler                0x080002ff   Thumb Code     0  startup_stm32f10x_md.o(.text)
    USB_LP_CAN1_RX0_IRQHandler               0x080002ff   Thumb Code     0  startup_stm32f10x_md.o(.text)
    WWDG_IRQHandler                          0x080002ff   Thumb Code     0  startup_stm32f10x_md.o(.text)
    TaskPhiRepast                            0x08000309   Thumb Code   118  main.o(.text)
    main                                     0x080003b5   Thumb Code    74  main.o(.text)
    NMI_Handler                              0x080004cd   Thumb Code     2  stm32f10x_it.o(.text)
    HardFault_Handler                        0x080004cf   Thumb Code    10  stm32f10x_it.o(.text)
    EXTI0_IRQHandler                         0x080004d9   Thumb Code    10  stm32f10x_it.o(.text)
    MemManage_Handler                        0x080004e3   Thumb Code     4  stm32f10x_it.o(.text)
    BusFault_Handler                         0x080004e7   Thumb Code     4  stm32f10x_it.o(.text)
    UsageFault_Handler                       0x080004eb   Thumb Code     4  stm32f10x_it.o(.text)
    DebugMon_Handler                         0x080004ef   Thumb Code     2  stm32f10x_it.o(.text)
    PendSV_Handler                           0x080004f1   Thumb Code     2  stm32f10x_it.o(.text)
    SysTick_Handler                          0x080004f3   Thumb Code    16  stm32f10x_it.o(.text)
    SVC_Handler                              0x08000539   Thumb Code     0  user_asm.o(.text)
    ASM_Switch_To_Unprivileged               0x080005b5   Thumb Code     0  user_asm.o(.text)
    syscall_print_str                        0x080005c3   Thumb Code     0  user_asm.o(.text)
    syscall_systick_init                     0x080005c7   Thumb Code     0  user_asm.o(.text)
    syscall_OSTimeDly                        0x080005cb   Thumb Code     0  user_asm.o(.text)
    syscall_OSTaskCreate                     0x080005cf   Thumb Code     0  user_asm.o(.text)
    fputcp                                   0x080005d5   Thumb Code    40  user_c.o(.text)
    print_str                                0x080005fd   Thumb Code    32  user_c.o(.text)
    systick_init                             0x0800061d   Thumb Code    92  user_c.o(.text)
    RCC_DeInit                               0x08000681   Thumb Code    64  stm32f10x_rcc.o(.text)
    RCC_HSEConfig                            0x080006c1   Thumb Code    70  stm32f10x_rcc.o(.text)
    RCC_GetFlagStatus                        0x08000707   Thumb Code    56  stm32f10x_rcc.o(.text)
    RCC_WaitForHSEStartUp                    0x0800073f   Thumb Code    56  stm32f10x_rcc.o(.text)
    RCC_AdjustHSICalibrationValue            0x08000777   Thumb Code    20  stm32f10x_rcc.o(.text)
    RCC_HSICmd                               0x0800078b   Thumb Code     6  stm32f10x_rcc.o(.text)
    RCC_PLLConfig                            0x08000791   Thumb Code    24  stm32f10x_rcc.o(.text)
    RCC_PLLCmd                               0x080007a9   Thumb Code     6  stm32f10x_rcc.o(.text)
    RCC_SYSCLKConfig                         0x080007af   Thumb Code    18  stm32f10x_rcc.o(.text)
    RCC_GetSYSCLKSource                      0x080007c1   Thumb Code    10  stm32f10x_rcc.o(.text)
    RCC_HCLKConfig                           0x080007cb   Thumb Code    18  stm32f10x_rcc.o(.text)
    RCC_PCLK1Config                          0x080007dd   Thumb Code    18  stm32f10x_rcc.o(.text)
    RCC_PCLK2Config                          0x080007ef   Thumb Code    20  stm32f10x_rcc.o(.text)
    RCC_ITConfig                             0x08000803   Thumb Code    26  stm32f10x_rcc.o(.text)
    RCC_USBCLKConfig                         0x0800081d   Thumb Code     8  stm32f10x_rcc.o(.text)
    RCC_ADCCLKConfig                         0x08000825   Thumb Code    18  stm32f10x_rcc.o(.text)
    RCC_LSEConfig                            0x08000837   Thumb Code    50  stm32f10x_rcc.o(.text)
    RCC_LSICmd                               0x08000869   Thumb Code     6  stm32f10x_rcc.o(.text)
    RCC_RTCCLKConfig                         0x0800086f   Thumb Code    12  stm32f10x_rcc.o(.text)
    RCC_RTCCLKCmd                            0x0800087b   Thumb Code     8  stm32f10x_rcc.o(.text)
    RCC_GetClocksFreq                        0x08000883   Thumb Code   192  stm32f10x_rcc.o(.text)
    RCC_AHBPeriphClockCmd                    0x08000943   Thumb Code    26  stm32f10x_rcc.o(.text)
    RCC_APB2PeriphClockCmd                   0x0800095d   Thumb Code    26  stm32f10x_rcc.o(.text)
    RCC_APB1PeriphClockCmd                   0x08000977   Thumb Code    26  stm32f10x_rcc.o(.text)
    RCC_APB2PeriphResetCmd                   0x08000991   Thumb Code    26  stm32f10x_rcc.o(.text)
    RCC_APB1PeriphResetCmd                   0x080009ab   Thumb Code    26  stm32f10x_rcc.o(.text)
    RCC_BackupResetCmd                       0x080009c5   Thumb Code     8  stm32f10x_rcc.o(.text)
    RCC_ClockSecuritySystemCmd               0x080009cd   Thumb Code     6  stm32f10x_rcc.o(.text)
    RCC_MCOConfig                            0x080009d3   Thumb Code     6  stm32f10x_rcc.o(.text)
    RCC_ClearFlag                            0x080009d9   Thumb Code    14  stm32f10x_rcc.o(.text)
    RCC_GetITStatus                          0x080009e7   Thumb Code    20  stm32f10x_rcc.o(.text)
    RCC_ClearITPendingBit                    0x080009fb   Thumb Code     6  stm32f10x_rcc.o(.text)
    OS_CPU_SR_Save                           0x08000a25   Thumb Code     0  os_cpu_a.o(.text)
    OS_CPU_SR_Restore                        0x08000a2d   Thumb Code     0  os_cpu_a.o(.text)
    OSStartHighRdy                           0x08000a33   Thumb Code     0  os_cpu_a.o(.text)
    OSStartHighRdy_super                     0x08000a37   Thumb Code     0  os_cpu_a.o(.text)
    OSCtxSw                                  0x08000a5b   Thumb Code     0  os_cpu_a.o(.text)
    OSIntCtxSw                               0x08000a69   Thumb Code     0  os_cpu_a.o(.text)
    OS_CPU_PendSVHandler                     0x08000a73   Thumb Code     0  os_cpu_a.o(.text)
    OSInitHookBegin                          0x08000ad5   Thumb Code     2  os_cpu_c.o(.text)
    OSInitHookEnd                            0x08000ad7   Thumb Code     2  os_cpu_c.o(.text)
    OSTaskCreateHook                         0x08000ad9   Thumb Code     2  os_cpu_c.o(.text)
    OSTaskDelHook                            0x08000adb   Thumb Code     2  os_cpu_c.o(.text)
    OSTaskIdleHook                           0x08000add   Thumb Code     2  os_cpu_c.o(.text)
    OSTaskStatHook                           0x08000adf   Thumb Code     2  os_cpu_c.o(.text)
    OSTaskStkInit                            0x08000ae1   Thumb Code   154  os_cpu_c.o(.text)
    OSTaskSwHook                             0x08000b7b   Thumb Code     2  os_cpu_c.o(.text)
    OSTCBInitHook                            0x08000b7d   Thumb Code     2  os_cpu_c.o(.text)
    OS_StrCopy                               0x08000b81   Thumb Code    28  os_core.o(.text)
    OSEventNameGet                           0x08000b9d   Thumb Code   100  os_core.o(.text)
    OS_StrLen                                0x08000c01   Thumb Code    20  os_core.o(.text)
    OSEventNameSet                           0x08000c15   Thumb Code   120  os_core.o(.text)
    OS_TaskIdle                              0x08000c8d   Thumb Code    32  os_core.o(.text)
    OS_MemClr                                0x08000ce1   Thumb Code    18  os_core.o(.text)
    OSInit                                   0x08000dd9   Thumb Code    40  os_core.o(.text)
    OSIntEnter                               0x08000e01   Thumb Code    28  os_core.o(.text)
    OSIntExit                                0x08000e37   Thumb Code   112  os_core.o(.text)
    OSStart                                  0x08000ea7   Thumb Code    54  os_core.o(.text)
    OSTimeTick                               0x08000edd   Thumb Code   132  os_core.o(.text)
    OSVersion                                0x08000f61   Thumb Code     6  os_core.o(.text)
    OS_Dummy                                 0x08000f67   Thumb Code     2  os_core.o(.text)
    OS_EventTaskRemove                       0x08000f69   Thumb Code   144  os_core.o(.text)
    OS_EventTaskRdy                          0x08000ff9   Thumb Code   114  os_core.o(.text)
    OS_EventTaskWait                         0x0800106b   Thumb Code   112  os_core.o(.text)
    OS_EventWaitListInit                     0x080010db   Thumb Code    28  os_core.o(.text)
    OS_MemCopy                               0x080010f7   Thumb Code    20  os_core.o(.text)
    OS_Sched                                 0x0800110b   Thumb Code    86  os_core.o(.text)
    OS_TCBInit                               0x08001161   Thumb Code   258  os_core.o(.text)
    OSFlagAccept                             0x0800129d   Thumb Code   252  os_flag.o(.text)
    OSFlagCreate                             0x08001399   Thumb Code    92  os_flag.o(.text)
    OS_FlagUnlink                            0x080013f5   Thumb Code    36  os_flag.o(.text)
    OSFlagDel                                0x0800146b   Thumb Code   224  os_flag.o(.text)
    OSFlagNameGet                            0x0800154b   Thumb Code    82  os_flag.o(.text)
    OSFlagNameSet                            0x0800159d   Thumb Code   102  os_flag.o(.text)
    OSFlagPend                               0x0800169b   Thumb Code   616  os_flag.o(.text)
    OSFlagPendGetFlagsRdy                    0x08001903   Thumb Code    26  os_flag.o(.text)
    OSFlagPost                               0x0800191d   Thumb Code   312  os_flag.o(.text)
    OSFlagQuery                              0x08001a55   Thumb Code    48  os_flag.o(.text)
    OS_FlagInit                              0x08001a85   Thumb Code    68  os_flag.o(.text)
    OSMemCreate                              0x08001ad5   Thumb Code   114  os_mem.o(.text)
    OSMemGet                                 0x08001b47   Thumb Code    62  os_mem.o(.text)
    OSMemNameGet                             0x08001b85   Thumb Code    62  os_mem.o(.text)
    OSMemNameSet                             0x08001bc3   Thumb Code    84  os_mem.o(.text)
    OSMemPut                                 0x08001c17   Thumb Code    54  os_mem.o(.text)
    OSMemQuery                               0x08001c4d   Thumb Code    52  os_mem.o(.text)
    OS_MemInit                               0x08001c81   Thumb Code    68  os_mem.o(.text)
    OSSemAccept                              0x08001cd1   Thumb Code    44  os_sem.o(.text)
    OSSemCreate                              0x08001cfd   Thumb Code    78  os_sem.o(.text)
    OSSemDel                                 0x08001d4b   Thumb Code   220  os_sem.o(.text)
    OSSemPend                                0x08001e27   Thumb Code   228  os_sem.o(.text)
    OSSemPendAbort                           0x08001f0b   Thumb Code   128  os_sem.o(.text)
    OSSemPost                                0x08001f8b   Thumb Code    88  os_sem.o(.text)
    OSSemQuery                               0x08001fe3   Thumb Code    82  os_sem.o(.text)
    OSSemSet                                 0x08002035   Thumb Code    68  os_sem.o(.text)
    OSTaskChangePrio                         0x08002089   Thumb Code   308  os_task.o(.text)
    OSTaskCreate                             0x080021bd   Thumb Code   150  os_task.o(.text)
    OSTaskCreateExt                          0x08002253   Thumb Code   162  os_task.o(.text)
    OSTaskDel                                0x080022f5   Thumb Code   306  os_task.o(.text)
    OSTaskDelReq                             0x08002427   Thumb Code   142  os_task.o(.text)
    OSTaskNameGet                            0x080024b5   Thumb Code   116  os_task.o(.text)
    OSTaskNameSet                            0x08002529   Thumb Code   132  os_task.o(.text)
    OSTaskResume                             0x080025ad   Thumb Code   154  os_task.o(.text)
    OSTaskSuspend                            0x08002647   Thumb Code   152  os_task.o(.text)
    OSTaskQuery                              0x080026df   Thumb Code    82  os_task.o(.text)
    OSTimeDly                                0x08002749   Thumb Code    96  os_time.o(.text)
    __aeabi_uidiv                            0x080027b9   Thumb Code     0  uidiv.o(.text)
    __aeabi_uidivmod                         0x080027b9   Thumb Code    44  uidiv.o(.text)
    __scatterload                            0x080027e5   Thumb Code    28  init.o(.text)
    __scatterload_rt2                        0x080027e5   Thumb Code     0  init.o(.text)
    __0printf$1                              0x08002809   Thumb Code    22  printf1.o(i.__0printf$1)
    __1printf$1                              0x08002809   Thumb Code     0  printf1.o(i.__0printf$1)
    __2printf                                0x08002809   Thumb Code     0  printf1.o(i.__0printf$1)
    __I$use$semihosting$fputc                0x08002809   Thumb Code     0  iusesemip.o(.text)
    __semihosting_library_function           0x08002809   Thumb Code     0  semi.o(.text)
    __scatterload_copy                       0x08002829   Thumb Code    14  handlers.o(i.__scatterload_copy)
    __scatterload_null                       0x08002837   Thumb Code     2  handlers.o(i.__scatterload_null)
    __scatterload_zeroinit                   0x08002839   Thumb Code    14  handlers.o(i.__scatterload_zeroinit)
    fputc                                    0x0800299d   Thumb Code    18  fputc.o(i.fputc)
    OSUnMapTbl                               0x080029ae   Data         256  os_core.o(.constdata)
    Region$$Table$$Base                      0x08002ab0   Number         0  anon$$obj.o(Region$$Table)
    Region$$Table$$Limit                     0x08002ad0   Number         0  anon$$obj.o(Region$$Table)
    SystemCoreClock                          0x20000000   Data           4  system_stm32f10x.o(.data)
    AHBPrescTable                            0x20000004   Data          16  system_stm32f10x.o(.data)
    TaskData                                 0x20000014   Data           5  main.o(.data)
    OSCtxSwCtr                               0x20000030   Data           4  os_core.o(.data)
    OSEventFreeList                          0x20000034   Data           4  os_core.o(.data)
    OSFlagFreeList                           0x20000038   Data           4  os_core.o(.data)
    OSIntNesting                             0x2000003c   Data           1  os_core.o(.data)
    OSLockNesting                            0x2000003d   Data           1  os_core.o(.data)
    OSPrioCur                                0x2000003e   Data           1  os_core.o(.data)
    OSPrioHighRdy                            0x2000003f   Data           1  os_core.o(.data)
    OSRdyGrp                                 0x20000040   Data           1  os_core.o(.data)
    OSRdyTbl                                 0x20000041   Data           4  os_core.o(.data)
    OSRunning                                0x20000045   Data           1  os_core.o(.data)
    OSTaskCtr                                0x20000046   Data           1  os_core.o(.data)
    OSIdleCtr                                0x20000048   Data           4  os_core.o(.data)
    OSTCBCur                                 0x2000004c   Data           4  os_core.o(.data)
    OSTCBFreeList                            0x20000050   Data           4  os_core.o(.data)
    OSTCBHighRdy                             0x20000054   Data           4  os_core.o(.data)
    OSTCBList                                0x20000058   Data           4  os_core.o(.data)
    OSMemFreeList                            0x2000005c   Data           4  os_core.o(.data)
    __stdout                                 0x20000060   Data           4  stdout.o(.data)
    TASK_PHI_REPAST                          0x20000064   Data        1280  main.o(.bss)
    TASK_START_STK                           0x20000564   Data        1280  main.o(.bss)
    ChopStick                                0x20000a64   Data          20  main.o(.bss)
    OSEventTbl                               0x20000a78   Data         320  os_core.o(.bss)
    OSFlagTbl                                0x20000bb8   Data         140  os_core.o(.bss)
    OSTaskIdleStk                            0x20000c44   Data         512  os_core.o(.bss)
    OSTCBPrioTbl                             0x20000e44   Data         128  os_core.o(.bss)
    OSTCBTbl                                 0x20000ec4   Data        1764  os_core.o(.bss)
    OSMemTbl                                 0x200015a8   Data         180  os_core.o(.bss)
    __initial_sp                             0x20001a60   Data           0  startup_stm32f10x_md.o(STACK)



==============================================================================

Memory Map of the image

  Image Entry point : 0x080000ed

  Load Region LR_IROM1 (Base: 0x08000000, Size: 0x00002b34, Max: 0x00020000, ABSOLUTE)

    Execution Region ER_IROM1 (Exec base: 0x08000000, Load base: 0x08000000, Size: 0x00002ad0, Max: 0x00020000, ABSOLUTE)

    Exec Addr    Load Addr    Size         Type   Attr      Idx    E Section Name        Object

    0x08000000   0x08000000   0x000000ec   Data   RO           69    RESET               startup_stm32f10x_md.o
    0x080000ec   0x080000ec   0x00000000   Code   RO          425  * .ARM.Collect$$$$00000000  mc_w.l(entry.o)
    0x080000ec   0x080000ec   0x00000004   Code   RO          689    .ARM.Collect$$$$00000001  mc_w.l(entry2.o)
    0x080000f0   0x080000f0   0x00000004   Code   RO          692    .ARM.Collect$$$$00000004  mc_w.l(entry5.o)
    0x080000f4   0x080000f4   0x00000000   Code   RO          694    .ARM.Collect$$$$00000008  mc_w.l(entry7b.o)
    0x080000f4   0x080000f4   0x00000000   Code   RO          696    .ARM.Collect$$$$0000000A  mc_w.l(entry8b.o)
    0x080000f4   0x080000f4   0x00000008   Code   RO          697    .ARM.Collect$$$$0000000B  mc_w.l(entry9a.o)
    0x080000fc   0x080000fc   0x00000004   Code   RO          704    .ARM.Collect$$$$0000000E  mc_w.l(entry12b.o)
    0x08000100   0x08000100   0x00000000   Code   RO          699    .ARM.Collect$$$$0000000F  mc_w.l(entry10a.o)
    0x08000100   0x08000100   0x00000000   Code   RO          701    .ARM.Collect$$$$00000011  mc_w.l(entry11a.o)
    0x08000100   0x08000100   0x00000004   Code   RO          690    .ARM.Collect$$$$00002712  mc_w.l(entry2.o)
    0x08000104   0x08000104   0x000001e0   Code   RO            3    .text               system_stm32f10x.o
    0x080002e4   0x080002e4   0x00000024   Code   RO           70    .text               startup_stm32f10x_md.o
    0x08000308   0x08000308   0x000001c4   Code   RO           76    .text               main.o
    0x080004cc   0x080004cc   0x0000006c   Code   RO          127    .text               stm32f10x_it.o
    0x08000538   0x08000538   0x0000009a   Code   RO          148    .text               user_asm.o
    0x080005d2   0x080005d2   0x00000002   PAD
    0x080005d4   0x080005d4   0x000000ac   Code   RO          153    .text               user_c.o
    0x08000680   0x08000680   0x000003a4   Code   RO          227    .text               stm32f10x_rcc.o
    0x08000a24   0x08000a24   0x000000b0   Code   RO          290    .text               os_cpu_a.o
    0x08000ad4   0x08000ad4   0x000000aa   Code   RO          293    .text               os_cpu_c.o
    0x08000b7e   0x08000b7e   0x00000002   PAD
    0x08000b80   0x08000b80   0x0000071c   Code   RO          312    .text               os_core.o
    0x0800129c   0x0800129c   0x00000838   Code   RO          341    .text               os_flag.o
    0x08001ad4   0x08001ad4   0x000001fc   Code   RO          359    .text               os_mem.o
    0x08001cd0   0x08001cd0   0x000003b8   Code   RO          383    .text               os_sem.o
    0x08002088   0x08002088   0x000006c0   Code   RO          395    .text               os_task.o
    0x08002748   0x08002748   0x00000070   Code   RO          407    .text               os_time.o
    0x080027b8   0x080027b8   0x0000002c   Code   RO          708    .text               mc_w.l(uidiv.o)
    0x080027e4   0x080027e4   0x00000024   Code   RO          723    .text               mc_w.l(init.o)
    0x08002808   0x08002808   0x00000000   Code   RO          725    .text               mc_w.l(semi.o)
    0x08002808   0x08002808   0x00000000   Code   RO          732    .text               mc_w.l(iusesemip.o)
    0x08002808   0x08002808   0x00000020   Code   RO          473    i.__0printf$1       mc_w.l(printf1.o)
    0x08002828   0x08002828   0x0000000e   Code   RO          737    i.__scatterload_copy  mc_w.l(handlers.o)
    0x08002836   0x08002836   0x00000002   Code   RO          738    i.__scatterload_null  mc_w.l(handlers.o)
    0x08002838   0x08002838   0x0000000e   Code   RO          739    i.__scatterload_zeroinit  mc_w.l(handlers.o)
    0x08002846   0x08002846   0x00000002   PAD
    0x08002848   0x08002848   0x00000154   Code   RO          480    i._printf_core      mc_w.l(printf1.o)
    0x0800299c   0x0800299c   0x00000012   Code   RO          705    i.fputc             mc_w.l(fputc.o)
    0x080029ae   0x080029ae   0x00000100   Data   RO          314    .constdata          os_core.o
    0x08002aae   0x08002aae   0x00000002   PAD
    0x08002ab0   0x08002ab0   0x00000020   Data   RO          735    Region$$Table       anon$$obj.o


    Execution Region RW_IRAM1 (Exec base: 0x20000000, Load base: 0x08002ad0, Size: 0x00001a60, Max: 0x00005000, ABSOLUTE)

    Exec Addr    Load Addr    Size         Type   Attr      Idx    E Section Name        Object

    0x20000000   0x08002ad0   0x00000014   Data   RW            4    .data               system_stm32f10x.o
    0x20000014   0x08002ae4   0x00000005   Data   RW           78    .data               main.o
    0x20000019   0x08002ae9   0x00000014   Data   RW          228    .data               stm32f10x_rcc.o
    0x2000002d   0x08002afd   0x00000003   PAD
    0x20000030   0x08002b00   0x00000030   Data   RW          315    .data               os_core.o
    0x20000060   0x08002b30   0x00000004   Data   RW          707    .data               mc_w.l(stdout.o)
    0x20000064        -       0x00000a14   Zero   RW           77    .bss                main.o
    0x20000a78        -       0x00000be4   Zero   RW          313    .bss                os_core.o
    0x2000165c   0x08002b34   0x00000004   PAD
    0x20001660        -       0x00000400   Zero   RW           67    STACK               startup_stm32f10x_md.o


==============================================================================

Image component sizes


      Code (inc. data)   RO Data    RW Data    ZI Data      Debug   Object Name

       452        206          0          5       2580      11121   main.o
      1820        160        256         48       3044      15633   os_core.o
       176         32          0          0          0        328   os_cpu_a.o
       170          0          0          0          0      11226   os_cpu_c.o
      2104         38          0          0          0       7152   os_flag.o
       508         12          0          0          0       3304   os_mem.o
       952         16          0          0          0       4070   os_sem.o
      1728         66          0          0          0       6174   os_task.o
       112         16          0          0          0        620   os_time.o
        36          8        236          0       1024        772   startup_stm32f10x_md.o
       108         54          0          0          0       1335   stm32f10x_it.o
       932         36          0         20          0       8812   stm32f10x_rcc.o
       480         38          0         20          0     216759   system_stm32f10x.o
       154          0          0          0          0        276   user_asm.o
       172          8          0          0          0      23155   user_c.o

    ----------------------------------------------------------------------
      9908        690        526         96       6652     310737   Object Totals
         0          0         32          0          0          0   (incl. Generated)
         4          0          2          3          4          0   (incl. Padding)

    ----------------------------------------------------------------------

      Code (inc. data)   RO Data    RW Data    ZI Data      Debug   Library Member Name

         0          0          0          0          0          0   entry.o
         0          0          0          0          0          0   entry10a.o
         0          0          0          0          0          0   entry11a.o
         4          0          0          0          0          0   entry12b.o
         8          4          0          0          0          0   entry2.o
         4          0          0          0          0          0   entry5.o
         0          0          0          0          0          0   entry7b.o
         0          0          0          0          0          0   entry8b.o
         8          4          0          0          0          0   entry9a.o
        18          0          0          0          0         80   fputc.o
        30          0          0          0          0          0   handlers.o
        36          8          0          0          0         68   init.o
         0          0          0          0          0          0   iusesemip.o
       372         14          0          0          0        184   printf1.o
         0          0          0          0          0          0   semi.o
         0          0          0          4          0          0   stdout.o
        44          0          0          0          0         80   uidiv.o

    ----------------------------------------------------------------------
       526         30          0          4          0        412   Library Totals
         2          0          0          0          0          0   (incl. Padding)

    ----------------------------------------------------------------------

      Code (inc. data)   RO Data    RW Data    ZI Data      Debug   Library Name

       524         30          0          4          0        412   mc_w.l

    ----------------------------------------------------------------------
       526         30          0          4          0        412   Library Totals

    ----------------------------------------------------------------------

==============================================================================


      Code (inc. data)   RO Data    RW Data    ZI Data      Debug   

     10434        720        526        100       6652     310209   Grand Totals
     10434        720        526        100       6652     310209   ELF Image Totals
     10434        720        526        100          0          0   ROM Totals

==============================================================================

    Total RO  Size (Code + RO Data)                10960 (  10.70kB)
    Total RW  Size (RW Data + ZI Data)              6752 (   6.59kB)
    Total ROM Size (Code + RO Data + RW Data)      11060 (  10.80kB)

==============================================================================

