Component: ARM Compiler 5.06 update 7 (build 960) Tool: armlink [4d3601]

==============================================================================

Section Cross References

    system_stm32f10x.o(.text) refers to system_stm32f10x.o(.data) for SystemCoreClock
    startup_stm32f10x_md.o(RESET) refers to startup_stm32f10x_md.o(STACK) for __initial_sp
    startup_stm32f10x_md.o(RESET) refers to startup_stm32f10x_md.o(.text) for Reset_Handler
    startup_stm32f10x_md.o(RESET) refers to stm32f10x_it.o(.text) for NMI_Handler
    startup_stm32f10x_md.o(RESET) refers to user_asm.o(.text) for SVC_Handler
    startup_stm32f10x_md.o(RESET) refers to os_cpu_a.o(.text) for OS_CPU_PendSVHandler
    startup_stm32f10x_md.o(.text) refers to system_stm32f10x.o(.text) for SystemInit
    startup_stm32f10x_md.o(.text) refers to entry.o(.ARM.Collect$$$$00000000) for __main
    main.o(.text) refers to user_asm.o(.text) for ASM_Switch_To_Unprivileged
    stm32f10x_it.o(.text) refers to main.o(.text) for print_str
    stm32f10x_it.o(.text) refers to os_core.o(.text) for OSIntEnter
    user_asm.o(.text) refers to stm32f10x_it.o(.text) for SVC_Handler_Main
    stm32f10x_rcc.o(.text) refers to stm32f10x_rcc.o(.data) for APBAHBPrescTable
    stm32f10x_gpio.o(.text) refers to stm32f10x_rcc.o(.text) for RCC_APB2PeriphResetCmd
    os_cpu_a.o(.text) refers to os_core.o(.data) for OSRunning
    os_cpu_a.o(.text) refers to os_cpu_c.o(.text) for OSTaskSwHook
    os_core.o(.text) refers to os_cpu_a.o(.text) for OS_CPU_SR_Save
    os_core.o(.text) refers to os_time.o(.text) for OSTimeDly
    os_core.o(.text) refers to os_task.o(.text) for OSTaskSuspend
    os_core.o(.text) refers to os_cpu_c.o(.text) for OSTaskStatHook
    os_core.o(.text) refers to os_flag.o(.text) for OS_FlagInit
    os_core.o(.text) refers to os_mem.o(.text) for OS_MemInit
    os_core.o(.text) refers to os_core.o(.data) for OSIntNesting
    os_core.o(.text) refers to os_core.o(.bss) for OSTaskStatStk
    os_core.o(.text) refers to os_core.o(.constdata) for OSUnMapTbl
    os_flag.o(.text) refers to os_cpu_a.o(.text) for OS_CPU_SR_Save
    os_flag.o(.text) refers to os_core.o(.text) for OS_Sched
    os_flag.o(.text) refers to os_core.o(.data) for OSIntNesting
    os_flag.o(.text) refers to os_core.o(.bss) for OSFlagTbl
    os_mem.o(.text) refers to os_cpu_a.o(.text) for OS_CPU_SR_Save
    os_mem.o(.text) refers to os_core.o(.text) for OS_StrCopy
    os_mem.o(.text) refers to os_core.o(.data) for OSMemFreeList
    os_mem.o(.text) refers to os_core.o(.bss) for OSMemTbl
    os_sem.o(.text) refers to os_cpu_a.o(.text) for OS_CPU_SR_Save
    os_sem.o(.text) refers to os_core.o(.text) for OS_EventWaitListInit
    os_sem.o(.text) refers to os_core.o(.data) for OSIntNesting
    os_task.o(.text) refers to os_cpu_a.o(.text) for OS_CPU_SR_Save
    os_task.o(.text) refers to os_core.o(.text) for OS_Sched
    os_task.o(.text) refers to os_cpu_c.o(.text) for OSTaskStkInit
    os_task.o(.text) refers to os_flag.o(.text) for OS_FlagUnlink
    os_task.o(.text) refers to os_core.o(.bss) for OSTCBPrioTbl
    os_task.o(.text) refers to os_core.o(.data) for OSTCBCur
    os_time.o(.text) refers to os_cpu_a.o(.text) for OS_CPU_SR_Save
    os_time.o(.text) refers to os_core.o(.data) for OSIntNesting
    entry.o(.ARM.Collect$$$$00000000) refers (Special) to entry10a.o(.ARM.Collect$$$$0000000F) for __rt_final_cpp
    entry.o(.ARM.Collect$$$$00000000) refers (Special) to entry11a.o(.ARM.Collect$$$$00000011) for __rt_final_exit
    entry.o(.ARM.Collect$$$$00000000) refers (Special) to entry12b.o(.ARM.Collect$$$$0000000E) for __rt_lib_shutdown_fini
    entry.o(.ARM.Collect$$$$00000000) refers (Special) to entry7b.o(.ARM.Collect$$$$00000008) for _main_clock
    entry.o(.ARM.Collect$$$$00000000) refers (Special) to entry8b.o(.ARM.Collect$$$$0000000A) for _main_cpp_init
    entry.o(.ARM.Collect$$$$00000000) refers (Special) to entry9a.o(.ARM.Collect$$$$0000000B) for _main_init
    entry.o(.ARM.Collect$$$$00000000) refers (Special) to entry5.o(.ARM.Collect$$$$00000004) for _main_scatterload
    entry.o(.ARM.Collect$$$$00000000) refers (Special) to entry2.o(.ARM.Collect$$$$00000001) for _main_stk
    entry2.o(.ARM.Collect$$$$00000001) refers to entry2.o(.ARM.Collect$$$$00002712) for __lit__00000000
    entry2.o(.ARM.Collect$$$$00002712) refers to startup_stm32f10x_md.o(STACK) for __initial_sp
    entry2.o(__vectab_stack_and_reset_area) refers to startup_stm32f10x_md.o(STACK) for __initial_sp
    entry2.o(__vectab_stack_and_reset_area) refers to entry.o(.ARM.Collect$$$$00000000) for __main
    entry5.o(.ARM.Collect$$$$00000004) refers to init.o(.text) for __scatterload
    entry9a.o(.ARM.Collect$$$$0000000B) refers to main.o(.text) for main
    entry9b.o(.ARM.Collect$$$$0000000C) refers to main.o(.text) for main
    init.o(.text) refers to entry5.o(.ARM.Collect$$$$00000004) for __main_after_scatterload


==============================================================================

Removing Unused input sections from the image.

    Removing system_stm32f10x.o(.rev16_text), (4 bytes).
    Removing system_stm32f10x.o(.revsh_text), (4 bytes).
    Removing startup_stm32f10x_md.o(HEAP), (512 bytes).
    Removing main.o(.rev16_text), (4 bytes).
    Removing main.o(.revsh_text), (4 bytes).
    Removing stm32f10x_it.o(.rev16_text), (4 bytes).
    Removing stm32f10x_it.o(.revsh_text), (4 bytes).
    Removing misc.o(.rev16_text), (4 bytes).
    Removing misc.o(.revsh_text), (4 bytes).
    Removing misc.o(.text), (220 bytes).
    Removing stm32f10x_flash.o(.rev16_text), (4 bytes).
    Removing stm32f10x_flash.o(.revsh_text), (4 bytes).
    Removing stm32f10x_flash.o(.text), (1468 bytes).
    Removing stm32f10x_rcc.o(.rev16_text), (4 bytes).
    Removing stm32f10x_rcc.o(.revsh_text), (4 bytes).
    Removing stm32f10x_rcc.o(.text), (932 bytes).
    Removing stm32f10x_rcc.o(.data), (20 bytes).
    Removing stm32f10x_gpio.o(.rev16_text), (4 bytes).
    Removing stm32f10x_gpio.o(.revsh_text), (4 bytes).
    Removing stm32f10x_gpio.o(.text), (860 bytes).
    Removing stm32f10x_exti.o(.rev16_text), (4 bytes).
    Removing stm32f10x_exti.o(.revsh_text), (4 bytes).
    Removing stm32f10x_exti.o(.text), (284 bytes).
    Removing os_dbg.o(.constdata), (2 bytes).
    Removing os_sem.o(.text), (952 bytes).

25 unused section(s) (total 5314 bytes) removed from the image.

==============================================================================

Image Symbol Table

    Local Symbols

    Symbol Name                              Value     Ov Type        Size  Object(Section)

    ../clib/microlib/init/entry.s            0x00000000   Number         0  entry2.o ABSOLUTE
    ../clib/microlib/init/entry.s            0x00000000   Number         0  entry.o ABSOLUTE
    ../clib/microlib/init/entry.s            0x00000000   Number         0  entry12b.o ABSOLUTE
    ../clib/microlib/init/entry.s            0x00000000   Number         0  entry12a.o ABSOLUTE
    ../clib/microlib/init/entry.s            0x00000000   Number         0  entry11b.o ABSOLUTE
    ../clib/microlib/init/entry.s            0x00000000   Number         0  entry11a.o ABSOLUTE
    ../clib/microlib/init/entry.s            0x00000000   Number         0  entry10b.o ABSOLUTE
    ../clib/microlib/init/entry.s            0x00000000   Number         0  entry10a.o ABSOLUTE
    ../clib/microlib/init/entry.s            0x00000000   Number         0  entry9b.o ABSOLUTE
    ../clib/microlib/init/entry.s            0x00000000   Number         0  entry9a.o ABSOLUTE
    ../clib/microlib/init/entry.s            0x00000000   Number         0  entry8b.o ABSOLUTE
    ../clib/microlib/init/entry.s            0x00000000   Number         0  entry8a.o ABSOLUTE
    ../clib/microlib/init/entry.s            0x00000000   Number         0  entry7b.o ABSOLUTE
    ../clib/microlib/init/entry.s            0x00000000   Number         0  entry7a.o ABSOLUTE
    ../clib/microlib/init/entry.s            0x00000000   Number         0  entry5.o ABSOLUTE
    dc.s                                     0x00000000   Number         0  dc.o ABSOLUTE
    handlers.s                               0x00000000   Number         0  handlers.o ABSOLUTE
    init.s                                   0x00000000   Number         0  init.o ABSOLUTE
    main.c                                   0x00000000   Number         0  main.o ABSOLUTE
    main.c                                   0x00000000   Number         0  main.o ABSOLUTE
    src\\misc.c                              0x00000000   Number         0  misc.o ABSOLUTE
    src\\stm32f10x_exti.c                    0x00000000   Number         0  stm32f10x_exti.o ABSOLUTE
    src\\stm32f10x_flash.c                   0x00000000   Number         0  stm32f10x_flash.o ABSOLUTE
    src\\stm32f10x_gpio.c                    0x00000000   Number         0  stm32f10x_gpio.o ABSOLUTE
    src\\stm32f10x_it.c                      0x00000000   Number         0  stm32f10x_it.o ABSOLUTE
    src\\stm32f10x_rcc.c                     0x00000000   Number         0  stm32f10x_rcc.o ABSOLUTE
    src\\system_stm32f10x.c                  0x00000000   Number         0  system_stm32f10x.o ABSOLUTE
    src\misc.c                               0x00000000   Number         0  misc.o ABSOLUTE
    src\stm32f10x_exti.c                     0x00000000   Number         0  stm32f10x_exti.o ABSOLUTE
    src\stm32f10x_flash.c                    0x00000000   Number         0  stm32f10x_flash.o ABSOLUTE
    src\stm32f10x_gpio.c                     0x00000000   Number         0  stm32f10x_gpio.o ABSOLUTE
    src\stm32f10x_it.c                       0x00000000   Number         0  stm32f10x_it.o ABSOLUTE
    src\stm32f10x_rcc.c                      0x00000000   Number         0  stm32f10x_rcc.o ABSOLUTE
    src\system_stm32f10x.c                   0x00000000   Number         0  system_stm32f10x.o ABSOLUTE
    src\ucos_ii\port\os_cpu_a.asm            0x00000000   Number         0  os_cpu_a.o ABSOLUTE
    src\ucos_ii\port\os_cpu_c.c              0x00000000   Number         0  os_cpu_c.o ABSOLUTE
    src\ucos_ii\port\os_dbg.c                0x00000000   Number         0  os_dbg.o ABSOLUTE
    src\ucos_ii\src\os_core.c                0x00000000   Number         0  os_core.o ABSOLUTE
    src\ucos_ii\src\os_flag.c                0x00000000   Number         0  os_flag.o ABSOLUTE
    src\ucos_ii\src\os_mbox.c                0x00000000   Number         0  os_mbox.o ABSOLUTE
    src\ucos_ii\src\os_mem.c                 0x00000000   Number         0  os_mem.o ABSOLUTE
    src\ucos_ii\src\os_mutex.c               0x00000000   Number         0  os_mutex.o ABSOLUTE
    src\ucos_ii\src\os_q.c                   0x00000000   Number         0  os_q.o ABSOLUTE
    src\ucos_ii\src\os_sem.c                 0x00000000   Number         0  os_sem.o ABSOLUTE
    src\ucos_ii\src\os_task.c                0x00000000   Number         0  os_task.o ABSOLUTE
    src\ucos_ii\src\os_time.c                0x00000000   Number         0  os_time.o ABSOLUTE
    src\ucos_ii\src\os_tmr.c                 0x00000000   Number         0  os_tmr.o ABSOLUTE
    startup_stm32f10x_md.s                   0x00000000   Number         0  startup_stm32f10x_md.o ABSOLUTE
    user_asm.s                               0x00000000   Number         0  user_asm.o ABSOLUTE
    RESET                                    0x08000000   Section      236  startup_stm32f10x_md.o(RESET)
    .ARM.Collect$$$$00000000                 0x080000ec   Section        0  entry.o(.ARM.Collect$$$$00000000)
    .ARM.Collect$$$$00000001                 0x080000ec   Section        4  entry2.o(.ARM.Collect$$$$00000001)
    .ARM.Collect$$$$00000004                 0x080000f0   Section        4  entry5.o(.ARM.Collect$$$$00000004)
    .ARM.Collect$$$$00000008                 0x080000f4   Section        0  entry7b.o(.ARM.Collect$$$$00000008)
    .ARM.Collect$$$$0000000A                 0x080000f4   Section        0  entry8b.o(.ARM.Collect$$$$0000000A)
    .ARM.Collect$$$$0000000B                 0x080000f4   Section        8  entry9a.o(.ARM.Collect$$$$0000000B)
    .ARM.Collect$$$$0000000E                 0x080000fc   Section        4  entry12b.o(.ARM.Collect$$$$0000000E)
    .ARM.Collect$$$$0000000F                 0x08000100   Section        0  entry10a.o(.ARM.Collect$$$$0000000F)
    .ARM.Collect$$$$00000011                 0x08000100   Section        0  entry11a.o(.ARM.Collect$$$$00000011)
    .ARM.Collect$$$$00002712                 0x08000100   Section        4  entry2.o(.ARM.Collect$$$$00002712)
    __lit__00000000                          0x08000100   Data           4  entry2.o(.ARM.Collect$$$$00002712)
    .text                                    0x08000104   Section        0  system_stm32f10x.o(.text)
    SetSysClockTo72                          0x08000105   Thumb Code   214  system_stm32f10x.o(.text)
    SetSysClock                              0x080001db   Thumb Code     8  system_stm32f10x.o(.text)
    .text                                    0x080002e4   Section       36  startup_stm32f10x_md.o(.text)
    .text                                    0x08000308   Section        0  main.o(.text)
    .text                                    0x0800037c   Section        0  stm32f10x_it.o(.text)
    .text                                    0x080003f4   Section       50  user_asm.o(.text)
    .text                                    0x08000428   Section      172  os_cpu_a.o(.text)
    .text                                    0x080004d4   Section        0  os_cpu_c.o(.text)
    .text                                    0x08000580   Section        0  os_core.o(.text)
    OS_InitTaskStat                          0x080006fb   Thumb Code    52  os_core.o(.text)
    OS_InitTaskIdle                          0x0800074f   Thumb Code    52  os_core.o(.text)
    OS_InitEventList                         0x08000795   Thumb Code    70  os_core.o(.text)
    OS_InitTCBList                           0x080007db   Thumb Code    86  os_core.o(.text)
    OS_InitRdyList                           0x08000831   Thumb Code    46  os_core.o(.text)
    OS_InitMisc                              0x0800085f   Thumb Code    40  os_core.o(.text)
    OS_SchedNew                              0x080008cf   Thumb Code    26  os_core.o(.text)
    .text                                    0x08000dbc   Section        0  os_flag.o(.text)
    OS_FlagTaskRdy                           0x08000f39   Thumb Code    82  os_flag.o(.text)
    OS_FlagBlock                             0x08001123   Thumb Code   152  os_flag.o(.text)
    .text                                    0x080015f4   Section        0  os_mem.o(.text)
    .text                                    0x080017f0   Section        0  os_task.o(.text)
    .text                                    0x08001eb0   Section        0  os_time.o(.text)
    .text                                    0x08001f20   Section       36  init.o(.text)
    i.__scatterload_copy                     0x08001f44   Section       14  handlers.o(i.__scatterload_copy)
    i.__scatterload_null                     0x08001f52   Section        2  handlers.o(i.__scatterload_null)
    i.__scatterload_zeroinit                 0x08001f54   Section       14  handlers.o(i.__scatterload_zeroinit)
    .constdata                               0x08001f62   Section      256  os_core.o(.constdata)
    .data                                    0x20000000   Section       20  system_stm32f10x.o(.data)
    .data                                    0x20000014   Section       60  os_core.o(.data)
    .bss                                     0x20000050   Section     3640  os_core.o(.bss)
    STACK                                    0x20000e88   Section     1024  startup_stm32f10x_md.o(STACK)

    Global Symbols

    Symbol Name                              Value     Ov Type        Size  Object(Section)

    BuildAttributes$$THM_ISAv4$P$D$K$B$S$PE$A:L22UL41UL21$X:L11$S22US41US21$IEEE1$IW$USESV6$~STKCKD$USESV7$~SHL$OSPACE$EBA8$MICROLIB$REQ8$PRES8$EABIv2 0x00000000   Number         0  anon$$obj.o ABSOLUTE
    __ARM_use_no_argv                        0x00000000   Number         0  main.o ABSOLUTE
    __arm_fini_                               - Undefined Weak Reference
    __cpp_initialize__aeabi_                  - Undefined Weak Reference
    __cxa_finalize                            - Undefined Weak Reference
    __decompress                              - Undefined Weak Reference
    _clock_init                               - Undefined Weak Reference
    _microlib_exit                            - Undefined Weak Reference
    __Vectors_Size                           0x000000ec   Number         0  startup_stm32f10x_md.o ABSOLUTE
    __Vectors                                0x08000000   Data           4  startup_stm32f10x_md.o(RESET)
    __Vectors_End                            0x080000ec   Data           0  startup_stm32f10x_md.o(RESET)
    __main                                   0x080000ed   Thumb Code     0  entry.o(.ARM.Collect$$$$00000000)
    _main_stk                                0x080000ed   Thumb Code     0  entry2.o(.ARM.Collect$$$$00000001)
    _main_scatterload                        0x080000f1   Thumb Code     0  entry5.o(.ARM.Collect$$$$00000004)
    __main_after_scatterload                 0x080000f5   Thumb Code     0  entry5.o(.ARM.Collect$$$$00000004)
    _main_clock                              0x080000f5   Thumb Code     0  entry7b.o(.ARM.Collect$$$$00000008)
    _main_cpp_init                           0x080000f5   Thumb Code     0  entry8b.o(.ARM.Collect$$$$0000000A)
    _main_init                               0x080000f5   Thumb Code     0  entry9a.o(.ARM.Collect$$$$0000000B)
    __rt_lib_shutdown_fini                   0x080000fd   Thumb Code     0  entry12b.o(.ARM.Collect$$$$0000000E)
    __rt_final_cpp                           0x08000101   Thumb Code     0  entry10a.o(.ARM.Collect$$$$0000000F)
    __rt_final_exit                          0x08000101   Thumb Code     0  entry11a.o(.ARM.Collect$$$$00000011)
    SystemInit                               0x080001e3   Thumb Code    78  system_stm32f10x.o(.text)
    SystemCoreClockUpdate                    0x08000231   Thumb Code   142  system_stm32f10x.o(.text)
    Reset_Handler                            0x080002e5   Thumb Code     8  startup_stm32f10x_md.o(.text)
    ADC1_2_IRQHandler                        0x080002ff   Thumb Code     0  startup_stm32f10x_md.o(.text)
    CAN1_RX1_IRQHandler                      0x080002ff   Thumb Code     0  startup_stm32f10x_md.o(.text)
    CAN1_SCE_IRQHandler                      0x080002ff   Thumb Code     0  startup_stm32f10x_md.o(.text)
    DMA1_Channel1_IRQHandler                 0x080002ff   Thumb Code     0  startup_stm32f10x_md.o(.text)
    DMA1_Channel2_IRQHandler                 0x080002ff   Thumb Code     0  startup_stm32f10x_md.o(.text)
    DMA1_Channel3_IRQHandler                 0x080002ff   Thumb Code     0  startup_stm32f10x_md.o(.text)
    DMA1_Channel4_IRQHandler                 0x080002ff   Thumb Code     0  startup_stm32f10x_md.o(.text)
    DMA1_Channel5_IRQHandler                 0x080002ff   Thumb Code     0  startup_stm32f10x_md.o(.text)
    DMA1_Channel6_IRQHandler                 0x080002ff   Thumb Code     0  startup_stm32f10x_md.o(.text)
    DMA1_Channel7_IRQHandler                 0x080002ff   Thumb Code     0  startup_stm32f10x_md.o(.text)
    EXTI15_10_IRQHandler                     0x080002ff   Thumb Code     0  startup_stm32f10x_md.o(.text)
    EXTI1_IRQHandler                         0x080002ff   Thumb Code     0  startup_stm32f10x_md.o(.text)
    EXTI2_IRQHandler                         0x080002ff   Thumb Code     0  startup_stm32f10x_md.o(.text)
    EXTI3_IRQHandler                         0x080002ff   Thumb Code     0  startup_stm32f10x_md.o(.text)
    EXTI4_IRQHandler                         0x080002ff   Thumb Code     0  startup_stm32f10x_md.o(.text)
    EXTI9_5_IRQHandler                       0x080002ff   Thumb Code     0  startup_stm32f10x_md.o(.text)
    FLASH_IRQHandler                         0x080002ff   Thumb Code     0  startup_stm32f10x_md.o(.text)
    I2C1_ER_IRQHandler                       0x080002ff   Thumb Code     0  startup_stm32f10x_md.o(.text)
    I2C1_EV_IRQHandler                       0x080002ff   Thumb Code     0  startup_stm32f10x_md.o(.text)
    I2C2_ER_IRQHandler                       0x080002ff   Thumb Code     0  startup_stm32f10x_md.o(.text)
    I2C2_EV_IRQHandler                       0x080002ff   Thumb Code     0  startup_stm32f10x_md.o(.text)
    PVD_IRQHandler                           0x080002ff   Thumb Code     0  startup_stm32f10x_md.o(.text)
    RCC_IRQHandler                           0x080002ff   Thumb Code     0  startup_stm32f10x_md.o(.text)
    RTCAlarm_IRQHandler                      0x080002ff   Thumb Code     0  startup_stm32f10x_md.o(.text)
    RTC_IRQHandler                           0x080002ff   Thumb Code     0  startup_stm32f10x_md.o(.text)
    SPI1_IRQHandler                          0x080002ff   Thumb Code     0  startup_stm32f10x_md.o(.text)
    SPI2_IRQHandler                          0x080002ff   Thumb Code     0  startup_stm32f10x_md.o(.text)
    TAMPER_IRQHandler                        0x080002ff   Thumb Code     0  startup_stm32f10x_md.o(.text)
    TIM1_BRK_IRQHandler                      0x080002ff   Thumb Code     0  startup_stm32f10x_md.o(.text)
    TIM1_CC_IRQHandler                       0x080002ff   Thumb Code     0  startup_stm32f10x_md.o(.text)
    TIM1_TRG_COM_IRQHandler                  0x080002ff   Thumb Code     0  startup_stm32f10x_md.o(.text)
    TIM1_UP_IRQHandler                       0x080002ff   Thumb Code     0  startup_stm32f10x_md.o(.text)
    TIM2_IRQHandler                          0x080002ff   Thumb Code     0  startup_stm32f10x_md.o(.text)
    TIM3_IRQHandler                          0x080002ff   Thumb Code     0  startup_stm32f10x_md.o(.text)
    TIM4_IRQHandler                          0x080002ff   Thumb Code     0  startup_stm32f10x_md.o(.text)
    USART1_IRQHandler                        0x080002ff   Thumb Code     0  startup_stm32f10x_md.o(.text)
    USART2_IRQHandler                        0x080002ff   Thumb Code     0  startup_stm32f10x_md.o(.text)
    USART3_IRQHandler                        0x080002ff   Thumb Code     0  startup_stm32f10x_md.o(.text)
    USBWakeUp_IRQHandler                     0x080002ff   Thumb Code     0  startup_stm32f10x_md.o(.text)
    USB_HP_CAN1_TX_IRQHandler                0x080002ff   Thumb Code     0  startup_stm32f10x_md.o(.text)
    USB_LP_CAN1_RX0_IRQHandler               0x080002ff   Thumb Code     0  startup_stm32f10x_md.o(.text)
    WWDG_IRQHandler                          0x080002ff   Thumb Code     0  startup_stm32f10x_md.o(.text)
    fputcp                                   0x08000309   Thumb Code    40  main.o(.text)
    print_str                                0x08000331   Thumb Code    32  main.o(.text)
    syscall_print_str                        0x08000351   Thumb Code    10  main.o(.text)
    main                                     0x0800035b   Thumb Code    14  main.o(.text)
    NMI_Handler                              0x0800037d   Thumb Code     2  stm32f10x_it.o(.text)
    HardFault_Handler                        0x0800037f   Thumb Code    10  stm32f10x_it.o(.text)
    EXTI0_IRQHandler                         0x08000389   Thumb Code    10  stm32f10x_it.o(.text)
    MemManage_Handler                        0x08000393   Thumb Code     4  stm32f10x_it.o(.text)
    BusFault_Handler                         0x08000397   Thumb Code     4  stm32f10x_it.o(.text)
    UsageFault_Handler                       0x0800039b   Thumb Code     4  stm32f10x_it.o(.text)
    SVC_Handler_Main                         0x0800039f   Thumb Code    12  stm32f10x_it.o(.text)
    DebugMon_Handler                         0x080003ab   Thumb Code     2  stm32f10x_it.o(.text)
    PendSV_Handler                           0x080003ad   Thumb Code     2  stm32f10x_it.o(.text)
    SysTick_Handler                          0x080003af   Thumb Code    16  stm32f10x_it.o(.text)
    SVC_Handler                              0x080003f5   Thumb Code     0  user_asm.o(.text)
    ASM_Switch_To_Unprivileged               0x08000419   Thumb Code     0  user_asm.o(.text)
    OS_CPU_SR_Save                           0x08000429   Thumb Code     0  os_cpu_a.o(.text)
    OS_CPU_SR_Restore                        0x08000431   Thumb Code     0  os_cpu_a.o(.text)
    OSStartHighRdy                           0x08000437   Thumb Code     0  os_cpu_a.o(.text)
    OSCtxSw                                  0x0800045b   Thumb Code     0  os_cpu_a.o(.text)
    OSIntCtxSw                               0x08000469   Thumb Code     0  os_cpu_a.o(.text)
    OS_CPU_PendSVHandler                     0x08000473   Thumb Code     0  os_cpu_a.o(.text)
    OSInitHookBegin                          0x080004d5   Thumb Code     2  os_cpu_c.o(.text)
    OSInitHookEnd                            0x080004d7   Thumb Code     2  os_cpu_c.o(.text)
    OSTaskCreateHook                         0x080004d9   Thumb Code     2  os_cpu_c.o(.text)
    OSTaskDelHook                            0x080004db   Thumb Code     2  os_cpu_c.o(.text)
    OSTaskIdleHook                           0x080004dd   Thumb Code     2  os_cpu_c.o(.text)
    OSTaskStatHook                           0x080004df   Thumb Code     2  os_cpu_c.o(.text)
    OSTaskStkInit                            0x080004e1   Thumb Code   154  os_cpu_c.o(.text)
    OSTaskSwHook                             0x0800057b   Thumb Code     2  os_cpu_c.o(.text)
    OSTCBInitHook                            0x0800057d   Thumb Code     2  os_cpu_c.o(.text)
    OS_StrCopy                               0x08000581   Thumb Code    28  os_core.o(.text)
    OSEventNameGet                           0x0800059d   Thumb Code   100  os_core.o(.text)
    OS_StrLen                                0x08000601   Thumb Code    20  os_core.o(.text)
    OSEventNameSet                           0x08000615   Thumb Code   120  os_core.o(.text)
    OS_TaskStat                              0x0800068d   Thumb Code   110  os_core.o(.text)
    OS_TaskIdle                              0x0800072f   Thumb Code    32  os_core.o(.text)
    OS_MemClr                                0x08000783   Thumb Code    18  os_core.o(.text)
    OSInit                                   0x08000887   Thumb Code    44  os_core.o(.text)
    OSIntEnter                               0x080008b3   Thumb Code    28  os_core.o(.text)
    OSIntExit                                0x080008e9   Thumb Code   112  os_core.o(.text)
    OSStart                                  0x08000959   Thumb Code   188  os_core.o(.text)
    OSStatInit                               0x08000a15   Thumb Code    62  os_core.o(.text)
    OSTimeTick                               0x08000a53   Thumb Code   132  os_core.o(.text)
    OSVersion                                0x08000ad7   Thumb Code     6  os_core.o(.text)
    OS_Dummy                                 0x08000add   Thumb Code     2  os_core.o(.text)
    OS_EventTaskRemove                       0x08000adf   Thumb Code    42  os_core.o(.text)
    OS_EventTaskRdy                          0x08000b09   Thumb Code   114  os_core.o(.text)
    OS_EventTaskWait                         0x08000b7b   Thumb Code   112  os_core.o(.text)
    OS_EventWaitListInit                     0x08000beb   Thumb Code    28  os_core.o(.text)
    OS_MemCopy                               0x08000c07   Thumb Code    20  os_core.o(.text)
    OS_Sched                                 0x08000c1b   Thumb Code    86  os_core.o(.text)
    OS_TCBInit                               0x08000c71   Thumb Code   258  os_core.o(.text)
    OSFlagAccept                             0x08000dbd   Thumb Code   252  os_flag.o(.text)
    OSFlagCreate                             0x08000eb9   Thumb Code    92  os_flag.o(.text)
    OS_FlagUnlink                            0x08000f15   Thumb Code    36  os_flag.o(.text)
    OSFlagDel                                0x08000f8b   Thumb Code   224  os_flag.o(.text)
    OSFlagNameGet                            0x0800106b   Thumb Code    82  os_flag.o(.text)
    OSFlagNameSet                            0x080010bd   Thumb Code   102  os_flag.o(.text)
    OSFlagPend                               0x080011bb   Thumb Code   616  os_flag.o(.text)
    OSFlagPendGetFlagsRdy                    0x08001423   Thumb Code    26  os_flag.o(.text)
    OSFlagPost                               0x0800143d   Thumb Code   312  os_flag.o(.text)
    OSFlagQuery                              0x08001575   Thumb Code    48  os_flag.o(.text)
    OS_FlagInit                              0x080015a5   Thumb Code    68  os_flag.o(.text)
    OSMemCreate                              0x080015f5   Thumb Code   114  os_mem.o(.text)
    OSMemGet                                 0x08001667   Thumb Code    62  os_mem.o(.text)
    OSMemNameGet                             0x080016a5   Thumb Code    62  os_mem.o(.text)
    OSMemNameSet                             0x080016e3   Thumb Code    84  os_mem.o(.text)
    OSMemPut                                 0x08001737   Thumb Code    54  os_mem.o(.text)
    OSMemQuery                               0x0800176d   Thumb Code    52  os_mem.o(.text)
    OS_MemInit                               0x080017a1   Thumb Code    68  os_mem.o(.text)
    OSTaskChangePrio                         0x080017f1   Thumb Code   308  os_task.o(.text)
    OSTaskCreate                             0x08001925   Thumb Code   150  os_task.o(.text)
    OSTaskCreateExt                          0x080019bb   Thumb Code   162  os_task.o(.text)
    OSTaskDel                                0x08001a5d   Thumb Code   306  os_task.o(.text)
    OSTaskDelReq                             0x08001b8f   Thumb Code   142  os_task.o(.text)
    OSTaskNameGet                            0x08001c1d   Thumb Code   116  os_task.o(.text)
    OSTaskNameSet                            0x08001c91   Thumb Code   132  os_task.o(.text)
    OSTaskResume                             0x08001d15   Thumb Code   154  os_task.o(.text)
    OSTaskSuspend                            0x08001daf   Thumb Code   152  os_task.o(.text)
    OSTaskQuery                              0x08001e47   Thumb Code    82  os_task.o(.text)
    OSTimeDly                                0x08001eb1   Thumb Code    94  os_time.o(.text)
    __scatterload                            0x08001f21   Thumb Code    28  init.o(.text)
    __scatterload_rt2                        0x08001f21   Thumb Code     0  init.o(.text)
    __scatterload_copy                       0x08001f45   Thumb Code    14  handlers.o(i.__scatterload_copy)
    __scatterload_null                       0x08001f53   Thumb Code     2  handlers.o(i.__scatterload_null)
    __scatterload_zeroinit                   0x08001f55   Thumb Code    14  handlers.o(i.__scatterload_zeroinit)
    OSUnMapTbl                               0x08001f62   Data         256  os_core.o(.constdata)
    Region$$Table$$Base                      0x08002064   Number         0  anon$$obj.o(Region$$Table)
    Region$$Table$$Limit                     0x08002084   Number         0  anon$$obj.o(Region$$Table)
    SystemCoreClock                          0x20000000   Data           4  system_stm32f10x.o(.data)
    AHBPrescTable                            0x20000004   Data          16  system_stm32f10x.o(.data)
    OSCtxSwCtr                               0x20000014   Data           4  os_core.o(.data)
    OSEventFreeList                          0x20000018   Data           4  os_core.o(.data)
    OSFlagFreeList                           0x2000001c   Data           4  os_core.o(.data)
    OSCPUUsage                               0x20000020   Data           1  os_core.o(.data)
    OSIdleCtrMax                             0x20000024   Data           4  os_core.o(.data)
    OSIdleCtrRun                             0x20000028   Data           4  os_core.o(.data)
    OSStatRdy                                0x2000002c   Data           1  os_core.o(.data)
    OSIntNesting                             0x2000002d   Data           1  os_core.o(.data)
    OSLockNesting                            0x2000002e   Data           1  os_core.o(.data)
    OSPrioCur                                0x2000002f   Data           1  os_core.o(.data)
    OSPrioHighRdy                            0x20000030   Data           1  os_core.o(.data)
    OSRdyGrp                                 0x20000031   Data           1  os_core.o(.data)
    OSRdyTbl                                 0x20000032   Data           4  os_core.o(.data)
    OSRunning                                0x20000036   Data           1  os_core.o(.data)
    OSTaskCtr                                0x20000037   Data           1  os_core.o(.data)
    OSIdleCtr                                0x20000038   Data           4  os_core.o(.data)
    OSTCBCur                                 0x2000003c   Data           4  os_core.o(.data)
    OSTCBFreeList                            0x20000040   Data           4  os_core.o(.data)
    OSTCBHighRdy                             0x20000044   Data           4  os_core.o(.data)
    OSTCBList                                0x20000048   Data           4  os_core.o(.data)
    OSMemFreeList                            0x2000004c   Data           4  os_core.o(.data)
    OSEventTbl                               0x20000050   Data         320  os_core.o(.bss)
    OSFlagTbl                                0x20000190   Data         140  os_core.o(.bss)
    OSTaskStatStk                            0x2000021c   Data         512  os_core.o(.bss)
    OSTaskIdleStk                            0x2000041c   Data         512  os_core.o(.bss)
    OSTCBPrioTbl                             0x2000061c   Data         128  os_core.o(.bss)
    OSTCBTbl                                 0x2000069c   Data        1848  os_core.o(.bss)
    OSMemTbl                                 0x20000dd4   Data         180  os_core.o(.bss)
    __initial_sp                             0x20001288   Data           0  startup_stm32f10x_md.o(STACK)



==============================================================================

Memory Map of the image

  Image Entry point : 0x080000ed

  Load Region LR_IROM1 (Base: 0x08000000, Size: 0x000020d4, Max: 0x00020000, ABSOLUTE)

    Execution Region ER_IROM1 (Exec base: 0x08000000, Load base: 0x08000000, Size: 0x00002084, Max: 0x00020000, ABSOLUTE)

    Exec Addr    Load Addr    Size         Type   Attr      Idx    E Section Name        Object

    0x08000000   0x08000000   0x000000ec   Data   RO           69    RESET               startup_stm32f10x_md.o
    0x080000ec   0x080000ec   0x00000000   Code   RO          387  * .ARM.Collect$$$$00000000  mc_w.l(entry.o)
    0x080000ec   0x080000ec   0x00000004   Code   RO          390    .ARM.Collect$$$$00000001  mc_w.l(entry2.o)
    0x080000f0   0x080000f0   0x00000004   Code   RO          393    .ARM.Collect$$$$00000004  mc_w.l(entry5.o)
    0x080000f4   0x080000f4   0x00000000   Code   RO          395    .ARM.Collect$$$$00000008  mc_w.l(entry7b.o)
    0x080000f4   0x080000f4   0x00000000   Code   RO          397    .ARM.Collect$$$$0000000A  mc_w.l(entry8b.o)
    0x080000f4   0x080000f4   0x00000008   Code   RO          398    .ARM.Collect$$$$0000000B  mc_w.l(entry9a.o)
    0x080000fc   0x080000fc   0x00000004   Code   RO          405    .ARM.Collect$$$$0000000E  mc_w.l(entry12b.o)
    0x08000100   0x08000100   0x00000000   Code   RO          400    .ARM.Collect$$$$0000000F  mc_w.l(entry10a.o)
    0x08000100   0x08000100   0x00000000   Code   RO          402    .ARM.Collect$$$$00000011  mc_w.l(entry11a.o)
    0x08000100   0x08000100   0x00000004   Code   RO          391    .ARM.Collect$$$$00002712  mc_w.l(entry2.o)
    0x08000104   0x08000104   0x000001e0   Code   RO            3    .text               system_stm32f10x.o
    0x080002e4   0x080002e4   0x00000024   Code   RO           70    .text               startup_stm32f10x_md.o
    0x08000308   0x08000308   0x00000074   Code   RO           76    .text               main.o
    0x0800037c   0x0800037c   0x00000078   Code   RO          120    .text               stm32f10x_it.o
    0x080003f4   0x080003f4   0x00000032   Code   RO          141    .text               user_asm.o
    0x08000426   0x08000426   0x00000002   PAD
    0x08000428   0x08000428   0x000000ac   Code   RO          252    .text               os_cpu_a.o
    0x080004d4   0x080004d4   0x000000aa   Code   RO          255    .text               os_cpu_c.o
    0x0800057e   0x0800057e   0x00000002   PAD
    0x08000580   0x08000580   0x0000083c   Code   RO          274    .text               os_core.o
    0x08000dbc   0x08000dbc   0x00000838   Code   RO          303    .text               os_flag.o
    0x080015f4   0x080015f4   0x000001fc   Code   RO          321    .text               os_mem.o
    0x080017f0   0x080017f0   0x000006c0   Code   RO          357    .text               os_task.o
    0x08001eb0   0x08001eb0   0x00000070   Code   RO          369    .text               os_time.o
    0x08001f20   0x08001f20   0x00000024   Code   RO          406    .text               mc_w.l(init.o)
    0x08001f44   0x08001f44   0x0000000e   Code   RO          410    i.__scatterload_copy  mc_w.l(handlers.o)
    0x08001f52   0x08001f52   0x00000002   Code   RO          411    i.__scatterload_null  mc_w.l(handlers.o)
    0x08001f54   0x08001f54   0x0000000e   Code   RO          412    i.__scatterload_zeroinit  mc_w.l(handlers.o)
    0x08001f62   0x08001f62   0x00000100   Data   RO          276    .constdata          os_core.o
    0x08002062   0x08002062   0x00000002   PAD
    0x08002064   0x08002064   0x00000020   Data   RO          408    Region$$Table       anon$$obj.o


    Execution Region RW_IRAM1 (Exec base: 0x20000000, Load base: 0x08002084, Size: 0x00001288, Max: 0x00005000, ABSOLUTE)

    Exec Addr    Load Addr    Size         Type   Attr      Idx    E Section Name        Object

    0x20000000   0x08002084   0x00000014   Data   RW            4    .data               system_stm32f10x.o
    0x20000014   0x08002098   0x0000003c   Data   RW          277    .data               os_core.o
    0x20000050        -       0x00000e38   Zero   RW          275    .bss                os_core.o
    0x20000e88        -       0x00000400   Zero   RW           67    STACK               startup_stm32f10x_md.o


==============================================================================

Image component sizes


      Code (inc. data)   RO Data    RW Data    ZI Data      Debug   Object Name

       116         20          0          0          0      10451   main.o
      2108        216        256         60       3640      16317   os_core.o
       172         32          0          0          0        312   os_cpu_a.o
       170          0          0          0          0      11331   os_cpu_c.o
      2104         38          0          0          0       7112   os_flag.o
       508         12          0          0          0       3260   os_mem.o
      1728         66          0          0          0       6134   os_task.o
       112         18          0          0          0        600   os_time.o
        36          8        236          0       1024        760   startup_stm32f10x_md.o
       120         54          0          0          0       1508   stm32f10x_it.o
       480         38          0         20          0       6259   system_stm32f10x.o
        50          0          0          0          0        220   user_asm.o

    ----------------------------------------------------------------------
      7708        502        526         80       4664      64264   Object Totals
         0          0         32          0          0          0   (incl. Generated)
         4          0          2          0          0          0   (incl. Padding)

    ----------------------------------------------------------------------

      Code (inc. data)   RO Data    RW Data    ZI Data      Debug   Library Member Name

         0          0          0          0          0          0   entry.o
         0          0          0          0          0          0   entry10a.o
         0          0          0          0          0          0   entry11a.o
         4          0          0          0          0          0   entry12b.o
         8          4          0          0          0          0   entry2.o
         4          0          0          0          0          0   entry5.o
         0          0          0          0          0          0   entry7b.o
         0          0          0          0          0          0   entry8b.o
         8          4          0          0          0          0   entry9a.o
        30          0          0          0          0          0   handlers.o
        36          8          0          0          0         68   init.o

    ----------------------------------------------------------------------
        90         16          0          0          0         68   Library Totals
         0          0          0          0          0          0   (incl. Padding)

    ----------------------------------------------------------------------

      Code (inc. data)   RO Data    RW Data    ZI Data      Debug   Library Name

        90         16          0          0          0         68   mc_w.l

    ----------------------------------------------------------------------
        90         16          0          0          0         68   Library Totals

    ----------------------------------------------------------------------

==============================================================================


      Code (inc. data)   RO Data    RW Data    ZI Data      Debug   

      7798        518        526         80       4664      63860   Grand Totals
      7798        518        526         80       4664      63860   ELF Image Totals
      7798        518        526         80          0          0   ROM Totals

==============================================================================

    Total RO  Size (Code + RO Data)                 8324 (   8.13kB)
    Total RW  Size (RW Data + ZI Data)              4744 (   4.63kB)
    Total ROM Size (Code + RO Data + RW Data)       8404 (   8.21kB)

==============================================================================

