<html>
<body>
<pre>
<h1>礦ision Build Log</h1>
<h2>Tool Versions:</h2>
IDE-Version: μVision V5.36.0.0
Copyright (C) 2021 ARM Ltd and ARM Germany GmbH. All rights reserved.
License Information: li xin, lixin, LIC=----
 
Tool Versions:
Toolchain:       MDK-Lite  Version: 5.36.0.0
Toolchain Path:  F:\keli5\ARM\ARMCC\Bin
C Compiler:      Armcc.exe V5.06 update 7 (build 960)
Assembler:       Armasm.exe V5.06 update 7 (build 960)
Linker/Locator:  ArmLink.exe V5.06 update 7 (build 960)
Library Manager: ArmAr.exe V5.06 update 7 (build 960)
Hex Converter:   FromElf.exe V5.06 update 7 (build 960)
CPU DLL:         SARMCM3.DLL V5.36.0.0
Dialog DLL:      DARMSTM.DLL V1.68.0.0
Target DLL:      UL2CM3.DLL V1.164.0.0
Dialog DLL:      TARMSTM.DLL V1.66.0.0
 
<h2>Project:</h2>
F:\Study\操作系统\实验三\lab3\lab3（读者写者）\lab.uvproj
Project File Date:  04/20/2023

<h2>Output:</h2>
*** Using Compiler 'V5.06 update 7 (build 960)', folder: 'F:\keli5\ARM\ARMCC\Bin'
Rebuild target 'template'
assembling user_asm.s...
assembling startup_stm32f10x_md.s...
compiling os_cpu_c.c...
assembling os_cpu_a.asm...
compiling system_stm32f10x.c...
compiling os_dbg.c...
compiling main.c...
main.c(54): warning:  #177-D: variable "err"  was declared but never referenced
  	INT8U err;
main.c(55): warning:  #177-D: variable "x_temp"  was declared but never referenced
  	int x_temp = (int) p_arg; 
main.c: 2 warnings, 0 errors
compiling os_core.c...
compiling os_flag.c...
compiling os_mbox.c...
compiling os_mem.c...
compiling os_mutex.c...
compiling os_q.c...
compiling stm32f10x_it.c...
compiling stm32f10x_gpio.c...
compiling os_sem.c...
compiling misc.c...
compiling stm32f10x_exti.c...
compiling os_time.c...
compiling os_task.c...
compiling os_tmr.c...
compiling stm32f10x_rcc.c...
compiling user_c.c...
compiling stm32f10x_flash.c...
linking...
Program Size: Code=9988 RO-data=544 RW-data=104 ZI-data=5608  
".\output\template.axf" - 0 Error(s), 2 Warning(s).
Build Time Elapsed:  00:00:01
</pre>
</body>
</html>
