Component: ARM Compiler 5.06 update 7 (build 960) Tool: armlink [4d3601]

==============================================================================

Section Cross References

    system_stm32f10x.o(.text) refers to system_stm32f10x.o(.data) for SystemCoreClock
    startup_stm32f10x_md.o(RESET) refers to startup_stm32f10x_md.o(STACK) for __initial_sp
    startup_stm32f10x_md.o(RESET) refers to startup_stm32f10x_md.o(.text) for Reset_Handler
    startup_stm32f10x_md.o(RESET) refers to stm32f10x_it.o(.text) for NMI_Handler
    startup_stm32f10x_md.o(RESET) refers to user_asm.o(.text) for SVC_Handler
    startup_stm32f10x_md.o(RESET) refers to os_cpu_a.o(.text) for OS_CPU_PendSVHandler
    startup_stm32f10x_md.o(.text) refers to system_stm32f10x.o(.text) for SystemInit
    startup_stm32f10x_md.o(.text) refers to entry.o(.ARM.Collect$$$$00000000) for __main
    main.o(.text) refers to stm32f10x_rcc.o(.text) for RCC_GetClocksFreq
    main.o(.text) refers to os_time.o(.text) for OSTimeDly
    main.o(.text) refers to malloc.o(i.malloc) for malloc
    main.o(.text) refers to user_asm.o(.text) for ASM_Switch_To_Unprivileged
    main.o(.text) refers to os_core.o(.text) for OSInit
    main.o(.text) refers to os_task.o(.text) for OSTaskCreate
    main.o(.text) refers to main.o(.data) for buffer
    main.o(.text) refers to main.o(.bss) for task1_stk
    stm32f10x_it.o(.text) refers to main.o(.text) for print_str
    stm32f10x_it.o(.text) refers to os_core.o(.text) for OSIntEnter
    stm32f10x_it.o(.text) refers to os_cpu_a.o(.text) for OSStartHighRdy
    stm32f10x_it.o(.text) refers to main.o(.data) for buffer
    user_asm.o(.text) refers to stm32f10x_it.o(.text) for SVC_Handler_Main
    stm32f10x_rcc.o(.text) refers to stm32f10x_rcc.o(.data) for APBAHBPrescTable
    stm32f10x_gpio.o(.text) refers to stm32f10x_rcc.o(.text) for RCC_APB2PeriphResetCmd
    os_cpu_a.o(.text) refers to os_core.o(.data) for OSRunning
    os_cpu_a.o(.text) refers to os_cpu_c.o(.text) for OSTaskSwHook
    os_core.o(.text) refers to os_cpu_a.o(.text) for OS_CPU_SR_Save
    os_core.o(.text) refers to os_time.o(.text) for OSTimeDly
    os_core.o(.text) refers to os_task.o(.text) for OSTaskSuspend
    os_core.o(.text) refers to os_cpu_c.o(.text) for OSTaskStatHook
    os_core.o(.text) refers to os_flag.o(.text) for OS_FlagInit
    os_core.o(.text) refers to os_mem.o(.text) for OS_MemInit
    os_core.o(.text) refers to os_core.o(.data) for OSIntNesting
    os_core.o(.text) refers to os_core.o(.bss) for OSTaskStatStk
    os_core.o(.text) refers to os_core.o(.constdata) for OSUnMapTbl
    os_flag.o(.text) refers to os_cpu_a.o(.text) for OS_CPU_SR_Save
    os_flag.o(.text) refers to os_core.o(.text) for OS_Sched
    os_flag.o(.text) refers to os_core.o(.data) for OSIntNesting
    os_flag.o(.text) refers to os_core.o(.bss) for OSFlagTbl
    os_mem.o(.text) refers to os_cpu_a.o(.text) for OS_CPU_SR_Save
    os_mem.o(.text) refers to os_core.o(.text) for OS_StrCopy
    os_mem.o(.text) refers to os_core.o(.data) for OSMemFreeList
    os_mem.o(.text) refers to os_core.o(.bss) for OSMemTbl
    os_sem.o(.text) refers to os_cpu_a.o(.text) for OS_CPU_SR_Save
    os_sem.o(.text) refers to os_core.o(.text) for OS_EventWaitListInit
    os_sem.o(.text) refers to os_core.o(.data) for OSIntNesting
    os_task.o(.text) refers to os_cpu_a.o(.text) for OS_CPU_SR_Save
    os_task.o(.text) refers to os_core.o(.text) for OS_Sched
    os_task.o(.text) refers to os_cpu_c.o(.text) for OSTaskStkInit
    os_task.o(.text) refers to os_flag.o(.text) for OS_FlagUnlink
    os_task.o(.text) refers to os_core.o(.bss) for OSTCBPrioTbl
    os_task.o(.text) refers to os_core.o(.data) for OSTCBCur
    os_time.o(.text) refers to os_cpu_a.o(.text) for OS_CPU_SR_Save
    os_time.o(.text) refers to os_core.o(.data) for OSIntNesting
    entry.o(.ARM.Collect$$$$00000000) refers (Special) to entry10a.o(.ARM.Collect$$$$0000000F) for __rt_final_cpp
    entry.o(.ARM.Collect$$$$00000000) refers (Special) to entry11a.o(.ARM.Collect$$$$00000011) for __rt_final_exit
    entry.o(.ARM.Collect$$$$00000000) refers (Special) to entry12b.o(.ARM.Collect$$$$0000000E) for __rt_lib_shutdown_fini
    entry.o(.ARM.Collect$$$$00000000) refers (Special) to entry7b.o(.ARM.Collect$$$$00000008) for _main_clock
    entry.o(.ARM.Collect$$$$00000000) refers (Special) to entry8b.o(.ARM.Collect$$$$0000000A) for _main_cpp_init
    entry.o(.ARM.Collect$$$$00000000) refers (Special) to entry9a.o(.ARM.Collect$$$$0000000B) for _main_init
    entry.o(.ARM.Collect$$$$00000000) refers (Special) to entry5.o(.ARM.Collect$$$$00000004) for _main_scatterload
    entry.o(.ARM.Collect$$$$00000000) refers (Special) to entry2.o(.ARM.Collect$$$$00000001) for _main_stk
    malloc.o(i.free) refers to mvars.o(.data) for __microlib_freelist
    malloc.o(i.malloc) refers to mvars.o(.data) for __microlib_freelist_initialised
    malloc.o(i.malloc) refers to mvars.o(.data) for __microlib_freelist
    malloc.o(i.malloc) refers to startup_stm32f10x_md.o(HEAP) for __heap_base
    mallocr.o(i.__free$realloc) refers to mvars.o(.data) for __microlib_freelist
    mallocr.o(i.__malloc$realloc) refers to mallocr.o(i.internal_alloc) for internal_alloc
    mallocr.o(i.__malloc$realloc) refers to mvars.o(.data) for __microlib_freelist_initialised
    mallocr.o(i.__malloc$realloc) refers to startup_stm32f10x_md.o(HEAP) for __heap_base
    mallocr.o(i.__malloc$realloc) refers to mvars.o(.data) for __microlib_freelist
    mallocr.o(i.internal_alloc) refers to memcpya.o(.text) for __aeabi_memcpy
    mallocr.o(i.internal_alloc) refers to mvars.o(.data) for __microlib_freelist
    mallocr.o(i.realloc) refers to mallocr.o(i.__free$realloc) for __free$realloc
    mallocr.o(i.realloc) refers to mallocr.o(i.internal_alloc) for internal_alloc
    mallocr.o(i.realloc) refers to mallocr.o(i.__malloc$realloc) for __malloc$realloc
    mallocr.o(i.realloc) refers to mvars.o(.data) for __microlib_freelist
    malloca.o(i.__aligned_malloc) refers to mvars.o(.data) for __microlib_freelist_initialised
    malloca.o(i.__aligned_malloc) refers to mvars.o(.data) for __microlib_freelist
    malloca.o(i.__aligned_malloc) refers to startup_stm32f10x_md.o(HEAP) for __heap_base
    malloca.o(i.__free$memalign) refers to mvars.o(.data) for __microlib_freelist
    malloca.o(i.__malloc$memalign) refers to malloca.o(i.__aligned_malloc) for __aligned_malloc
    mallocra.o(i.__aligned_malloc$realloc) refers to mallocra.o(i.internal_alloc) for internal_alloc
    mallocra.o(i.__aligned_malloc$realloc) refers to mvars.o(.data) for __microlib_freelist_initialised
    mallocra.o(i.__aligned_malloc$realloc) refers to startup_stm32f10x_md.o(HEAP) for __heap_base
    mallocra.o(i.__aligned_malloc$realloc) refers to mvars.o(.data) for __microlib_freelist
    mallocra.o(i.__free$realloc$memalign) refers to mvars.o(.data) for __microlib_freelist
    mallocra.o(i.__malloc$realloc$memalign) refers to mallocra.o(i.__aligned_malloc$realloc) for __aligned_malloc$realloc
    mallocra.o(i.__realloc$memalign) refers to mallocra.o(i.__free$realloc$memalign) for __free$realloc$memalign
    mallocra.o(i.__realloc$memalign) refers to mallocra.o(i.internal_alloc) for internal_alloc
    mallocra.o(i.__realloc$memalign) refers to mallocra.o(i.__malloc$realloc$memalign) for __malloc$realloc$memalign
    mallocra.o(i.__realloc$memalign) refers to mvars.o(.data) for __microlib_freelist
    mallocra.o(i.internal_alloc) refers to memcpya.o(.text) for __aeabi_memcpy
    mallocra.o(i.internal_alloc) refers to mvars.o(.data) for __microlib_freelist
    entry2.o(.ARM.Collect$$$$00000001) refers to entry2.o(.ARM.Collect$$$$00002712) for __lit__00000000
    entry2.o(.ARM.Collect$$$$00002712) refers to startup_stm32f10x_md.o(STACK) for __initial_sp
    entry2.o(__vectab_stack_and_reset_area) refers to startup_stm32f10x_md.o(STACK) for __initial_sp
    entry2.o(__vectab_stack_and_reset_area) refers to entry.o(.ARM.Collect$$$$00000000) for __main
    entry5.o(.ARM.Collect$$$$00000004) refers to init.o(.text) for __scatterload
    entry9a.o(.ARM.Collect$$$$0000000B) refers to main.o(.text) for main
    entry9b.o(.ARM.Collect$$$$0000000C) refers to main.o(.text) for main
    init.o(.text) refers to entry5.o(.ARM.Collect$$$$00000004) for __main_after_scatterload


==============================================================================

Removing Unused input sections from the image.

    Removing system_stm32f10x.o(.rev16_text), (4 bytes).
    Removing system_stm32f10x.o(.revsh_text), (4 bytes).
    Removing main.o(.rev16_text), (4 bytes).
    Removing main.o(.revsh_text), (4 bytes).
    Removing stm32f10x_it.o(.rev16_text), (4 bytes).
    Removing stm32f10x_it.o(.revsh_text), (4 bytes).
    Removing misc.o(.rev16_text), (4 bytes).
    Removing misc.o(.revsh_text), (4 bytes).
    Removing misc.o(.text), (220 bytes).
    Removing stm32f10x_flash.o(.rev16_text), (4 bytes).
    Removing stm32f10x_flash.o(.revsh_text), (4 bytes).
    Removing stm32f10x_flash.o(.text), (1468 bytes).
    Removing stm32f10x_rcc.o(.rev16_text), (4 bytes).
    Removing stm32f10x_rcc.o(.revsh_text), (4 bytes).
    Removing stm32f10x_gpio.o(.rev16_text), (4 bytes).
    Removing stm32f10x_gpio.o(.revsh_text), (4 bytes).
    Removing stm32f10x_gpio.o(.text), (860 bytes).
    Removing stm32f10x_exti.o(.rev16_text), (4 bytes).
    Removing stm32f10x_exti.o(.revsh_text), (4 bytes).
    Removing stm32f10x_exti.o(.text), (284 bytes).
    Removing os_dbg.o(.constdata), (2 bytes).
    Removing os_sem.o(.text), (952 bytes).

22 unused section(s) (total 3850 bytes) removed from the image.

==============================================================================

Image Symbol Table

    Local Symbols

    Symbol Name                              Value     Ov Type        Size  Object(Section)

    ../clib/microlib/init/entry.s            0x00000000   Number         0  entry8a.o ABSOLUTE
    ../clib/microlib/init/entry.s            0x00000000   Number         0  entry2.o ABSOLUTE
    ../clib/microlib/init/entry.s            0x00000000   Number         0  entry12b.o ABSOLUTE
    ../clib/microlib/init/entry.s            0x00000000   Number         0  entry5.o ABSOLUTE
    ../clib/microlib/init/entry.s            0x00000000   Number         0  entry12a.o ABSOLUTE
    ../clib/microlib/init/entry.s            0x00000000   Number         0  entry11a.o ABSOLUTE
    ../clib/microlib/init/entry.s            0x00000000   Number         0  entry10b.o ABSOLUTE
    ../clib/microlib/init/entry.s            0x00000000   Number         0  entry10a.o ABSOLUTE
    ../clib/microlib/init/entry.s            0x00000000   Number         0  entry7a.o ABSOLUTE
    ../clib/microlib/init/entry.s            0x00000000   Number         0  entry7b.o ABSOLUTE
    ../clib/microlib/init/entry.s            0x00000000   Number         0  entry9b.o ABSOLUTE
    ../clib/microlib/init/entry.s            0x00000000   Number         0  entry11b.o ABSOLUTE
    ../clib/microlib/init/entry.s            0x00000000   Number         0  entry9a.o ABSOLUTE
    ../clib/microlib/init/entry.s            0x00000000   Number         0  entry8b.o ABSOLUTE
    ../clib/microlib/init/entry.s            0x00000000   Number         0  entry.o ABSOLUTE
    ../clib/microlib/malloc/malloc.c         0x00000000   Number         0  mallocra.o ABSOLUTE
    ../clib/microlib/malloc/malloc.c         0x00000000   Number         0  malloca.o ABSOLUTE
    ../clib/microlib/malloc/malloc.c         0x00000000   Number         0  mallocr.o ABSOLUTE
    ../clib/microlib/malloc/malloc.c         0x00000000   Number         0  malloc.o ABSOLUTE
    ../clib/microlib/malloc/mvars.c          0x00000000   Number         0  mvars.o ABSOLUTE
    ../clib/microlib/string/memcpy.c         0x00000000   Number         0  memcpyb.o ABSOLUTE
    ../clib/microlib/string/memcpy.c         0x00000000   Number         0  memcpya.o ABSOLUTE
    dc.s                                     0x00000000   Number         0  dc.o ABSOLUTE
    handlers.s                               0x00000000   Number         0  handlers.o ABSOLUTE
    init.s                                   0x00000000   Number         0  init.o ABSOLUTE
    main.c                                   0x00000000   Number         0  main.o ABSOLUTE
    main.c                                   0x00000000   Number         0  main.o ABSOLUTE
    src\\misc.c                              0x00000000   Number         0  misc.o ABSOLUTE
    src\\stm32f10x_exti.c                    0x00000000   Number         0  stm32f10x_exti.o ABSOLUTE
    src\\stm32f10x_flash.c                   0x00000000   Number         0  stm32f10x_flash.o ABSOLUTE
    src\\stm32f10x_gpio.c                    0x00000000   Number         0  stm32f10x_gpio.o ABSOLUTE
    src\\stm32f10x_it.c                      0x00000000   Number         0  stm32f10x_it.o ABSOLUTE
    src\\stm32f10x_rcc.c                     0x00000000   Number         0  stm32f10x_rcc.o ABSOLUTE
    src\\system_stm32f10x.c                  0x00000000   Number         0  system_stm32f10x.o ABSOLUTE
    src\misc.c                               0x00000000   Number         0  misc.o ABSOLUTE
    src\stm32f10x_exti.c                     0x00000000   Number         0  stm32f10x_exti.o ABSOLUTE
    src\stm32f10x_flash.c                    0x00000000   Number         0  stm32f10x_flash.o ABSOLUTE
    src\stm32f10x_gpio.c                     0x00000000   Number         0  stm32f10x_gpio.o ABSOLUTE
    src\stm32f10x_it.c                       0x00000000   Number         0  stm32f10x_it.o ABSOLUTE
    src\stm32f10x_rcc.c                      0x00000000   Number         0  stm32f10x_rcc.o ABSOLUTE
    src\system_stm32f10x.c                   0x00000000   Number         0  system_stm32f10x.o ABSOLUTE
    src\ucos_ii\port\os_cpu_a.asm            0x00000000   Number         0  os_cpu_a.o ABSOLUTE
    src\ucos_ii\port\os_cpu_c.c              0x00000000   Number         0  os_cpu_c.o ABSOLUTE
    src\ucos_ii\port\os_dbg.c                0x00000000   Number         0  os_dbg.o ABSOLUTE
    src\ucos_ii\src\os_core.c                0x00000000   Number         0  os_core.o ABSOLUTE
    src\ucos_ii\src\os_flag.c                0x00000000   Number         0  os_flag.o ABSOLUTE
    src\ucos_ii\src\os_mbox.c                0x00000000   Number         0  os_mbox.o ABSOLUTE
    src\ucos_ii\src\os_mem.c                 0x00000000   Number         0  os_mem.o ABSOLUTE
    src\ucos_ii\src\os_mutex.c               0x00000000   Number         0  os_mutex.o ABSOLUTE
    src\ucos_ii\src\os_q.c                   0x00000000   Number         0  os_q.o ABSOLUTE
    src\ucos_ii\src\os_sem.c                 0x00000000   Number         0  os_sem.o ABSOLUTE
    src\ucos_ii\src\os_task.c                0x00000000   Number         0  os_task.o ABSOLUTE
    src\ucos_ii\src\os_time.c                0x00000000   Number         0  os_time.o ABSOLUTE
    src\ucos_ii\src\os_tmr.c                 0x00000000   Number         0  os_tmr.o ABSOLUTE
    startup_stm32f10x_md.s                   0x00000000   Number         0  startup_stm32f10x_md.o ABSOLUTE
    user_asm.s                               0x00000000   Number         0  user_asm.o ABSOLUTE
    RESET                                    0x08000000   Section      236  startup_stm32f10x_md.o(RESET)
    .ARM.Collect$$$$00000000                 0x080000ec   Section        0  entry.o(.ARM.Collect$$$$00000000)
    .ARM.Collect$$$$00000001                 0x080000ec   Section        4  entry2.o(.ARM.Collect$$$$00000001)
    .ARM.Collect$$$$00000004                 0x080000f0   Section        4  entry5.o(.ARM.Collect$$$$00000004)
    .ARM.Collect$$$$00000008                 0x080000f4   Section        0  entry7b.o(.ARM.Collect$$$$00000008)
    .ARM.Collect$$$$0000000A                 0x080000f4   Section        0  entry8b.o(.ARM.Collect$$$$0000000A)
    .ARM.Collect$$$$0000000B                 0x080000f4   Section        8  entry9a.o(.ARM.Collect$$$$0000000B)
    .ARM.Collect$$$$0000000E                 0x080000fc   Section        4  entry12b.o(.ARM.Collect$$$$0000000E)
    .ARM.Collect$$$$0000000F                 0x08000100   Section        0  entry10a.o(.ARM.Collect$$$$0000000F)
    .ARM.Collect$$$$00000011                 0x08000100   Section        0  entry11a.o(.ARM.Collect$$$$00000011)
    .ARM.Collect$$$$00002712                 0x08000100   Section        4  entry2.o(.ARM.Collect$$$$00002712)
    __lit__00000000                          0x08000100   Data           4  entry2.o(.ARM.Collect$$$$00002712)
    .text                                    0x08000104   Section        0  system_stm32f10x.o(.text)
    SetSysClockTo72                          0x08000105   Thumb Code   214  system_stm32f10x.o(.text)
    SetSysClock                              0x080001db   Thumb Code     8  system_stm32f10x.o(.text)
    .text                                    0x080002e4   Section       36  startup_stm32f10x_md.o(.text)
    .text                                    0x08000308   Section        0  main.o(.text)
    systick_init                             0x08000351   Thumb Code   108  main.o(.text)
    syscall_systick_init                     0x080003bd   Thumb Code    32  main.o(.text)
    task2                                    0x08000405   Thumb Code    22  main.o(.text)
    task1                                    0x0800041b   Thumb Code    22  main.o(.text)
    .text                                    0x080004c4   Section        0  stm32f10x_it.o(.text)
    .text                                    0x080005b8   Section       44  user_asm.o(.text)
    .text                                    0x080005e4   Section        0  stm32f10x_rcc.o(.text)
    .text                                    0x08000988   Section      172  os_cpu_a.o(.text)
    .text                                    0x08000a34   Section        0  os_cpu_c.o(.text)
    .text                                    0x08000ae0   Section        0  os_core.o(.text)
    OS_InitTaskStat                          0x08000c5b   Thumb Code    52  os_core.o(.text)
    OS_InitTaskIdle                          0x08000caf   Thumb Code    52  os_core.o(.text)
    OS_InitEventList                         0x08000cf5   Thumb Code    70  os_core.o(.text)
    OS_InitTCBList                           0x08000d3b   Thumb Code    86  os_core.o(.text)
    OS_InitRdyList                           0x08000d91   Thumb Code    46  os_core.o(.text)
    OS_InitMisc                              0x08000dbf   Thumb Code    40  os_core.o(.text)
    OS_SchedNew                              0x08000e2f   Thumb Code    26  os_core.o(.text)
    .text                                    0x0800131c   Section        0  os_flag.o(.text)
    OS_FlagTaskRdy                           0x08001499   Thumb Code    82  os_flag.o(.text)
    OS_FlagBlock                             0x08001683   Thumb Code   152  os_flag.o(.text)
    .text                                    0x08001b54   Section        0  os_mem.o(.text)
    .text                                    0x08001d50   Section        0  os_task.o(.text)
    .text                                    0x08002410   Section        0  os_time.o(.text)
    .text                                    0x08002480   Section       36  init.o(.text)
    i.__scatterload_copy                     0x080024a4   Section       14  handlers.o(i.__scatterload_copy)
    i.__scatterload_null                     0x080024b2   Section        2  handlers.o(i.__scatterload_null)
    i.__scatterload_zeroinit                 0x080024b4   Section       14  handlers.o(i.__scatterload_zeroinit)
    i.malloc                                 0x080024c4   Section        0  malloc.o(i.malloc)
    .constdata                               0x08002530   Section      256  os_core.o(.constdata)
    .data                                    0x20000000   Section       20  system_stm32f10x.o(.data)
    .data                                    0x20000014   Section        4  main.o(.data)
    .data                                    0x20000018   Section       20  stm32f10x_rcc.o(.data)
    APBAHBPrescTable                         0x20000018   Data          16  stm32f10x_rcc.o(.data)
    ADCPrescTable                            0x20000028   Data           4  stm32f10x_rcc.o(.data)
    .data                                    0x2000002c   Section       60  os_core.o(.data)
    .data                                    0x20000068   Section        4  mvars.o(.data)
    .data                                    0x2000006c   Section        4  mvars.o(.data)
    .bss                                     0x20000070   Section     1024  main.o(.bss)
    task1_stk                                0x20000070   Data         512  main.o(.bss)
    task2_stk                                0x20000270   Data         512  main.o(.bss)
    .bss                                     0x20000470   Section     3640  os_core.o(.bss)
    HEAP                                     0x200012a8   Section      512  startup_stm32f10x_md.o(HEAP)
    STACK                                    0x200014a8   Section     1024  startup_stm32f10x_md.o(STACK)

    Global Symbols

    Symbol Name                              Value     Ov Type        Size  Object(Section)

    BuildAttributes$$THM_ISAv4$P$D$K$B$S$PE$A:L22UL41UL21$X:L11$S22US41US21$IEEE1$IW$USESV6$~STKCKD$USESV7$~SHL$OSPACE$EBA8$MICROLIB$REQ8$PRES8$EABIv2 0x00000000   Number         0  anon$$obj.o ABSOLUTE
    __ARM_use_no_argv                        0x00000000   Number         0  main.o ABSOLUTE
    __arm_fini_                               - Undefined Weak Reference
    __cpp_initialize__aeabi_                  - Undefined Weak Reference
    __cxa_finalize                            - Undefined Weak Reference
    __decompress                              - Undefined Weak Reference
    _clock_init                               - Undefined Weak Reference
    _microlib_exit                            - Undefined Weak Reference
    __Vectors_Size                           0x000000ec   Number         0  startup_stm32f10x_md.o ABSOLUTE
    __Vectors                                0x08000000   Data           4  startup_stm32f10x_md.o(RESET)
    __Vectors_End                            0x080000ec   Data           0  startup_stm32f10x_md.o(RESET)
    __main                                   0x080000ed   Thumb Code     0  entry.o(.ARM.Collect$$$$00000000)
    _main_stk                                0x080000ed   Thumb Code     0  entry2.o(.ARM.Collect$$$$00000001)
    _main_scatterload                        0x080000f1   Thumb Code     0  entry5.o(.ARM.Collect$$$$00000004)
    __main_after_scatterload                 0x080000f5   Thumb Code     0  entry5.o(.ARM.Collect$$$$00000004)
    _main_clock                              0x080000f5   Thumb Code     0  entry7b.o(.ARM.Collect$$$$00000008)
    _main_cpp_init                           0x080000f5   Thumb Code     0  entry8b.o(.ARM.Collect$$$$0000000A)
    _main_init                               0x080000f5   Thumb Code     0  entry9a.o(.ARM.Collect$$$$0000000B)
    __rt_lib_shutdown_fini                   0x080000fd   Thumb Code     0  entry12b.o(.ARM.Collect$$$$0000000E)
    __rt_final_cpp                           0x08000101   Thumb Code     0  entry10a.o(.ARM.Collect$$$$0000000F)
    __rt_final_exit                          0x08000101   Thumb Code     0  entry11a.o(.ARM.Collect$$$$00000011)
    SystemInit                               0x080001e3   Thumb Code    78  system_stm32f10x.o(.text)
    SystemCoreClockUpdate                    0x08000231   Thumb Code   142  system_stm32f10x.o(.text)
    Reset_Handler                            0x080002e5   Thumb Code     8  startup_stm32f10x_md.o(.text)
    ADC1_2_IRQHandler                        0x080002ff   Thumb Code     0  startup_stm32f10x_md.o(.text)
    CAN1_RX1_IRQHandler                      0x080002ff   Thumb Code     0  startup_stm32f10x_md.o(.text)
    CAN1_SCE_IRQHandler                      0x080002ff   Thumb Code     0  startup_stm32f10x_md.o(.text)
    DMA1_Channel1_IRQHandler                 0x080002ff   Thumb Code     0  startup_stm32f10x_md.o(.text)
    DMA1_Channel2_IRQHandler                 0x080002ff   Thumb Code     0  startup_stm32f10x_md.o(.text)
    DMA1_Channel3_IRQHandler                 0x080002ff   Thumb Code     0  startup_stm32f10x_md.o(.text)
    DMA1_Channel4_IRQHandler                 0x080002ff   Thumb Code     0  startup_stm32f10x_md.o(.text)
    DMA1_Channel5_IRQHandler                 0x080002ff   Thumb Code     0  startup_stm32f10x_md.o(.text)
    DMA1_Channel6_IRQHandler                 0x080002ff   Thumb Code     0  startup_stm32f10x_md.o(.text)
    DMA1_Channel7_IRQHandler                 0x080002ff   Thumb Code     0  startup_stm32f10x_md.o(.text)
    EXTI15_10_IRQHandler                     0x080002ff   Thumb Code     0  startup_stm32f10x_md.o(.text)
    EXTI1_IRQHandler                         0x080002ff   Thumb Code     0  startup_stm32f10x_md.o(.text)
    EXTI2_IRQHandler                         0x080002ff   Thumb Code     0  startup_stm32f10x_md.o(.text)
    EXTI3_IRQHandler                         0x080002ff   Thumb Code     0  startup_stm32f10x_md.o(.text)
    EXTI4_IRQHandler                         0x080002ff   Thumb Code     0  startup_stm32f10x_md.o(.text)
    EXTI9_5_IRQHandler                       0x080002ff   Thumb Code     0  startup_stm32f10x_md.o(.text)
    FLASH_IRQHandler                         0x080002ff   Thumb Code     0  startup_stm32f10x_md.o(.text)
    I2C1_ER_IRQHandler                       0x080002ff   Thumb Code     0  startup_stm32f10x_md.o(.text)
    I2C1_EV_IRQHandler                       0x080002ff   Thumb Code     0  startup_stm32f10x_md.o(.text)
    I2C2_ER_IRQHandler                       0x080002ff   Thumb Code     0  startup_stm32f10x_md.o(.text)
    I2C2_EV_IRQHandler                       0x080002ff   Thumb Code     0  startup_stm32f10x_md.o(.text)
    PVD_IRQHandler                           0x080002ff   Thumb Code     0  startup_stm32f10x_md.o(.text)
    RCC_IRQHandler                           0x080002ff   Thumb Code     0  startup_stm32f10x_md.o(.text)
    RTCAlarm_IRQHandler                      0x080002ff   Thumb Code     0  startup_stm32f10x_md.o(.text)
    RTC_IRQHandler                           0x080002ff   Thumb Code     0  startup_stm32f10x_md.o(.text)
    SPI1_IRQHandler                          0x080002ff   Thumb Code     0  startup_stm32f10x_md.o(.text)
    SPI2_IRQHandler                          0x080002ff   Thumb Code     0  startup_stm32f10x_md.o(.text)
    TAMPER_IRQHandler                        0x080002ff   Thumb Code     0  startup_stm32f10x_md.o(.text)
    TIM1_BRK_IRQHandler                      0x080002ff   Thumb Code     0  startup_stm32f10x_md.o(.text)
    TIM1_CC_IRQHandler                       0x080002ff   Thumb Code     0  startup_stm32f10x_md.o(.text)
    TIM1_TRG_COM_IRQHandler                  0x080002ff   Thumb Code     0  startup_stm32f10x_md.o(.text)
    TIM1_UP_IRQHandler                       0x080002ff   Thumb Code     0  startup_stm32f10x_md.o(.text)
    TIM2_IRQHandler                          0x080002ff   Thumb Code     0  startup_stm32f10x_md.o(.text)
    TIM3_IRQHandler                          0x080002ff   Thumb Code     0  startup_stm32f10x_md.o(.text)
    TIM4_IRQHandler                          0x080002ff   Thumb Code     0  startup_stm32f10x_md.o(.text)
    USART1_IRQHandler                        0x080002ff   Thumb Code     0  startup_stm32f10x_md.o(.text)
    USART2_IRQHandler                        0x080002ff   Thumb Code     0  startup_stm32f10x_md.o(.text)
    USART3_IRQHandler                        0x080002ff   Thumb Code     0  startup_stm32f10x_md.o(.text)
    USBWakeUp_IRQHandler                     0x080002ff   Thumb Code     0  startup_stm32f10x_md.o(.text)
    USB_HP_CAN1_TX_IRQHandler                0x080002ff   Thumb Code     0  startup_stm32f10x_md.o(.text)
    USB_LP_CAN1_RX0_IRQHandler               0x080002ff   Thumb Code     0  startup_stm32f10x_md.o(.text)
    WWDG_IRQHandler                          0x080002ff   Thumb Code     0  startup_stm32f10x_md.o(.text)
    fputcp                                   0x08000309   Thumb Code    40  main.o(.text)
    print_str                                0x08000331   Thumb Code    32  main.o(.text)
    syscall_print_str                        0x080003dd   Thumb Code    40  main.o(.text)
    main                                     0x08000431   Thumb Code    62  main.o(.text)
    NMI_Handler                              0x080004c5   Thumb Code     2  stm32f10x_it.o(.text)
    HardFault_Handler                        0x080004c7   Thumb Code    10  stm32f10x_it.o(.text)
    EXTI0_IRQHandler                         0x080004d1   Thumb Code    10  stm32f10x_it.o(.text)
    MemManage_Handler                        0x080004db   Thumb Code     4  stm32f10x_it.o(.text)
    BusFault_Handler                         0x080004df   Thumb Code     4  stm32f10x_it.o(.text)
    UsageFault_Handler                       0x080004e3   Thumb Code     4  stm32f10x_it.o(.text)
    SysTick_Handler                          0x080004e7   Thumb Code    16  stm32f10x_it.o(.text)
    SVC_Handler_Main                         0x080004f7   Thumb Code   126  stm32f10x_it.o(.text)
    DebugMon_Handler                         0x08000575   Thumb Code     2  stm32f10x_it.o(.text)
    PendSV_Handler                           0x08000577   Thumb Code     2  stm32f10x_it.o(.text)
    SVC_Handler                              0x080005b9   Thumb Code     0  user_asm.o(.text)
    ASM_Switch_To_Unprivileged               0x080005d7   Thumb Code     0  user_asm.o(.text)
    RCC_DeInit                               0x080005e5   Thumb Code    64  stm32f10x_rcc.o(.text)
    RCC_HSEConfig                            0x08000625   Thumb Code    70  stm32f10x_rcc.o(.text)
    RCC_GetFlagStatus                        0x0800066b   Thumb Code    56  stm32f10x_rcc.o(.text)
    RCC_WaitForHSEStartUp                    0x080006a3   Thumb Code    56  stm32f10x_rcc.o(.text)
    RCC_AdjustHSICalibrationValue            0x080006db   Thumb Code    20  stm32f10x_rcc.o(.text)
    RCC_HSICmd                               0x080006ef   Thumb Code     6  stm32f10x_rcc.o(.text)
    RCC_PLLConfig                            0x080006f5   Thumb Code    24  stm32f10x_rcc.o(.text)
    RCC_PLLCmd                               0x0800070d   Thumb Code     6  stm32f10x_rcc.o(.text)
    RCC_SYSCLKConfig                         0x08000713   Thumb Code    18  stm32f10x_rcc.o(.text)
    RCC_GetSYSCLKSource                      0x08000725   Thumb Code    10  stm32f10x_rcc.o(.text)
    RCC_HCLKConfig                           0x0800072f   Thumb Code    18  stm32f10x_rcc.o(.text)
    RCC_PCLK1Config                          0x08000741   Thumb Code    18  stm32f10x_rcc.o(.text)
    RCC_PCLK2Config                          0x08000753   Thumb Code    20  stm32f10x_rcc.o(.text)
    RCC_ITConfig                             0x08000767   Thumb Code    26  stm32f10x_rcc.o(.text)
    RCC_USBCLKConfig                         0x08000781   Thumb Code     8  stm32f10x_rcc.o(.text)
    RCC_ADCCLKConfig                         0x08000789   Thumb Code    18  stm32f10x_rcc.o(.text)
    RCC_LSEConfig                            0x0800079b   Thumb Code    50  stm32f10x_rcc.o(.text)
    RCC_LSICmd                               0x080007cd   Thumb Code     6  stm32f10x_rcc.o(.text)
    RCC_RTCCLKConfig                         0x080007d3   Thumb Code    12  stm32f10x_rcc.o(.text)
    RCC_RTCCLKCmd                            0x080007df   Thumb Code     8  stm32f10x_rcc.o(.text)
    RCC_GetClocksFreq                        0x080007e7   Thumb Code   192  stm32f10x_rcc.o(.text)
    RCC_AHBPeriphClockCmd                    0x080008a7   Thumb Code    26  stm32f10x_rcc.o(.text)
    RCC_APB2PeriphClockCmd                   0x080008c1   Thumb Code    26  stm32f10x_rcc.o(.text)
    RCC_APB1PeriphClockCmd                   0x080008db   Thumb Code    26  stm32f10x_rcc.o(.text)
    RCC_APB2PeriphResetCmd                   0x080008f5   Thumb Code    26  stm32f10x_rcc.o(.text)
    RCC_APB1PeriphResetCmd                   0x0800090f   Thumb Code    26  stm32f10x_rcc.o(.text)
    RCC_BackupResetCmd                       0x08000929   Thumb Code     8  stm32f10x_rcc.o(.text)
    RCC_ClockSecuritySystemCmd               0x08000931   Thumb Code     6  stm32f10x_rcc.o(.text)
    RCC_MCOConfig                            0x08000937   Thumb Code     6  stm32f10x_rcc.o(.text)
    RCC_ClearFlag                            0x0800093d   Thumb Code    14  stm32f10x_rcc.o(.text)
    RCC_GetITStatus                          0x0800094b   Thumb Code    20  stm32f10x_rcc.o(.text)
    RCC_ClearITPendingBit                    0x0800095f   Thumb Code     6  stm32f10x_rcc.o(.text)
    OS_CPU_SR_Save                           0x08000989   Thumb Code     0  os_cpu_a.o(.text)
    OS_CPU_SR_Restore                        0x08000991   Thumb Code     0  os_cpu_a.o(.text)
    OSStartHighRdy                           0x08000997   Thumb Code     0  os_cpu_a.o(.text)
    OSCtxSw                                  0x080009bb   Thumb Code     0  os_cpu_a.o(.text)
    OSIntCtxSw                               0x080009c9   Thumb Code     0  os_cpu_a.o(.text)
    OS_CPU_PendSVHandler                     0x080009d3   Thumb Code     0  os_cpu_a.o(.text)
    OSInitHookBegin                          0x08000a35   Thumb Code     2  os_cpu_c.o(.text)
    OSInitHookEnd                            0x08000a37   Thumb Code     2  os_cpu_c.o(.text)
    OSTaskCreateHook                         0x08000a39   Thumb Code     2  os_cpu_c.o(.text)
    OSTaskDelHook                            0x08000a3b   Thumb Code     2  os_cpu_c.o(.text)
    OSTaskIdleHook                           0x08000a3d   Thumb Code     2  os_cpu_c.o(.text)
    OSTaskStatHook                           0x08000a3f   Thumb Code     2  os_cpu_c.o(.text)
    OSTaskStkInit                            0x08000a41   Thumb Code   154  os_cpu_c.o(.text)
    OSTaskSwHook                             0x08000adb   Thumb Code     2  os_cpu_c.o(.text)
    OSTCBInitHook                            0x08000add   Thumb Code     2  os_cpu_c.o(.text)
    OS_StrCopy                               0x08000ae1   Thumb Code    28  os_core.o(.text)
    OSEventNameGet                           0x08000afd   Thumb Code   100  os_core.o(.text)
    OS_StrLen                                0x08000b61   Thumb Code    20  os_core.o(.text)
    OSEventNameSet                           0x08000b75   Thumb Code   120  os_core.o(.text)
    OS_TaskStat                              0x08000bed   Thumb Code   110  os_core.o(.text)
    OS_TaskIdle                              0x08000c8f   Thumb Code    32  os_core.o(.text)
    OS_MemClr                                0x08000ce3   Thumb Code    18  os_core.o(.text)
    OSInit                                   0x08000de7   Thumb Code    44  os_core.o(.text)
    OSIntEnter                               0x08000e13   Thumb Code    28  os_core.o(.text)
    OSIntExit                                0x08000e49   Thumb Code   112  os_core.o(.text)
    OSStart                                  0x08000eb9   Thumb Code   188  os_core.o(.text)
    OSStatInit                               0x08000f75   Thumb Code    62  os_core.o(.text)
    OSTimeTick                               0x08000fb3   Thumb Code   132  os_core.o(.text)
    OSVersion                                0x08001037   Thumb Code     6  os_core.o(.text)
    OS_Dummy                                 0x0800103d   Thumb Code     2  os_core.o(.text)
    OS_EventTaskRemove                       0x0800103f   Thumb Code    42  os_core.o(.text)
    OS_EventTaskRdy                          0x08001069   Thumb Code   114  os_core.o(.text)
    OS_EventTaskWait                         0x080010db   Thumb Code   112  os_core.o(.text)
    OS_EventWaitListInit                     0x0800114b   Thumb Code    28  os_core.o(.text)
    OS_MemCopy                               0x08001167   Thumb Code    20  os_core.o(.text)
    OS_Sched                                 0x0800117b   Thumb Code    86  os_core.o(.text)
    OS_TCBInit                               0x080011d1   Thumb Code   258  os_core.o(.text)
    OSFlagAccept                             0x0800131d   Thumb Code   252  os_flag.o(.text)
    OSFlagCreate                             0x08001419   Thumb Code    92  os_flag.o(.text)
    OS_FlagUnlink                            0x08001475   Thumb Code    36  os_flag.o(.text)
    OSFlagDel                                0x080014eb   Thumb Code   224  os_flag.o(.text)
    OSFlagNameGet                            0x080015cb   Thumb Code    82  os_flag.o(.text)
    OSFlagNameSet                            0x0800161d   Thumb Code   102  os_flag.o(.text)
    OSFlagPend                               0x0800171b   Thumb Code   616  os_flag.o(.text)
    OSFlagPendGetFlagsRdy                    0x08001983   Thumb Code    26  os_flag.o(.text)
    OSFlagPost                               0x0800199d   Thumb Code   312  os_flag.o(.text)
    OSFlagQuery                              0x08001ad5   Thumb Code    48  os_flag.o(.text)
    OS_FlagInit                              0x08001b05   Thumb Code    68  os_flag.o(.text)
    OSMemCreate                              0x08001b55   Thumb Code   114  os_mem.o(.text)
    OSMemGet                                 0x08001bc7   Thumb Code    62  os_mem.o(.text)
    OSMemNameGet                             0x08001c05   Thumb Code    62  os_mem.o(.text)
    OSMemNameSet                             0x08001c43   Thumb Code    84  os_mem.o(.text)
    OSMemPut                                 0x08001c97   Thumb Code    54  os_mem.o(.text)
    OSMemQuery                               0x08001ccd   Thumb Code    52  os_mem.o(.text)
    OS_MemInit                               0x08001d01   Thumb Code    68  os_mem.o(.text)
    OSTaskChangePrio                         0x08001d51   Thumb Code   308  os_task.o(.text)
    OSTaskCreate                             0x08001e85   Thumb Code   150  os_task.o(.text)
    OSTaskCreateExt                          0x08001f1b   Thumb Code   162  os_task.o(.text)
    OSTaskDel                                0x08001fbd   Thumb Code   306  os_task.o(.text)
    OSTaskDelReq                             0x080020ef   Thumb Code   142  os_task.o(.text)
    OSTaskNameGet                            0x0800217d   Thumb Code   116  os_task.o(.text)
    OSTaskNameSet                            0x080021f1   Thumb Code   132  os_task.o(.text)
    OSTaskResume                             0x08002275   Thumb Code   154  os_task.o(.text)
    OSTaskSuspend                            0x0800230f   Thumb Code   152  os_task.o(.text)
    OSTaskQuery                              0x080023a7   Thumb Code    82  os_task.o(.text)
    OSTimeDly                                0x08002411   Thumb Code    94  os_time.o(.text)
    __scatterload                            0x08002481   Thumb Code    28  init.o(.text)
    __scatterload_rt2                        0x08002481   Thumb Code     0  init.o(.text)
    __scatterload_copy                       0x080024a5   Thumb Code    14  handlers.o(i.__scatterload_copy)
    __scatterload_null                       0x080024b3   Thumb Code     2  handlers.o(i.__scatterload_null)
    __scatterload_zeroinit                   0x080024b5   Thumb Code    14  handlers.o(i.__scatterload_zeroinit)
    malloc                                   0x080024c5   Thumb Code    92  malloc.o(i.malloc)
    OSUnMapTbl                               0x08002530   Data         256  os_core.o(.constdata)
    Region$$Table$$Base                      0x08002630   Number         0  anon$$obj.o(Region$$Table)
    Region$$Table$$Limit                     0x08002650   Number         0  anon$$obj.o(Region$$Table)
    SystemCoreClock                          0x20000000   Data           4  system_stm32f10x.o(.data)
    AHBPrescTable                            0x20000004   Data          16  system_stm32f10x.o(.data)
    buffer                                   0x20000014   Data           4  main.o(.data)
    OSCtxSwCtr                               0x2000002c   Data           4  os_core.o(.data)
    OSEventFreeList                          0x20000030   Data           4  os_core.o(.data)
    OSFlagFreeList                           0x20000034   Data           4  os_core.o(.data)
    OSCPUUsage                               0x20000038   Data           1  os_core.o(.data)
    OSIdleCtrMax                             0x2000003c   Data           4  os_core.o(.data)
    OSIdleCtrRun                             0x20000040   Data           4  os_core.o(.data)
    OSStatRdy                                0x20000044   Data           1  os_core.o(.data)
    OSIntNesting                             0x20000045   Data           1  os_core.o(.data)
    OSLockNesting                            0x20000046   Data           1  os_core.o(.data)
    OSPrioCur                                0x20000047   Data           1  os_core.o(.data)
    OSPrioHighRdy                            0x20000048   Data           1  os_core.o(.data)
    OSRdyGrp                                 0x20000049   Data           1  os_core.o(.data)
    OSRdyTbl                                 0x2000004a   Data           4  os_core.o(.data)
    OSRunning                                0x2000004e   Data           1  os_core.o(.data)
    OSTaskCtr                                0x2000004f   Data           1  os_core.o(.data)
    OSIdleCtr                                0x20000050   Data           4  os_core.o(.data)
    OSTCBCur                                 0x20000054   Data           4  os_core.o(.data)
    OSTCBFreeList                            0x20000058   Data           4  os_core.o(.data)
    OSTCBHighRdy                             0x2000005c   Data           4  os_core.o(.data)
    OSTCBList                                0x20000060   Data           4  os_core.o(.data)
    OSMemFreeList                            0x20000064   Data           4  os_core.o(.data)
    __microlib_freelist                      0x20000068   Data           4  mvars.o(.data)
    __microlib_freelist_initialised          0x2000006c   Data           4  mvars.o(.data)
    OSEventTbl                               0x20000470   Data         320  os_core.o(.bss)
    OSFlagTbl                                0x200005b0   Data         140  os_core.o(.bss)
    OSTaskStatStk                            0x2000063c   Data         512  os_core.o(.bss)
    OSTaskIdleStk                            0x2000083c   Data         512  os_core.o(.bss)
    OSTCBPrioTbl                             0x20000a3c   Data         128  os_core.o(.bss)
    OSTCBTbl                                 0x20000abc   Data        1848  os_core.o(.bss)
    OSMemTbl                                 0x200011f4   Data         180  os_core.o(.bss)
    __heap_base                              0x200012a8   Data           0  startup_stm32f10x_md.o(HEAP)
    __heap_limit                             0x200014a8   Data           0  startup_stm32f10x_md.o(HEAP)
    __initial_sp                             0x200018a8   Data           0  startup_stm32f10x_md.o(STACK)



==============================================================================

Memory Map of the image

  Image Entry point : 0x080000ed

  Load Region LR_IROM1 (Base: 0x08000000, Size: 0x000026c0, Max: 0x00020000, ABSOLUTE)

    Execution Region ER_IROM1 (Exec base: 0x08000000, Load base: 0x08000000, Size: 0x00002650, Max: 0x00020000, ABSOLUTE)

    Exec Addr    Load Addr    Size         Type   Attr      Idx    E Section Name        Object

    0x08000000   0x08000000   0x000000ec   Data   RO           69    RESET               startup_stm32f10x_md.o
    0x080000ec   0x080000ec   0x00000000   Code   RO          396  * .ARM.Collect$$$$00000000  mc_w.l(entry.o)
    0x080000ec   0x080000ec   0x00000004   Code   RO          427    .ARM.Collect$$$$00000001  mc_w.l(entry2.o)
    0x080000f0   0x080000f0   0x00000004   Code   RO          430    .ARM.Collect$$$$00000004  mc_w.l(entry5.o)
    0x080000f4   0x080000f4   0x00000000   Code   RO          432    .ARM.Collect$$$$00000008  mc_w.l(entry7b.o)
    0x080000f4   0x080000f4   0x00000000   Code   RO          434    .ARM.Collect$$$$0000000A  mc_w.l(entry8b.o)
    0x080000f4   0x080000f4   0x00000008   Code   RO          435    .ARM.Collect$$$$0000000B  mc_w.l(entry9a.o)
    0x080000fc   0x080000fc   0x00000004   Code   RO          442    .ARM.Collect$$$$0000000E  mc_w.l(entry12b.o)
    0x08000100   0x08000100   0x00000000   Code   RO          437    .ARM.Collect$$$$0000000F  mc_w.l(entry10a.o)
    0x08000100   0x08000100   0x00000000   Code   RO          439    .ARM.Collect$$$$00000011  mc_w.l(entry11a.o)
    0x08000100   0x08000100   0x00000004   Code   RO          428    .ARM.Collect$$$$00002712  mc_w.l(entry2.o)
    0x08000104   0x08000104   0x000001e0   Code   RO            3    .text               system_stm32f10x.o
    0x080002e4   0x080002e4   0x00000024   Code   RO           70    .text               startup_stm32f10x_md.o
    0x08000308   0x08000308   0x000001bc   Code   RO           76    .text               main.o
    0x080004c4   0x080004c4   0x000000f4   Code   RO          128    .text               stm32f10x_it.o
    0x080005b8   0x080005b8   0x0000002c   Code   RO          150    .text               user_asm.o
    0x080005e4   0x080005e4   0x000003a4   Code   RO          198    .text               stm32f10x_rcc.o
    0x08000988   0x08000988   0x000000ac   Code   RO          261    .text               os_cpu_a.o
    0x08000a34   0x08000a34   0x000000aa   Code   RO          264    .text               os_cpu_c.o
    0x08000ade   0x08000ade   0x00000002   PAD
    0x08000ae0   0x08000ae0   0x0000083c   Code   RO          283    .text               os_core.o
    0x0800131c   0x0800131c   0x00000838   Code   RO          312    .text               os_flag.o
    0x08001b54   0x08001b54   0x000001fc   Code   RO          330    .text               os_mem.o
    0x08001d50   0x08001d50   0x000006c0   Code   RO          366    .text               os_task.o
    0x08002410   0x08002410   0x00000070   Code   RO          378    .text               os_time.o
    0x08002480   0x08002480   0x00000024   Code   RO          449    .text               mc_w.l(init.o)
    0x080024a4   0x080024a4   0x0000000e   Code   RO          453    i.__scatterload_copy  mc_w.l(handlers.o)
    0x080024b2   0x080024b2   0x00000002   Code   RO          454    i.__scatterload_null  mc_w.l(handlers.o)
    0x080024b4   0x080024b4   0x0000000e   Code   RO          455    i.__scatterload_zeroinit  mc_w.l(handlers.o)
    0x080024c2   0x080024c2   0x00000002   PAD
    0x080024c4   0x080024c4   0x0000006c   Code   RO          400    i.malloc            mc_w.l(malloc.o)
    0x08002530   0x08002530   0x00000100   Data   RO          285    .constdata          os_core.o
    0x08002630   0x08002630   0x00000020   Data   RO          451    Region$$Table       anon$$obj.o


    Execution Region RW_IRAM1 (Exec base: 0x20000000, Load base: 0x08002650, Size: 0x000018a8, Max: 0x00005000, ABSOLUTE)

    Exec Addr    Load Addr    Size         Type   Attr      Idx    E Section Name        Object

    0x20000000   0x08002650   0x00000014   Data   RW            4    .data               system_stm32f10x.o
    0x20000014   0x08002664   0x00000004   Data   RW           78    .data               main.o
    0x20000018   0x08002668   0x00000014   Data   RW          199    .data               stm32f10x_rcc.o
    0x2000002c   0x0800267c   0x0000003c   Data   RW          286    .data               os_core.o
    0x20000068   0x080026b8   0x00000004   Data   RW          447    .data               mc_w.l(mvars.o)
    0x2000006c   0x080026bc   0x00000004   Data   RW          448    .data               mc_w.l(mvars.o)
    0x20000070        -       0x00000400   Zero   RW           77    .bss                main.o
    0x20000470        -       0x00000e38   Zero   RW          284    .bss                os_core.o
    0x200012a8        -       0x00000200   Zero   RW           68    HEAP                startup_stm32f10x_md.o
    0x200014a8        -       0x00000400   Zero   RW           67    STACK               startup_stm32f10x_md.o


==============================================================================

Image component sizes


      Code (inc. data)   RO Data    RW Data    ZI Data      Debug   Object Name

       444         86          0          4       1024      34043   main.o
      2108        216        256         60       3640      16317   os_core.o
       172         32          0          0          0        312   os_cpu_a.o
       170          0          0          0          0      11331   os_cpu_c.o
      2104         38          0          0          0       7112   os_flag.o
       508         12          0          0          0       3260   os_mem.o
      1728         66          0          0          0       6134   os_task.o
       112         18          0          0          0        600   os_time.o
        36          8        236          0       1536        760   startup_stm32f10x_md.o
       244         64          0          0          0       1764   stm32f10x_it.o
       932         36          0         20          0       8744   stm32f10x_rcc.o
       480         38          0         20          0     216675   system_stm32f10x.o
        44          0          0          0          0        220   user_asm.o

    ----------------------------------------------------------------------
      9084        614        524        104       6200     307272   Object Totals
         0          0         32          0          0          0   (incl. Generated)
         2          0          0          0          0          0   (incl. Padding)

    ----------------------------------------------------------------------

      Code (inc. data)   RO Data    RW Data    ZI Data      Debug   Library Member Name

         0          0          0          0          0          0   entry.o
         0          0          0          0          0          0   entry10a.o
         0          0          0          0          0          0   entry11a.o
         4          0          0          0          0          0   entry12b.o
         8          4          0          0          0          0   entry2.o
         4          0          0          0          0          0   entry5.o
         0          0          0          0          0          0   entry7b.o
         0          0          0          0          0          0   entry8b.o
         8          4          0          0          0          0   entry9a.o
        30          0          0          0          0          0   handlers.o
        36          8          0          0          0         68   init.o
       108         16          0          0          0         84   malloc.o
         0          0          0          8          0          0   mvars.o

    ----------------------------------------------------------------------
       200         32          0          8          0        152   Library Totals
         2          0          0          0          0          0   (incl. Padding)

    ----------------------------------------------------------------------

      Code (inc. data)   RO Data    RW Data    ZI Data      Debug   Library Name

       198         32          0          8          0        152   mc_w.l

    ----------------------------------------------------------------------
       200         32          0          8          0        152   Library Totals

    ----------------------------------------------------------------------

==============================================================================


      Code (inc. data)   RO Data    RW Data    ZI Data      Debug   

      9284        646        524        112       6200     306744   Grand Totals
      9284        646        524        112       6200     306744   ELF Image Totals
      9284        646        524        112          0          0   ROM Totals

==============================================================================

    Total RO  Size (Code + RO Data)                 9808 (   9.58kB)
    Total RW  Size (RW Data + ZI Data)              6312 (   6.16kB)
    Total ROM Size (Code + RO Data + RW Data)       9920 (   9.69kB)

==============================================================================

