Component: ARM Compiler 5.06 update 7 (build 960) Tool: armlink [4d3601]

==============================================================================

Section Cross References

    system_stm32f10x.o(.text) refers to system_stm32f10x.o(.data) for SystemCoreClock
    startup_stm32f10x_md.o(RESET) refers to startup_stm32f10x_md.o(STACK) for __initial_sp
    startup_stm32f10x_md.o(RESET) refers to startup_stm32f10x_md.o(.text) for Reset_Handler
    startup_stm32f10x_md.o(RESET) refers to stm32f10x_it.o(.text) for NMI_Handler
    startup_stm32f10x_md.o(RESET) refers to user_asm.o(.text) for SVC_Handler
    startup_stm32f10x_md.o(RESET) refers to os_cpu_a.o(.text) for OS_CPU_PendSVHandler
    startup_stm32f10x_md.o(.text) refers to system_stm32f10x.o(.text) for SystemInit
    startup_stm32f10x_md.o(.text) refers to entry.o(.ARM.Collect$$$$00000000) for __main
    main.o(.text) refers to user_c.o(.text) for print_str
    main.o(.text) refers to os_sem.o(.text) for OSSemPend
    main.o(.text) refers to os_time.o(.text) for OSTimeDly
    main.o(.text) refers to rand.o(.text) for rand
    main.o(.text) refers to os_core.o(.text) for OSInit
    main.o(.text) refers to os_task.o(.text) for OSTaskCreate
    main.o(.text) refers to main.o(.data) for full
    main.o(.text) refers to main.o(.bss) for producer_stk
    stm32f10x_it.o(.text) refers to user_c.o(.text) for print_str
    stm32f10x_it.o(.text) refers to os_core.o(.text) for OSIntEnter
    user_asm.o(.text) refers to user_c.o(.text) for print_str
    user_asm.o(.text) refers to os_cpu_a.o(.text) for OSStartHighRdy_super
    user_asm.o(.text) refers to os_time.o(.text) for OSTimeDly
    user_asm.o(.text) refers to os_task.o(.text) for OSTaskCreate
    user_c.o(.text) refers to stm32f10x_rcc.o(.text) for RCC_GetClocksFreq
    stm32f10x_rcc.o(.text) refers to stm32f10x_rcc.o(.data) for APBAHBPrescTable
    stm32f10x_gpio.o(.text) refers to stm32f10x_rcc.o(.text) for RCC_APB2PeriphResetCmd
    os_cpu_a.o(.text) refers to os_core.o(.data) for OSRunning
    os_cpu_a.o(.text) refers to os_cpu_c.o(.text) for OSTaskSwHook
    os_core.o(.text) refers to os_cpu_a.o(.text) for OS_CPU_SR_Save
    os_core.o(.text) refers to os_cpu_c.o(.text) for OSTaskIdleHook
    os_core.o(.text) refers to os_task.o(.text) for OSTaskCreateExt
    os_core.o(.text) refers to os_flag.o(.text) for OS_FlagInit
    os_core.o(.text) refers to os_mem.o(.text) for OS_MemInit
    os_core.o(.text) refers to os_core.o(.data) for OSIntNesting
    os_core.o(.text) refers to os_core.o(.bss) for OSTaskIdleStk
    os_core.o(.text) refers to os_core.o(.constdata) for OSUnMapTbl
    os_flag.o(.text) refers to os_cpu_a.o(.text) for OS_CPU_SR_Save
    os_flag.o(.text) refers to os_core.o(.text) for OS_Sched
    os_flag.o(.text) refers to os_core.o(.data) for OSIntNesting
    os_flag.o(.text) refers to os_core.o(.bss) for OSFlagTbl
    os_mem.o(.text) refers to os_cpu_a.o(.text) for OS_CPU_SR_Save
    os_mem.o(.text) refers to os_core.o(.text) for OS_StrCopy
    os_mem.o(.text) refers to os_core.o(.data) for OSMemFreeList
    os_mem.o(.text) refers to os_core.o(.bss) for OSMemTbl
    os_sem.o(.text) refers to os_cpu_a.o(.text) for OS_CPU_SR_Save
    os_sem.o(.text) refers to os_core.o(.text) for OS_EventWaitListInit
    os_sem.o(.text) refers to os_core.o(.data) for OSIntNesting
    os_task.o(.text) refers to os_cpu_a.o(.text) for OS_CPU_SR_Save
    os_task.o(.text) refers to os_core.o(.text) for OS_Sched
    os_task.o(.text) refers to os_cpu_c.o(.text) for OSTaskStkInit
    os_task.o(.text) refers to os_flag.o(.text) for OS_FlagUnlink
    os_task.o(.text) refers to os_core.o(.bss) for OSTCBPrioTbl
    os_task.o(.text) refers to os_core.o(.data) for OSTCBCur
    os_time.o(.text) refers to os_cpu_a.o(.text) for OS_CPU_SR_Save
    os_time.o(.text) refers to os_core.o(.text) for OS_Sched
    os_time.o(.text) refers to os_core.o(.data) for OSIntNesting
    entry.o(.ARM.Collect$$$$00000000) refers (Special) to entry10a.o(.ARM.Collect$$$$0000000F) for __rt_final_cpp
    entry.o(.ARM.Collect$$$$00000000) refers (Special) to entry11a.o(.ARM.Collect$$$$00000011) for __rt_final_exit
    entry.o(.ARM.Collect$$$$00000000) refers (Special) to entry12b.o(.ARM.Collect$$$$0000000E) for __rt_lib_shutdown_fini
    entry.o(.ARM.Collect$$$$00000000) refers (Special) to entry7b.o(.ARM.Collect$$$$00000008) for _main_clock
    entry.o(.ARM.Collect$$$$00000000) refers (Special) to entry8b.o(.ARM.Collect$$$$0000000A) for _main_cpp_init
    entry.o(.ARM.Collect$$$$00000000) refers (Special) to entry9a.o(.ARM.Collect$$$$0000000B) for _main_init
    entry.o(.ARM.Collect$$$$00000000) refers (Special) to entry5.o(.ARM.Collect$$$$00000004) for _main_scatterload
    entry.o(.ARM.Collect$$$$00000000) refers (Special) to entry2.o(.ARM.Collect$$$$00000001) for _main_stk
    rand.o(.text) refers to rand.o(.data) for .data
    entry2.o(.ARM.Collect$$$$00000001) refers to entry2.o(.ARM.Collect$$$$00002712) for __lit__00000000
    entry2.o(.ARM.Collect$$$$00002712) refers to startup_stm32f10x_md.o(STACK) for __initial_sp
    entry2.o(__vectab_stack_and_reset_area) refers to startup_stm32f10x_md.o(STACK) for __initial_sp
    entry2.o(__vectab_stack_and_reset_area) refers to entry.o(.ARM.Collect$$$$00000000) for __main
    entry5.o(.ARM.Collect$$$$00000004) refers to init.o(.text) for __scatterload
    entry9a.o(.ARM.Collect$$$$0000000B) refers to main.o(.text) for main
    entry9b.o(.ARM.Collect$$$$0000000C) refers to main.o(.text) for main
    init.o(.text) refers to entry5.o(.ARM.Collect$$$$00000004) for __main_after_scatterload


==============================================================================

Removing Unused input sections from the image.

    Removing system_stm32f10x.o(.rev16_text), (4 bytes).
    Removing system_stm32f10x.o(.revsh_text), (4 bytes).
    Removing startup_stm32f10x_md.o(HEAP), (512 bytes).
    Removing main.o(.rev16_text), (4 bytes).
    Removing main.o(.revsh_text), (4 bytes).
    Removing stm32f10x_it.o(.rev16_text), (4 bytes).
    Removing stm32f10x_it.o(.revsh_text), (4 bytes).
    Removing user_c.o(.rev16_text), (4 bytes).
    Removing user_c.o(.revsh_text), (4 bytes).
    Removing misc.o(.rev16_text), (4 bytes).
    Removing misc.o(.revsh_text), (4 bytes).
    Removing misc.o(.text), (220 bytes).
    Removing stm32f10x_flash.o(.rev16_text), (4 bytes).
    Removing stm32f10x_flash.o(.revsh_text), (4 bytes).
    Removing stm32f10x_flash.o(.text), (1468 bytes).
    Removing stm32f10x_rcc.o(.rev16_text), (4 bytes).
    Removing stm32f10x_rcc.o(.revsh_text), (4 bytes).
    Removing stm32f10x_gpio.o(.rev16_text), (4 bytes).
    Removing stm32f10x_gpio.o(.revsh_text), (4 bytes).
    Removing stm32f10x_gpio.o(.text), (860 bytes).
    Removing stm32f10x_exti.o(.rev16_text), (4 bytes).
    Removing stm32f10x_exti.o(.revsh_text), (4 bytes).
    Removing stm32f10x_exti.o(.text), (284 bytes).
    Removing os_dbg.o(.constdata), (2 bytes).

24 unused section(s) (total 3418 bytes) removed from the image.

==============================================================================

Image Symbol Table

    Local Symbols

    Symbol Name                              Value     Ov Type        Size  Object(Section)

    ../clib/microlib/init/entry.s            0x00000000   Number         0  entry9a.o ABSOLUTE
    ../clib/microlib/init/entry.s            0x00000000   Number         0  entry7a.o ABSOLUTE
    ../clib/microlib/init/entry.s            0x00000000   Number         0  entry10b.o ABSOLUTE
    ../clib/microlib/init/entry.s            0x00000000   Number         0  entry10a.o ABSOLUTE
    ../clib/microlib/init/entry.s            0x00000000   Number         0  entry9b.o ABSOLUTE
    ../clib/microlib/init/entry.s            0x00000000   Number         0  entry2.o ABSOLUTE
    ../clib/microlib/init/entry.s            0x00000000   Number         0  entry5.o ABSOLUTE
    ../clib/microlib/init/entry.s            0x00000000   Number         0  entry8a.o ABSOLUTE
    ../clib/microlib/init/entry.s            0x00000000   Number         0  entry.o ABSOLUTE
    ../clib/microlib/init/entry.s            0x00000000   Number         0  entry12b.o ABSOLUTE
    ../clib/microlib/init/entry.s            0x00000000   Number         0  entry8b.o ABSOLUTE
    ../clib/microlib/init/entry.s            0x00000000   Number         0  entry12a.o ABSOLUTE
    ../clib/microlib/init/entry.s            0x00000000   Number         0  entry11b.o ABSOLUTE
    ../clib/microlib/init/entry.s            0x00000000   Number         0  entry11a.o ABSOLUTE
    ../clib/microlib/init/entry.s            0x00000000   Number         0  entry7b.o ABSOLUTE
    ../clib/microlib/stdlib/rand.c           0x00000000   Number         0  rand.o ABSOLUTE
    dc.s                                     0x00000000   Number         0  dc.o ABSOLUTE
    handlers.s                               0x00000000   Number         0  handlers.o ABSOLUTE
    init.s                                   0x00000000   Number         0  init.o ABSOLUTE
    main.c                                   0x00000000   Number         0  main.o ABSOLUTE
    main.c                                   0x00000000   Number         0  main.o ABSOLUTE
    src\\misc.c                              0x00000000   Number         0  misc.o ABSOLUTE
    src\\stm32f10x_exti.c                    0x00000000   Number         0  stm32f10x_exti.o ABSOLUTE
    src\\stm32f10x_flash.c                   0x00000000   Number         0  stm32f10x_flash.o ABSOLUTE
    src\\stm32f10x_gpio.c                    0x00000000   Number         0  stm32f10x_gpio.o ABSOLUTE
    src\\stm32f10x_it.c                      0x00000000   Number         0  stm32f10x_it.o ABSOLUTE
    src\\stm32f10x_rcc.c                     0x00000000   Number         0  stm32f10x_rcc.o ABSOLUTE
    src\\system_stm32f10x.c                  0x00000000   Number         0  system_stm32f10x.o ABSOLUTE
    src\misc.c                               0x00000000   Number         0  misc.o ABSOLUTE
    src\stm32f10x_exti.c                     0x00000000   Number         0  stm32f10x_exti.o ABSOLUTE
    src\stm32f10x_flash.c                    0x00000000   Number         0  stm32f10x_flash.o ABSOLUTE
    src\stm32f10x_gpio.c                     0x00000000   Number         0  stm32f10x_gpio.o ABSOLUTE
    src\stm32f10x_it.c                       0x00000000   Number         0  stm32f10x_it.o ABSOLUTE
    src\stm32f10x_rcc.c                      0x00000000   Number         0  stm32f10x_rcc.o ABSOLUTE
    src\system_stm32f10x.c                   0x00000000   Number         0  system_stm32f10x.o ABSOLUTE
    src\ucos_ii\port\os_cpu_a.asm            0x00000000   Number         0  os_cpu_a.o ABSOLUTE
    src\ucos_ii\port\os_cpu_c.c              0x00000000   Number         0  os_cpu_c.o ABSOLUTE
    src\ucos_ii\port\os_dbg.c                0x00000000   Number         0  os_dbg.o ABSOLUTE
    src\ucos_ii\src\os_core.c                0x00000000   Number         0  os_core.o ABSOLUTE
    src\ucos_ii\src\os_flag.c                0x00000000   Number         0  os_flag.o ABSOLUTE
    src\ucos_ii\src\os_mbox.c                0x00000000   Number         0  os_mbox.o ABSOLUTE
    src\ucos_ii\src\os_mem.c                 0x00000000   Number         0  os_mem.o ABSOLUTE
    src\ucos_ii\src\os_mutex.c               0x00000000   Number         0  os_mutex.o ABSOLUTE
    src\ucos_ii\src\os_q.c                   0x00000000   Number         0  os_q.o ABSOLUTE
    src\ucos_ii\src\os_sem.c                 0x00000000   Number         0  os_sem.o ABSOLUTE
    src\ucos_ii\src\os_task.c                0x00000000   Number         0  os_task.o ABSOLUTE
    src\ucos_ii\src\os_time.c                0x00000000   Number         0  os_time.o ABSOLUTE
    src\ucos_ii\src\os_tmr.c                 0x00000000   Number         0  os_tmr.o ABSOLUTE
    startup_stm32f10x_md.s                   0x00000000   Number         0  startup_stm32f10x_md.o ABSOLUTE
    user_asm.s                               0x00000000   Number         0  user_asm.o ABSOLUTE
    user_c.c                                 0x00000000   Number         0  user_c.o ABSOLUTE
    user_c.c                                 0x00000000   Number         0  user_c.o ABSOLUTE
    RESET                                    0x08000000   Section      236  startup_stm32f10x_md.o(RESET)
    .ARM.Collect$$$$00000000                 0x080000ec   Section        0  entry.o(.ARM.Collect$$$$00000000)
    .ARM.Collect$$$$00000001                 0x080000ec   Section        4  entry2.o(.ARM.Collect$$$$00000001)
    .ARM.Collect$$$$00000004                 0x080000f0   Section        4  entry5.o(.ARM.Collect$$$$00000004)
    .ARM.Collect$$$$00000008                 0x080000f4   Section        0  entry7b.o(.ARM.Collect$$$$00000008)
    .ARM.Collect$$$$0000000A                 0x080000f4   Section        0  entry8b.o(.ARM.Collect$$$$0000000A)
    .ARM.Collect$$$$0000000B                 0x080000f4   Section        8  entry9a.o(.ARM.Collect$$$$0000000B)
    .ARM.Collect$$$$0000000E                 0x080000fc   Section        4  entry12b.o(.ARM.Collect$$$$0000000E)
    .ARM.Collect$$$$0000000F                 0x08000100   Section        0  entry10a.o(.ARM.Collect$$$$0000000F)
    .ARM.Collect$$$$00000011                 0x08000100   Section        0  entry11a.o(.ARM.Collect$$$$00000011)
    .ARM.Collect$$$$00002712                 0x08000100   Section        4  entry2.o(.ARM.Collect$$$$00002712)
    __lit__00000000                          0x08000100   Data           4  entry2.o(.ARM.Collect$$$$00002712)
    .text                                    0x08000104   Section        0  system_stm32f10x.o(.text)
    SetSysClockTo72                          0x08000105   Thumb Code   214  system_stm32f10x.o(.text)
    SetSysClock                              0x080001db   Thumb Code     8  system_stm32f10x.o(.text)
    .text                                    0x080002e4   Section       36  startup_stm32f10x_md.o(.text)
    .text                                    0x08000308   Section        0  main.o(.text)
    consumer                                 0x08000309   Thumb Code    88  main.o(.text)
    producer                                 0x08000361   Thumb Code    90  main.o(.text)
    .text                                    0x08000480   Section        0  stm32f10x_it.o(.text)
    .text                                    0x080004ec   Section      154  user_asm.o(.text)
    .text                                    0x08000588   Section        0  user_c.o(.text)
    .text                                    0x08000634   Section        0  stm32f10x_rcc.o(.text)
    .text                                    0x080009d8   Section      176  os_cpu_a.o(.text)
    .text                                    0x08000a88   Section        0  os_cpu_c.o(.text)
    .text                                    0x08000b34   Section        0  os_core.o(.text)
    OS_InitTaskIdle                          0x08000c61   Thumb Code    52  os_core.o(.text)
    OS_InitEventList                         0x08000ca7   Thumb Code    70  os_core.o(.text)
    OS_InitTCBList                           0x08000ced   Thumb Code    86  os_core.o(.text)
    OS_InitRdyList                           0x08000d43   Thumb Code    46  os_core.o(.text)
    OS_InitMisc                              0x08000d71   Thumb Code    28  os_core.o(.text)
    OS_SchedNew                              0x08000dd1   Thumb Code    26  os_core.o(.text)
    .text                                    0x08001250   Section        0  os_flag.o(.text)
    OS_FlagTaskRdy                           0x080013cd   Thumb Code    82  os_flag.o(.text)
    OS_FlagBlock                             0x080015b7   Thumb Code   152  os_flag.o(.text)
    .text                                    0x08001a88   Section        0  os_mem.o(.text)
    .text                                    0x08001c84   Section        0  os_sem.o(.text)
    .text                                    0x0800203c   Section        0  os_task.o(.text)
    .text                                    0x080026fc   Section        0  os_time.o(.text)
    .text                                    0x0800276c   Section        0  rand.o(.text)
    .text                                    0x08002790   Section       36  init.o(.text)
    i.__scatterload_copy                     0x080027b4   Section       14  handlers.o(i.__scatterload_copy)
    i.__scatterload_null                     0x080027c2   Section        2  handlers.o(i.__scatterload_null)
    i.__scatterload_zeroinit                 0x080027c4   Section       14  handlers.o(i.__scatterload_zeroinit)
    .constdata                               0x080027d2   Section      256  os_core.o(.constdata)
    .data                                    0x20000000   Section       20  system_stm32f10x.o(.data)
    .data                                    0x20000014   Section       16  main.o(.data)
    food                                     0x20000020   Data           4  main.o(.data)
    .data                                    0x20000024   Section       20  stm32f10x_rcc.o(.data)
    APBAHBPrescTable                         0x20000024   Data          16  stm32f10x_rcc.o(.data)
    ADCPrescTable                            0x20000034   Data           4  stm32f10x_rcc.o(.data)
    .data                                    0x20000038   Section       48  os_core.o(.data)
    .data                                    0x20000068   Section        4  rand.o(.data)
    _rand_state                              0x20000068   Data           4  rand.o(.data)
    .bss                                     0x2000006c   Section     1024  main.o(.bss)
    producer_stk                             0x2000006c   Data         512  main.o(.bss)
    consumer_stk                             0x2000026c   Data         512  main.o(.bss)
    .bss                                     0x2000046c   Section     3044  os_core.o(.bss)
    STACK                                    0x20001050   Section     1024  startup_stm32f10x_md.o(STACK)

    Global Symbols

    Symbol Name                              Value     Ov Type        Size  Object(Section)

    BuildAttributes$$THM_ISAv4$P$D$K$B$S$PE$A:L22UL41UL21$X:L11$S22US41US21$IEEE1$IW$USESV6$~STKCKD$USESV7$~SHL$OSPACE$EBA8$MICROLIB$REQ8$PRES8$EABIv2 0x00000000   Number         0  anon$$obj.o ABSOLUTE
    __ARM_use_no_argv                        0x00000000   Number         0  main.o ABSOLUTE
    __arm_fini_                               - Undefined Weak Reference
    __cpp_initialize__aeabi_                  - Undefined Weak Reference
    __cxa_finalize                            - Undefined Weak Reference
    __decompress                              - Undefined Weak Reference
    _clock_init                               - Undefined Weak Reference
    _microlib_exit                            - Undefined Weak Reference
    __Vectors_Size                           0x000000ec   Number         0  startup_stm32f10x_md.o ABSOLUTE
    __Vectors                                0x08000000   Data           4  startup_stm32f10x_md.o(RESET)
    __Vectors_End                            0x080000ec   Data           0  startup_stm32f10x_md.o(RESET)
    __main                                   0x080000ed   Thumb Code     0  entry.o(.ARM.Collect$$$$00000000)
    _main_stk                                0x080000ed   Thumb Code     0  entry2.o(.ARM.Collect$$$$00000001)
    _main_scatterload                        0x080000f1   Thumb Code     0  entry5.o(.ARM.Collect$$$$00000004)
    __main_after_scatterload                 0x080000f5   Thumb Code     0  entry5.o(.ARM.Collect$$$$00000004)
    _main_clock                              0x080000f5   Thumb Code     0  entry7b.o(.ARM.Collect$$$$00000008)
    _main_cpp_init                           0x080000f5   Thumb Code     0  entry8b.o(.ARM.Collect$$$$0000000A)
    _main_init                               0x080000f5   Thumb Code     0  entry9a.o(.ARM.Collect$$$$0000000B)
    __rt_lib_shutdown_fini                   0x080000fd   Thumb Code     0  entry12b.o(.ARM.Collect$$$$0000000E)
    __rt_final_cpp                           0x08000101   Thumb Code     0  entry10a.o(.ARM.Collect$$$$0000000F)
    __rt_final_exit                          0x08000101   Thumb Code     0  entry11a.o(.ARM.Collect$$$$00000011)
    SystemInit                               0x080001e3   Thumb Code    78  system_stm32f10x.o(.text)
    SystemCoreClockUpdate                    0x08000231   Thumb Code   142  system_stm32f10x.o(.text)
    Reset_Handler                            0x080002e5   Thumb Code     8  startup_stm32f10x_md.o(.text)
    ADC1_2_IRQHandler                        0x080002ff   Thumb Code     0  startup_stm32f10x_md.o(.text)
    CAN1_RX1_IRQHandler                      0x080002ff   Thumb Code     0  startup_stm32f10x_md.o(.text)
    CAN1_SCE_IRQHandler                      0x080002ff   Thumb Code     0  startup_stm32f10x_md.o(.text)
    DMA1_Channel1_IRQHandler                 0x080002ff   Thumb Code     0  startup_stm32f10x_md.o(.text)
    DMA1_Channel2_IRQHandler                 0x080002ff   Thumb Code     0  startup_stm32f10x_md.o(.text)
    DMA1_Channel3_IRQHandler                 0x080002ff   Thumb Code     0  startup_stm32f10x_md.o(.text)
    DMA1_Channel4_IRQHandler                 0x080002ff   Thumb Code     0  startup_stm32f10x_md.o(.text)
    DMA1_Channel5_IRQHandler                 0x080002ff   Thumb Code     0  startup_stm32f10x_md.o(.text)
    DMA1_Channel6_IRQHandler                 0x080002ff   Thumb Code     0  startup_stm32f10x_md.o(.text)
    DMA1_Channel7_IRQHandler                 0x080002ff   Thumb Code     0  startup_stm32f10x_md.o(.text)
    EXTI15_10_IRQHandler                     0x080002ff   Thumb Code     0  startup_stm32f10x_md.o(.text)
    EXTI1_IRQHandler                         0x080002ff   Thumb Code     0  startup_stm32f10x_md.o(.text)
    EXTI2_IRQHandler                         0x080002ff   Thumb Code     0  startup_stm32f10x_md.o(.text)
    EXTI3_IRQHandler                         0x080002ff   Thumb Code     0  startup_stm32f10x_md.o(.text)
    EXTI4_IRQHandler                         0x080002ff   Thumb Code     0  startup_stm32f10x_md.o(.text)
    EXTI9_5_IRQHandler                       0x080002ff   Thumb Code     0  startup_stm32f10x_md.o(.text)
    FLASH_IRQHandler                         0x080002ff   Thumb Code     0  startup_stm32f10x_md.o(.text)
    I2C1_ER_IRQHandler                       0x080002ff   Thumb Code     0  startup_stm32f10x_md.o(.text)
    I2C1_EV_IRQHandler                       0x080002ff   Thumb Code     0  startup_stm32f10x_md.o(.text)
    I2C2_ER_IRQHandler                       0x080002ff   Thumb Code     0  startup_stm32f10x_md.o(.text)
    I2C2_EV_IRQHandler                       0x080002ff   Thumb Code     0  startup_stm32f10x_md.o(.text)
    PVD_IRQHandler                           0x080002ff   Thumb Code     0  startup_stm32f10x_md.o(.text)
    RCC_IRQHandler                           0x080002ff   Thumb Code     0  startup_stm32f10x_md.o(.text)
    RTCAlarm_IRQHandler                      0x080002ff   Thumb Code     0  startup_stm32f10x_md.o(.text)
    RTC_IRQHandler                           0x080002ff   Thumb Code     0  startup_stm32f10x_md.o(.text)
    SPI1_IRQHandler                          0x080002ff   Thumb Code     0  startup_stm32f10x_md.o(.text)
    SPI2_IRQHandler                          0x080002ff   Thumb Code     0  startup_stm32f10x_md.o(.text)
    TAMPER_IRQHandler                        0x080002ff   Thumb Code     0  startup_stm32f10x_md.o(.text)
    TIM1_BRK_IRQHandler                      0x080002ff   Thumb Code     0  startup_stm32f10x_md.o(.text)
    TIM1_CC_IRQHandler                       0x080002ff   Thumb Code     0  startup_stm32f10x_md.o(.text)
    TIM1_TRG_COM_IRQHandler                  0x080002ff   Thumb Code     0  startup_stm32f10x_md.o(.text)
    TIM1_UP_IRQHandler                       0x080002ff   Thumb Code     0  startup_stm32f10x_md.o(.text)
    TIM2_IRQHandler                          0x080002ff   Thumb Code     0  startup_stm32f10x_md.o(.text)
    TIM3_IRQHandler                          0x080002ff   Thumb Code     0  startup_stm32f10x_md.o(.text)
    TIM4_IRQHandler                          0x080002ff   Thumb Code     0  startup_stm32f10x_md.o(.text)
    USART1_IRQHandler                        0x080002ff   Thumb Code     0  startup_stm32f10x_md.o(.text)
    USART2_IRQHandler                        0x080002ff   Thumb Code     0  startup_stm32f10x_md.o(.text)
    USART3_IRQHandler                        0x080002ff   Thumb Code     0  startup_stm32f10x_md.o(.text)
    USBWakeUp_IRQHandler                     0x080002ff   Thumb Code     0  startup_stm32f10x_md.o(.text)
    USB_HP_CAN1_TX_IRQHandler                0x080002ff   Thumb Code     0  startup_stm32f10x_md.o(.text)
    USB_LP_CAN1_RX0_IRQHandler               0x080002ff   Thumb Code     0  startup_stm32f10x_md.o(.text)
    WWDG_IRQHandler                          0x080002ff   Thumb Code     0  startup_stm32f10x_md.o(.text)
    main                                     0x080003bb   Thumb Code   100  main.o(.text)
    NMI_Handler                              0x08000481   Thumb Code     2  stm32f10x_it.o(.text)
    HardFault_Handler                        0x08000483   Thumb Code    10  stm32f10x_it.o(.text)
    EXTI0_IRQHandler                         0x0800048d   Thumb Code    10  stm32f10x_it.o(.text)
    MemManage_Handler                        0x08000497   Thumb Code     4  stm32f10x_it.o(.text)
    BusFault_Handler                         0x0800049b   Thumb Code     4  stm32f10x_it.o(.text)
    UsageFault_Handler                       0x0800049f   Thumb Code     4  stm32f10x_it.o(.text)
    DebugMon_Handler                         0x080004a3   Thumb Code     2  stm32f10x_it.o(.text)
    PendSV_Handler                           0x080004a5   Thumb Code     2  stm32f10x_it.o(.text)
    SysTick_Handler                          0x080004a7   Thumb Code    16  stm32f10x_it.o(.text)
    SVC_Handler                              0x080004ed   Thumb Code     0  user_asm.o(.text)
    ASM_Switch_To_Unprivileged               0x08000569   Thumb Code     0  user_asm.o(.text)
    syscall_print_str                        0x08000577   Thumb Code     0  user_asm.o(.text)
    syscall_systick_init                     0x0800057b   Thumb Code     0  user_asm.o(.text)
    syscall_OSTimeDly                        0x0800057f   Thumb Code     0  user_asm.o(.text)
    syscall_OSTaskCreate                     0x08000583   Thumb Code     0  user_asm.o(.text)
    fputcp                                   0x08000589   Thumb Code    40  user_c.o(.text)
    print_str                                0x080005b1   Thumb Code    32  user_c.o(.text)
    systick_init                             0x080005d1   Thumb Code    92  user_c.o(.text)
    RCC_DeInit                               0x08000635   Thumb Code    64  stm32f10x_rcc.o(.text)
    RCC_HSEConfig                            0x08000675   Thumb Code    70  stm32f10x_rcc.o(.text)
    RCC_GetFlagStatus                        0x080006bb   Thumb Code    56  stm32f10x_rcc.o(.text)
    RCC_WaitForHSEStartUp                    0x080006f3   Thumb Code    56  stm32f10x_rcc.o(.text)
    RCC_AdjustHSICalibrationValue            0x0800072b   Thumb Code    20  stm32f10x_rcc.o(.text)
    RCC_HSICmd                               0x0800073f   Thumb Code     6  stm32f10x_rcc.o(.text)
    RCC_PLLConfig                            0x08000745   Thumb Code    24  stm32f10x_rcc.o(.text)
    RCC_PLLCmd                               0x0800075d   Thumb Code     6  stm32f10x_rcc.o(.text)
    RCC_SYSCLKConfig                         0x08000763   Thumb Code    18  stm32f10x_rcc.o(.text)
    RCC_GetSYSCLKSource                      0x08000775   Thumb Code    10  stm32f10x_rcc.o(.text)
    RCC_HCLKConfig                           0x0800077f   Thumb Code    18  stm32f10x_rcc.o(.text)
    RCC_PCLK1Config                          0x08000791   Thumb Code    18  stm32f10x_rcc.o(.text)
    RCC_PCLK2Config                          0x080007a3   Thumb Code    20  stm32f10x_rcc.o(.text)
    RCC_ITConfig                             0x080007b7   Thumb Code    26  stm32f10x_rcc.o(.text)
    RCC_USBCLKConfig                         0x080007d1   Thumb Code     8  stm32f10x_rcc.o(.text)
    RCC_ADCCLKConfig                         0x080007d9   Thumb Code    18  stm32f10x_rcc.o(.text)
    RCC_LSEConfig                            0x080007eb   Thumb Code    50  stm32f10x_rcc.o(.text)
    RCC_LSICmd                               0x0800081d   Thumb Code     6  stm32f10x_rcc.o(.text)
    RCC_RTCCLKConfig                         0x08000823   Thumb Code    12  stm32f10x_rcc.o(.text)
    RCC_RTCCLKCmd                            0x0800082f   Thumb Code     8  stm32f10x_rcc.o(.text)
    RCC_GetClocksFreq                        0x08000837   Thumb Code   192  stm32f10x_rcc.o(.text)
    RCC_AHBPeriphClockCmd                    0x080008f7   Thumb Code    26  stm32f10x_rcc.o(.text)
    RCC_APB2PeriphClockCmd                   0x08000911   Thumb Code    26  stm32f10x_rcc.o(.text)
    RCC_APB1PeriphClockCmd                   0x0800092b   Thumb Code    26  stm32f10x_rcc.o(.text)
    RCC_APB2PeriphResetCmd                   0x08000945   Thumb Code    26  stm32f10x_rcc.o(.text)
    RCC_APB1PeriphResetCmd                   0x0800095f   Thumb Code    26  stm32f10x_rcc.o(.text)
    RCC_BackupResetCmd                       0x08000979   Thumb Code     8  stm32f10x_rcc.o(.text)
    RCC_ClockSecuritySystemCmd               0x08000981   Thumb Code     6  stm32f10x_rcc.o(.text)
    RCC_MCOConfig                            0x08000987   Thumb Code     6  stm32f10x_rcc.o(.text)
    RCC_ClearFlag                            0x0800098d   Thumb Code    14  stm32f10x_rcc.o(.text)
    RCC_GetITStatus                          0x0800099b   Thumb Code    20  stm32f10x_rcc.o(.text)
    RCC_ClearITPendingBit                    0x080009af   Thumb Code     6  stm32f10x_rcc.o(.text)
    OS_CPU_SR_Save                           0x080009d9   Thumb Code     0  os_cpu_a.o(.text)
    OS_CPU_SR_Restore                        0x080009e1   Thumb Code     0  os_cpu_a.o(.text)
    OSStartHighRdy                           0x080009e7   Thumb Code     0  os_cpu_a.o(.text)
    OSStartHighRdy_super                     0x080009eb   Thumb Code     0  os_cpu_a.o(.text)
    OSCtxSw                                  0x08000a0f   Thumb Code     0  os_cpu_a.o(.text)
    OSIntCtxSw                               0x08000a1d   Thumb Code     0  os_cpu_a.o(.text)
    OS_CPU_PendSVHandler                     0x08000a27   Thumb Code     0  os_cpu_a.o(.text)
    OSInitHookBegin                          0x08000a89   Thumb Code     2  os_cpu_c.o(.text)
    OSInitHookEnd                            0x08000a8b   Thumb Code     2  os_cpu_c.o(.text)
    OSTaskCreateHook                         0x08000a8d   Thumb Code     2  os_cpu_c.o(.text)
    OSTaskDelHook                            0x08000a8f   Thumb Code     2  os_cpu_c.o(.text)
    OSTaskIdleHook                           0x08000a91   Thumb Code     2  os_cpu_c.o(.text)
    OSTaskStatHook                           0x08000a93   Thumb Code     2  os_cpu_c.o(.text)
    OSTaskStkInit                            0x08000a95   Thumb Code   154  os_cpu_c.o(.text)
    OSTaskSwHook                             0x08000b2f   Thumb Code     2  os_cpu_c.o(.text)
    OSTCBInitHook                            0x08000b31   Thumb Code     2  os_cpu_c.o(.text)
    OS_StrCopy                               0x08000b35   Thumb Code    28  os_core.o(.text)
    OSEventNameGet                           0x08000b51   Thumb Code   100  os_core.o(.text)
    OS_StrLen                                0x08000bb5   Thumb Code    20  os_core.o(.text)
    OSEventNameSet                           0x08000bc9   Thumb Code   120  os_core.o(.text)
    OS_TaskIdle                              0x08000c41   Thumb Code    32  os_core.o(.text)
    OS_MemClr                                0x08000c95   Thumb Code    18  os_core.o(.text)
    OSInit                                   0x08000d8d   Thumb Code    40  os_core.o(.text)
    OSIntEnter                               0x08000db5   Thumb Code    28  os_core.o(.text)
    OSIntExit                                0x08000deb   Thumb Code   112  os_core.o(.text)
    OSStart                                  0x08000e5b   Thumb Code    54  os_core.o(.text)
    OSTimeTick                               0x08000e91   Thumb Code   132  os_core.o(.text)
    OSVersion                                0x08000f15   Thumb Code     6  os_core.o(.text)
    OS_Dummy                                 0x08000f1b   Thumb Code     2  os_core.o(.text)
    OS_EventTaskRemove                       0x08000f1d   Thumb Code   144  os_core.o(.text)
    OS_EventTaskRdy                          0x08000fad   Thumb Code   114  os_core.o(.text)
    OS_EventTaskWait                         0x0800101f   Thumb Code   112  os_core.o(.text)
    OS_EventWaitListInit                     0x0800108f   Thumb Code    28  os_core.o(.text)
    OS_MemCopy                               0x080010ab   Thumb Code    20  os_core.o(.text)
    OS_Sched                                 0x080010bf   Thumb Code    86  os_core.o(.text)
    OS_TCBInit                               0x08001115   Thumb Code   258  os_core.o(.text)
    OSFlagAccept                             0x08001251   Thumb Code   252  os_flag.o(.text)
    OSFlagCreate                             0x0800134d   Thumb Code    92  os_flag.o(.text)
    OS_FlagUnlink                            0x080013a9   Thumb Code    36  os_flag.o(.text)
    OSFlagDel                                0x0800141f   Thumb Code   224  os_flag.o(.text)
    OSFlagNameGet                            0x080014ff   Thumb Code    82  os_flag.o(.text)
    OSFlagNameSet                            0x08001551   Thumb Code   102  os_flag.o(.text)
    OSFlagPend                               0x0800164f   Thumb Code   616  os_flag.o(.text)
    OSFlagPendGetFlagsRdy                    0x080018b7   Thumb Code    26  os_flag.o(.text)
    OSFlagPost                               0x080018d1   Thumb Code   312  os_flag.o(.text)
    OSFlagQuery                              0x08001a09   Thumb Code    48  os_flag.o(.text)
    OS_FlagInit                              0x08001a39   Thumb Code    68  os_flag.o(.text)
    OSMemCreate                              0x08001a89   Thumb Code   114  os_mem.o(.text)
    OSMemGet                                 0x08001afb   Thumb Code    62  os_mem.o(.text)
    OSMemNameGet                             0x08001b39   Thumb Code    62  os_mem.o(.text)
    OSMemNameSet                             0x08001b77   Thumb Code    84  os_mem.o(.text)
    OSMemPut                                 0x08001bcb   Thumb Code    54  os_mem.o(.text)
    OSMemQuery                               0x08001c01   Thumb Code    52  os_mem.o(.text)
    OS_MemInit                               0x08001c35   Thumb Code    68  os_mem.o(.text)
    OSSemAccept                              0x08001c85   Thumb Code    44  os_sem.o(.text)
    OSSemCreate                              0x08001cb1   Thumb Code    78  os_sem.o(.text)
    OSSemDel                                 0x08001cff   Thumb Code   220  os_sem.o(.text)
    OSSemPend                                0x08001ddb   Thumb Code   228  os_sem.o(.text)
    OSSemPendAbort                           0x08001ebf   Thumb Code   128  os_sem.o(.text)
    OSSemPost                                0x08001f3f   Thumb Code    88  os_sem.o(.text)
    OSSemQuery                               0x08001f97   Thumb Code    82  os_sem.o(.text)
    OSSemSet                                 0x08001fe9   Thumb Code    68  os_sem.o(.text)
    OSTaskChangePrio                         0x0800203d   Thumb Code   308  os_task.o(.text)
    OSTaskCreate                             0x08002171   Thumb Code   150  os_task.o(.text)
    OSTaskCreateExt                          0x08002207   Thumb Code   162  os_task.o(.text)
    OSTaskDel                                0x080022a9   Thumb Code   306  os_task.o(.text)
    OSTaskDelReq                             0x080023db   Thumb Code   142  os_task.o(.text)
    OSTaskNameGet                            0x08002469   Thumb Code   116  os_task.o(.text)
    OSTaskNameSet                            0x080024dd   Thumb Code   132  os_task.o(.text)
    OSTaskResume                             0x08002561   Thumb Code   154  os_task.o(.text)
    OSTaskSuspend                            0x080025fb   Thumb Code   152  os_task.o(.text)
    OSTaskQuery                              0x08002693   Thumb Code    82  os_task.o(.text)
    OSTimeDly                                0x080026fd   Thumb Code    96  os_time.o(.text)
    rand                                     0x0800276d   Thumb Code    20  rand.o(.text)
    srand                                    0x08002781   Thumb Code     6  rand.o(.text)
    __scatterload                            0x08002791   Thumb Code    28  init.o(.text)
    __scatterload_rt2                        0x08002791   Thumb Code     0  init.o(.text)
    __scatterload_copy                       0x080027b5   Thumb Code    14  handlers.o(i.__scatterload_copy)
    __scatterload_null                       0x080027c3   Thumb Code     2  handlers.o(i.__scatterload_null)
    __scatterload_zeroinit                   0x080027c5   Thumb Code    14  handlers.o(i.__scatterload_zeroinit)
    OSUnMapTbl                               0x080027d2   Data         256  os_core.o(.constdata)
    Region$$Table$$Base                      0x080028d4   Number         0  anon$$obj.o(Region$$Table)
    Region$$Table$$Limit                     0x080028f4   Number         0  anon$$obj.o(Region$$Table)
    SystemCoreClock                          0x20000000   Data           4  system_stm32f10x.o(.data)
    AHBPrescTable                            0x20000004   Data          16  system_stm32f10x.o(.data)
    full                                     0x20000014   Data           4  main.o(.data)
    empty                                    0x20000018   Data           4  main.o(.data)
    mutex                                    0x2000001c   Data           4  main.o(.data)
    OSCtxSwCtr                               0x20000038   Data           4  os_core.o(.data)
    OSEventFreeList                          0x2000003c   Data           4  os_core.o(.data)
    OSFlagFreeList                           0x20000040   Data           4  os_core.o(.data)
    OSIntNesting                             0x20000044   Data           1  os_core.o(.data)
    OSLockNesting                            0x20000045   Data           1  os_core.o(.data)
    OSPrioCur                                0x20000046   Data           1  os_core.o(.data)
    OSPrioHighRdy                            0x20000047   Data           1  os_core.o(.data)
    OSRdyGrp                                 0x20000048   Data           1  os_core.o(.data)
    OSRdyTbl                                 0x20000049   Data           4  os_core.o(.data)
    OSRunning                                0x2000004d   Data           1  os_core.o(.data)
    OSTaskCtr                                0x2000004e   Data           1  os_core.o(.data)
    OSIdleCtr                                0x20000050   Data           4  os_core.o(.data)
    OSTCBCur                                 0x20000054   Data           4  os_core.o(.data)
    OSTCBFreeList                            0x20000058   Data           4  os_core.o(.data)
    OSTCBHighRdy                             0x2000005c   Data           4  os_core.o(.data)
    OSTCBList                                0x20000060   Data           4  os_core.o(.data)
    OSMemFreeList                            0x20000064   Data           4  os_core.o(.data)
    OSEventTbl                               0x2000046c   Data         320  os_core.o(.bss)
    OSFlagTbl                                0x200005ac   Data         140  os_core.o(.bss)
    OSTaskIdleStk                            0x20000638   Data         512  os_core.o(.bss)
    OSTCBPrioTbl                             0x20000838   Data         128  os_core.o(.bss)
    OSTCBTbl                                 0x200008b8   Data        1764  os_core.o(.bss)
    OSMemTbl                                 0x20000f9c   Data         180  os_core.o(.bss)
    __initial_sp                             0x20001450   Data           0  startup_stm32f10x_md.o(STACK)



==============================================================================

Memory Map of the image

  Image Entry point : 0x080000ed

  Load Region LR_IROM1 (Base: 0x08000000, Size: 0x00002960, Max: 0x00020000, ABSOLUTE)

    Execution Region ER_IROM1 (Exec base: 0x08000000, Load base: 0x08000000, Size: 0x000028f4, Max: 0x00020000, ABSOLUTE)

    Exec Addr    Load Addr    Size         Type   Attr      Idx    E Section Name        Object

    0x08000000   0x08000000   0x000000ec   Data   RO           69    RESET               startup_stm32f10x_md.o
    0x080000ec   0x080000ec   0x00000000   Code   RO          425  * .ARM.Collect$$$$00000000  mc_w.l(entry.o)
    0x080000ec   0x080000ec   0x00000004   Code   RO          431    .ARM.Collect$$$$00000001  mc_w.l(entry2.o)
    0x080000f0   0x080000f0   0x00000004   Code   RO          434    .ARM.Collect$$$$00000004  mc_w.l(entry5.o)
    0x080000f4   0x080000f4   0x00000000   Code   RO          436    .ARM.Collect$$$$00000008  mc_w.l(entry7b.o)
    0x080000f4   0x080000f4   0x00000000   Code   RO          438    .ARM.Collect$$$$0000000A  mc_w.l(entry8b.o)
    0x080000f4   0x080000f4   0x00000008   Code   RO          439    .ARM.Collect$$$$0000000B  mc_w.l(entry9a.o)
    0x080000fc   0x080000fc   0x00000004   Code   RO          446    .ARM.Collect$$$$0000000E  mc_w.l(entry12b.o)
    0x08000100   0x08000100   0x00000000   Code   RO          441    .ARM.Collect$$$$0000000F  mc_w.l(entry10a.o)
    0x08000100   0x08000100   0x00000000   Code   RO          443    .ARM.Collect$$$$00000011  mc_w.l(entry11a.o)
    0x08000100   0x08000100   0x00000004   Code   RO          432    .ARM.Collect$$$$00002712  mc_w.l(entry2.o)
    0x08000104   0x08000104   0x000001e0   Code   RO            3    .text               system_stm32f10x.o
    0x080002e4   0x080002e4   0x00000024   Code   RO           70    .text               startup_stm32f10x_md.o
    0x08000308   0x08000308   0x00000178   Code   RO           76    .text               main.o
    0x08000480   0x08000480   0x0000006c   Code   RO          127    .text               stm32f10x_it.o
    0x080004ec   0x080004ec   0x0000009a   Code   RO          148    .text               user_asm.o
    0x08000586   0x08000586   0x00000002   PAD
    0x08000588   0x08000588   0x000000ac   Code   RO          153    .text               user_c.o
    0x08000634   0x08000634   0x000003a4   Code   RO          227    .text               stm32f10x_rcc.o
    0x080009d8   0x080009d8   0x000000b0   Code   RO          290    .text               os_cpu_a.o
    0x08000a88   0x08000a88   0x000000aa   Code   RO          293    .text               os_cpu_c.o
    0x08000b32   0x08000b32   0x00000002   PAD
    0x08000b34   0x08000b34   0x0000071c   Code   RO          312    .text               os_core.o
    0x08001250   0x08001250   0x00000838   Code   RO          341    .text               os_flag.o
    0x08001a88   0x08001a88   0x000001fc   Code   RO          359    .text               os_mem.o
    0x08001c84   0x08001c84   0x000003b8   Code   RO          383    .text               os_sem.o
    0x0800203c   0x0800203c   0x000006c0   Code   RO          395    .text               os_task.o
    0x080026fc   0x080026fc   0x00000070   Code   RO          407    .text               os_time.o
    0x0800276c   0x0800276c   0x00000024   Code   RO          428    .text               mc_w.l(rand.o)
    0x08002790   0x08002790   0x00000024   Code   RO          447    .text               mc_w.l(init.o)
    0x080027b4   0x080027b4   0x0000000e   Code   RO          451    i.__scatterload_copy  mc_w.l(handlers.o)
    0x080027c2   0x080027c2   0x00000002   Code   RO          452    i.__scatterload_null  mc_w.l(handlers.o)
    0x080027c4   0x080027c4   0x0000000e   Code   RO          453    i.__scatterload_zeroinit  mc_w.l(handlers.o)
    0x080027d2   0x080027d2   0x00000100   Data   RO          314    .constdata          os_core.o
    0x080028d2   0x080028d2   0x00000002   PAD
    0x080028d4   0x080028d4   0x00000020   Data   RO          449    Region$$Table       anon$$obj.o


    Execution Region RW_IRAM1 (Exec base: 0x20000000, Load base: 0x080028f4, Size: 0x00001450, Max: 0x00005000, ABSOLUTE)

    Exec Addr    Load Addr    Size         Type   Attr      Idx    E Section Name        Object

    0x20000000   0x080028f4   0x00000014   Data   RW            4    .data               system_stm32f10x.o
    0x20000014   0x08002908   0x00000010   Data   RW           78    .data               main.o
    0x20000024   0x08002918   0x00000014   Data   RW          228    .data               stm32f10x_rcc.o
    0x20000038   0x0800292c   0x00000030   Data   RW          315    .data               os_core.o
    0x20000068   0x0800295c   0x00000004   Data   RW          429    .data               mc_w.l(rand.o)
    0x2000006c        -       0x00000400   Zero   RW           77    .bss                main.o
    0x2000046c        -       0x00000be4   Zero   RW          313    .bss                os_core.o
    0x20001050        -       0x00000400   Zero   RW           67    STACK               startup_stm32f10x_md.o


==============================================================================

Image component sizes


      Code (inc. data)   RO Data    RW Data    ZI Data      Debug   Object Name

       376         98          0         16       1024      10866   main.o
      1820        160        256         48       3044      15553   os_core.o
       176         32          0          0          0        312   os_cpu_a.o
       170          0          0          0          0      11142   os_cpu_c.o
      2104         38          0          0          0       7112   os_flag.o
       508         12          0          0          0       3260   os_mem.o
       952         16          0          0          0       4030   os_sem.o
      1728         66          0          0          0       6134   os_task.o
       112         16          0          0          0        600   os_time.o
        36          8        236          0       1024        756   startup_stm32f10x_md.o
       108         54          0          0          0       1315   stm32f10x_it.o
       932         36          0         20          0       8744   stm32f10x_rcc.o
       480         38          0         20          0     216675   system_stm32f10x.o
       154          0          0          0          0        260   user_asm.o
       172          8          0          0          0      23135   user_c.o

    ----------------------------------------------------------------------
      9832        582        526        104       5092     309894   Object Totals
         0          0         32          0          0          0   (incl. Generated)
         4          0          2          0          0          0   (incl. Padding)

    ----------------------------------------------------------------------

      Code (inc. data)   RO Data    RW Data    ZI Data      Debug   Library Member Name

         0          0          0          0          0          0   entry.o
         0          0          0          0          0          0   entry10a.o
         0          0          0          0          0          0   entry11a.o
         4          0          0          0          0          0   entry12b.o
         8          4          0          0          0          0   entry2.o
         4          0          0          0          0          0   entry5.o
         0          0          0          0          0          0   entry7b.o
         0          0          0          0          0          0   entry8b.o
         8          4          0          0          0          0   entry9a.o
        30          0          0          0          0          0   handlers.o
        36          8          0          0          0         68   init.o
        36         10          0          4          0        136   rand.o

    ----------------------------------------------------------------------
       126         26          0          4          0        204   Library Totals
         0          0          0          0          0          0   (incl. Padding)

    ----------------------------------------------------------------------

      Code (inc. data)   RO Data    RW Data    ZI Data      Debug   Library Name

       126         26          0          4          0        204   mc_w.l

    ----------------------------------------------------------------------
       126         26          0          4          0        204   Library Totals

    ----------------------------------------------------------------------

==============================================================================


      Code (inc. data)   RO Data    RW Data    ZI Data      Debug   

      9958        608        526        108       5092     309314   Grand Totals
      9958        608        526        108       5092     309314   ELF Image Totals
      9958        608        526        108          0          0   ROM Totals

==============================================================================

    Total RO  Size (Code + RO Data)                10484 (  10.24kB)
    Total RW  Size (RW Data + ZI Data)              5200 (   5.08kB)
    Total ROM Size (Code + RO Data + RW Data)      10592 (  10.34kB)

==============================================================================

